Archive member included to satisfy reference by file (symbol)

C:/nxp/MCUXpressoIDE_25.6.136/ide/plugins/com.nxp.mcuxpresso.tools.win32_25.6.0.202501151204/tools/bin/../lib/gcc/arm-none-eabi/14.2.1/thumb/v6-m/nofp\libc.a(libc_a-malloc.o)
                              ./Firmware/cr_cpp_config.o (malloc)
C:/nxp/MCUXpressoIDE_25.6.136/ide/plugins/com.nxp.mcuxpresso.tools.win32_25.6.0.202501151204/tools/bin/../lib/gcc/arm-none-eabi/14.2.1/thumb/v6-m/nofp\libc.a(libc_a-mallocr.o)
                              C:/nxp/MCUXpressoIDE_25.6.136/ide/plugins/com.nxp.mcuxpresso.tools.win32_25.6.0.202501151204/tools/bin/../lib/gcc/arm-none-eabi/14.2.1/thumb/v6-m/nofp\libc.a(libc_a-malloc.o) (_malloc_r)
C:/nxp/MCUXpressoIDE_25.6.136/ide/plugins/com.nxp.mcuxpresso.tools.win32_25.6.0.202501151204/tools/bin/../lib/gcc/arm-none-eabi/14.2.1/thumb/v6-m/nofp\libc.a(libc_a-mlock.o)
                              C:/nxp/MCUXpressoIDE_25.6.136/ide/plugins/com.nxp.mcuxpresso.tools.win32_25.6.0.202501151204/tools/bin/../lib/gcc/arm-none-eabi/14.2.1/thumb/v6-m/nofp\libc.a(libc_a-mallocr.o) (__malloc_lock)
C:/nxp/MCUXpressoIDE_25.6.136/ide/plugins/com.nxp.mcuxpresso.tools.win32_25.6.0.202501151204/tools/bin/../lib/gcc/arm-none-eabi/14.2.1/thumb/v6-m/nofp\libc.a(libc_a-impure.o)
                              C:/nxp/MCUXpressoIDE_25.6.136/ide/plugins/com.nxp.mcuxpresso.tools.win32_25.6.0.202501151204/tools/bin/../lib/gcc/arm-none-eabi/14.2.1/thumb/v6-m/nofp\libc.a(libc_a-malloc.o) (_impure_ptr)
C:/nxp/MCUXpressoIDE_25.6.136/ide/plugins/com.nxp.mcuxpresso.tools.win32_25.6.0.202501151204/tools/bin/../lib/gcc/arm-none-eabi/14.2.1/thumb/v6-m/nofp\libc.a(libc_a-sbrkr.o)
                              C:/nxp/MCUXpressoIDE_25.6.136/ide/plugins/com.nxp.mcuxpresso.tools.win32_25.6.0.202501151204/tools/bin/../lib/gcc/arm-none-eabi/14.2.1/thumb/v6-m/nofp\libc.a(libc_a-mallocr.o) (_sbrk_r)
C:/nxp/MCUXpressoIDE_25.6.136/ide/plugins/com.nxp.mcuxpresso.tools.win32_25.6.0.202501151204/tools/bin/../lib/gcc/arm-none-eabi/14.2.1/thumb/v6-m/nofp\libc.a(libc_a-init.o)
                              ./Firmware/cr_startup_lpc84x.o (__libc_init_array)
C:/nxp/MCUXpressoIDE_25.6.136/ide/plugins/com.nxp.mcuxpresso.tools.win32_25.6.0.202501151204/tools/bin/../lib/gcc/arm-none-eabi/14.2.1/thumb/v6-m/nofp\libc.a(libc_a-lock.o)
                              C:/nxp/MCUXpressoIDE_25.6.136/ide/plugins/com.nxp.mcuxpresso.tools.win32_25.6.0.202501151204/tools/bin/../lib/gcc/arm-none-eabi/14.2.1/thumb/v6-m/nofp\libc.a(libc_a-mlock.o) (__retarget_lock_acquire_recursive)
C:/nxp/MCUXpressoIDE_25.6.136/ide/plugins/com.nxp.mcuxpresso.tools.win32_25.6.0.202501151204/tools/bin/../lib/gcc/arm-none-eabi/14.2.1/thumb/v6-m/nofp\libc.a(libc_a-sysconf.o)
                              C:/nxp/MCUXpressoIDE_25.6.136/ide/plugins/com.nxp.mcuxpresso.tools.win32_25.6.0.202501151204/tools/bin/../lib/gcc/arm-none-eabi/14.2.1/thumb/v6-m/nofp\libc.a(libc_a-mallocr.o) (sysconf)
C:/nxp/MCUXpressoIDE_25.6.136/ide/plugins/com.nxp.mcuxpresso.tools.win32_25.6.0.202501151204/tools/bin/../lib/gcc/arm-none-eabi/14.2.1/thumb/v6-m/nofp\libc.a(libc_a-freer.o)
                              C:/nxp/MCUXpressoIDE_25.6.136/ide/plugins/com.nxp.mcuxpresso.tools.win32_25.6.0.202501151204/tools/bin/../lib/gcc/arm-none-eabi/14.2.1/thumb/v6-m/nofp\libc.a(libc_a-malloc.o) (_free_r)
C:/nxp/MCUXpressoIDE_25.6.136/ide/plugins/com.nxp.mcuxpresso.tools.win32_25.6.0.202501151204/tools/bin/../lib/gcc/arm-none-eabi/14.2.1/thumb/v6-m/nofp\libc.a(libc_a-findfp.o)
                              C:/nxp/MCUXpressoIDE_25.6.136/ide/plugins/com.nxp.mcuxpresso.tools.win32_25.6.0.202501151204/tools/bin/../lib/gcc/arm-none-eabi/14.2.1/thumb/v6-m/nofp\libc.a(libc_a-impure.o) (__sf)
C:/nxp/MCUXpressoIDE_25.6.136/ide/plugins/com.nxp.mcuxpresso.tools.win32_25.6.0.202501151204/tools/bin/../lib/gcc/arm-none-eabi/14.2.1/thumb/v6-m/nofp\libc.a(libc_a-fwalk.o)
                              C:/nxp/MCUXpressoIDE_25.6.136/ide/plugins/com.nxp.mcuxpresso.tools.win32_25.6.0.202501151204/tools/bin/../lib/gcc/arm-none-eabi/14.2.1/thumb/v6-m/nofp\libc.a(libc_a-findfp.o) (_fwalk_sglue)
C:/nxp/MCUXpressoIDE_25.6.136/ide/plugins/com.nxp.mcuxpresso.tools.win32_25.6.0.202501151204/tools/bin/../lib/gcc/arm-none-eabi/14.2.1/thumb/v6-m/nofp\libc.a(libc_a-stdio.o)
                              C:/nxp/MCUXpressoIDE_25.6.136/ide/plugins/com.nxp.mcuxpresso.tools.win32_25.6.0.202501151204/tools/bin/../lib/gcc/arm-none-eabi/14.2.1/thumb/v6-m/nofp\libc.a(libc_a-findfp.o) (__sread)
C:/nxp/MCUXpressoIDE_25.6.136/ide/plugins/com.nxp.mcuxpresso.tools.win32_25.6.0.202501151204/tools/bin/../lib/gcc/arm-none-eabi/14.2.1/thumb/v6-m/nofp\libc.a(libc_a-memset.o)
                              C:/nxp/MCUXpressoIDE_25.6.136/ide/plugins/com.nxp.mcuxpresso.tools.win32_25.6.0.202501151204/tools/bin/../lib/gcc/arm-none-eabi/14.2.1/thumb/v6-m/nofp\libc.a(libc_a-findfp.o) (memset)
[...]
Memory Configuration

Name             Origin             Length             Attributes
MFlash64         0x00000000         0x00010000         xr
RamLoc16         0x10000000         0x00004000         xrw
*default*        0x00000000         0xffffffff

Linker script and memory map

LOAD ./Firmware/Init.o
LOAD ./Firmware/Systick.o
LOAD ./Firmware/cr_cpp_config.o
LOAD ./Firmware/cr_startup_lpc84x.o
LOAD ./Drivers/Cronometro.o
LOAD ./Drivers/DigitalInput.o
LOAD ./Drivers/PerifericoTemporizado.o
LOAD ./Drivers/PintInt.o
LOAD ./Drivers/Timer.o
LOAD ./Drivers/gpio.o
LOAD ./Aplicacion/Ejercicio1.o
LOAD ./Aplicacion/Ejercicio2.o
LOAD ./Aplicacion/Ejercicio3.o
START GROUP
LOAD C:/nxp/MCUXpressoIDE_25.6.136/ide/plugins/com.nxp.mcuxpresso.tools.win32_25.6.0.202501151204/tools/bin/../lib/gcc/arm-none-eabi/14.2.1/thumb/v6-m/nofp\libgcc.a
LOAD C:/nxp/MCUXpressoIDE_25.6.136/ide/plugins/com.nxp.mcuxpresso.tools.win32_25.6.0.202501151204/tools/bin/../lib/gcc/arm-none-eabi/14.2.1/thumb/v6-m/nofp\libc.a
LOAD C:/nxp/MCUXpressoIDE_25.6.136/ide/plugins/com.nxp.mcuxpresso.tools.win32_25.6.0.202501151204/tools/bin/../lib/gcc/arm-none-eabi/14.2.1/thumb/v6-m/nofp\libstdc++.a
LOAD C:/nxp/MCUXpressoIDE_25.6.136/ide/plugins/com.nxp.mcuxpresso.tools.win32_25.6.0.202501151204/tools/bin/../lib/gcc/arm-none-eabi/14.2.1/thumb/v6-m/nofp\libm.a
LOAD C:/nxp/MCUXpressoIDE_25.6.136/ide/plugins/com.nxp.mcuxpresso.tools.win32_25.6.0.202501151204/tools/bin/../lib/gcc/arm-none-eabi/14.2.1/../../../../arm-none-eabi/lib/thumb/v6-m/nofp\libcr_newlib_nohost.a
LOAD C:/nxp/MCUXpressoIDE_25.6.136/ide/plugins/com.nxp.mcuxpresso.tools.win32_25.6.0.202501151204/tools/bin/../lib/gcc/arm-none-eabi/14.2.1/thumb/v6-m/nofp\crti.o
LOAD C:/nxp/MCUXpressoIDE_25.6.136/ide/plugins/com.nxp.mcuxpresso.tools.win32_25.6.0.202501151204/tools/bin/../lib/gcc/arm-none-eabi/14.2.1/thumb/v6-m/nofp\crtn.o
LOAD C:/nxp/MCUXpressoIDE_25.6.136/ide/plugins/com.nxp.mcuxpresso.tools.win32_25.6.0.202501151204/tools/bin/../lib/gcc/arm-none-eabi/14.2.1/thumb/v6-m/nofp\crtbegin.o
LOAD C:/nxp/MCUXpressoIDE_25.6.136/ide/plugins/com.nxp.mcuxpresso.tools.win32_25.6.0.202501151204/tools/bin/../lib/gcc/arm-none-eabi/14.2.1/thumb/v6-m/nofp\crtend.o
END GROUP
                0x00000000                        __base_MFlash64 = 0x0
                0x00000000                        __base_Flash = 0x0
                0x00010000                        __top_MFlash64 = 0x10000
                0x00010000                        __top_Flash = 0x10000
                0x10000000                        __base_RamLoc16 = 0x10000000
                0x10000000                        __base_RAM = 0x10000000
                0x10004000                        __top_RamLoc16 = 0x10004000
                0x10004000                        __top_RAM = 0x10004000

.text           0x00000000     0x1a70
 FILL mask 0xff
                0x00000000                        __vectors_start__ = ABSOLUTE (.)
 *(.isr_vector)
 .isr_vector    0x00000000       0xc0 ./Firmware/cr_startup_lpc84x.o
                0x00000000                g_pfnVectors
                0x000000c0                        . = ALIGN (0x4)
                0x000000c0                        __section_table_start = .
                0x000000c0                        __data_section_table = .
                0x000000c0        0x4 LONG 0x1a70 LOADADDR (.data)
                0x000000c4        0x4 LONG 0x10000000 ADDR (.data)
                0x000000c8        0x4 LONG 0x56c SIZEOF (.data)
                0x000000cc                        __data_section_table_end = .
                0x000000cc                        __bss_section_table = .
                0x000000cc        0x4 LONG 0x1000056c ADDR (.bss)
                0x000000d0        0x4 LONG 0x204 SIZEOF (.bss)
                0x000000d4                        __bss_section_table_end = .
                0x000000d4                        __section_table_end = .
 *(.after_vectors*)
 .after_vectors
                0x000000d4      0x128 ./Firmware/cr_startup_lpc84x.o
                0x000000d4                data_init(unsigned int, unsigned int, unsigned int)
                0x00000116                bss_init(unsigned int, unsigned int)
                0x0000014c                ResetISR
                0x000001cc                NMI_Handler
                0x000001d4                HardFault_Handler
                0x000001dc                SVC_Handler
                0x000001e4                PendSV_Handler
                0x000001f4                UART1_IRQHandler
                0x000001f4                I2C1_IRQHandler
                0x000001f4                MRT_IRQHandler
                0x000001f4                UART0_IRQHandler
                0x000001f4                SPI1_IRQHandler
                0x000001f4                IntDefaultHandler
                0x000001f4                ADC_OVR_IRQHandler
                0x000001f4                ADC_SEQB_IRQHandler
                0x000001f4                UART2_IRQHandler
                0x000001f4                CMP_IRQHandler
                0x000001f4                ADC_THCMP_IRQHandler
                0x000001f4                BOD_IRQHandler
                0x000001f4                I2C3_IRQHandler
                0x000001f4                SCT_IRQHandler
                0x000001f4                I2C0_IRQHandler
                0x000001f4                WDT_IRQHandler
                0x000001f4                WKT_IRQHandler
                0x000001f4                ADC_SEQA_IRQHandler
                0x000001f4                FAIM_IRQHandler
                0x000001f4                DAC0_IRQHandler
                0x000001f4                SPI0_IRQHandler
                0x000001f4                I2C2_IRQHandler
                0x000001f4                DMA_IRQHandler
                0x000001f4                FLASH_IRQHandler
                0x000001f4                CTIMER0_IRQHandler
 *(.text*)
 .text._Z11Inicializarv
                0x000001fc       0x8c ./Firmware/Init.o
                0x000001fc                Inicializar()
 .text._Z11InitSystickv
                0x00000288       0x34 ./Firmware/Systick.o
                0x00000288                InitSystick()
 .text.SysTick_Handler
                0x000002bc       0x50 ./Firmware/Systick.o
                0x000002bc                SysTick_Handler
 .text._Znaj    0x0000030c       0x1a ./Firmware/cr_cpp_config.o
                0x0000030c                operator new[](unsigned int)
 .text._ZdaPv   0x00000326       0x18 ./Firmware/cr_cpp_config.o
                0x00000326                operator delete[](void*)
 .text.__aeabi_atexit
                0x0000033e       0x16 ./Firmware/cr_cpp_config.o
                0x0000033e                __aeabi_atexit
 .text._ZN21PerifericoTemporizadoC2Ev
                0x00000354       0xa8 ./Drivers/PerifericoTemporizado.o
                0x00000354                PerifericoTemporizado::PerifericoTemporizado()
                0x00000354                PerifericoTemporizado::PerifericoTemporizado()
 .text._ZN21PerifericoTemporizadoD2Ev
                0x000003fc       0xfc ./Drivers/PerifericoTemporizado.o
                0x000003fc                PerifericoTemporizado::~PerifericoTemporizado()
                0x000003fc                PerifericoTemporizado::~PerifericoTemporizado()
 .text._ZN6PinIntC2EhhhPFvvE
                0x000004f8       0x98 ./Drivers/PintInt.o
                0x000004f8                PinInt::PinInt(unsigned char, unsigned char, unsigned char, void (*)())
                0x000004f8                PinInt::PinInt(unsigned char, unsigned char, unsigned char, void (*)())
 .text._ZN6PinIntD2Ev
                0x00000590       0x3c ./Drivers/PintInt.o
                0x00000590                PinInt::~PinInt()
                0x00000590                PinInt::~PinInt()
 .text._ZN6PinInt12configIntExtEv
                0x000005cc      0x148 ./Drivers/PintInt.o
                0x000005cc                PinInt::configIntExt()
 .text.PININT0_IRQHandler
                0x00000714       0x30 ./Drivers/PintInt.o
                0x00000714                PININT0_IRQHandler
 .text.PININT1_IRQHandler
                0x00000744       0x30 ./Drivers/PintInt.o
                0x00000744                PININT1_IRQHandler
 .text.PININT2_IRQHandler
                0x00000774       0x30 ./Drivers/PintInt.o
                0x00000774                PININT2_IRQHandler
 .text.PININT3_IRQHandler
                0x000007a4       0x30 ./Drivers/PintInt.o
                0x000007a4                PININT3_IRQHandler
 .text.PININT4_IRQHandler
                0x000007d4       0x30 ./Drivers/PintInt.o
                0x000007d4                PININT4_IRQHandler
 .text.PININT5_IRQHandler
                0x00000804       0x30 ./Drivers/PintInt.o
                0x00000804                PININT5_IRQHandler
 .text.PININT6_IRQHandler
                0x00000834       0x30 ./Drivers/PintInt.o
                0x00000834                PININT6_IRQHandler
 .text.PININT7_IRQHandler
                0x00000864       0x30 ./Drivers/PintInt.o
                0x00000864                PININT7_IRQHandler
 .text._ZN5TimerC2EjPFvvEb
                0x00000894       0x44 ./Drivers/Timer.o
                0x00000894                Timer::Timer(unsigned int, void (*)(), bool)
                0x00000894                Timer::Timer(unsigned int, void (*)(), bool)
 .text._ZN5TimerD2Ev
                0x000008d8       0x24 ./Drivers/Timer.o
                0x000008d8                Timer::~Timer()
                0x000008d8                Timer::~Timer()
 .text._ZN5Timer5startEv
                0x000008fc       0x28 ./Drivers/Timer.o
                0x000008fc                Timer::start()
 .text._ZN5Timer7handlerEv
                0x00000924       0x40 ./Drivers/Timer.o
                0x00000924                Timer::handler()
 .text._ZN5Timer7setTimeEj
                0x00000964       0x18 ./Drivers/Timer.o
                0x00000964                Timer::setTime(unsigned int)
 .text._ZN4gpioC2Ehhhh
                0x0000097c       0xb0 ./Drivers/gpio.o
                0x0000097c                gpio::gpio(unsigned char, unsigned char, unsigned char, unsigned char)
                0x0000097c                gpio::gpio(unsigned char, unsigned char, unsigned char, unsigned char)
 .text._ZN4gpio6setPINEh
                0x00000a2c       0x9a ./Drivers/gpio.o
                0x00000a2c                gpio::setPIN(unsigned char)
 .text._ZN4gpio9togglePINEv
                0x00000ac6       0x50 ./Drivers/gpio.o
                0x00000ac6                gpio::togglePIN()
 *fill*         0x00000b16        0x2 ff
 .text._ZN4gpio10setModeOUTEh
                0x00000b18       0xa4 ./Drivers/gpio.o
                0x00000b18                gpio::setModeOUT(unsigned char)
 .text._ZN4gpio9setModeINEh
                0x00000bbc       0x6c ./Drivers/gpio.o
                0x00000bbc                gpio::setModeIN(unsigned char)
 .text._ZN4gpio6setDIREh
                0x00000c28       0x9a ./Drivers/gpio.o
                0x00000c28                gpio::setDIR(unsigned char)
 .text._ZN4gpio6clrPINEv
                0x00000cc2       0x2e ./Drivers/gpio.o
                0x00000cc2                gpio::clrPIN()
 .text.main     0x00000cf0       0x9c ./Aplicacion/Ejercicio3.o
                0x00000cf0                main
 .text._Z11btn_handlerv
                0x00000d8c       0x3c ./Aplicacion/Ejercicio3.o
                0x00000d8c                btn_handler()
 .text._Z11frecuenciasv
                0x00000dc8       0x30 ./Aplicacion/Ejercicio3.o
                0x00000dc8                frecuencias()
 .text._Z8contadorv
                0x00000df8       0x14 ./Aplicacion/Ejercicio3.o
                0x00000df8                contador()
 .text._Z41__static_initialization_and_destruction_0v
                0x00000e0c       0xc0 ./Aplicacion/Ejercicio3.o
 .text._GLOBAL__sub_I_btnUSR
                0x00000ecc        0xc ./Aplicacion/Ejercicio3.o
 .text.malloc   0x00000ed8       0x14 C:/nxp/MCUXpressoIDE_25.6.136/ide/plugins/com.nxp.mcuxpresso.tools.win32_25.6.0.202501151204/tools/bin/../lib/gcc/arm-none-eabi/14.2.1/thumb/v6-m/nofp\libc.a(libc_a-malloc.o)
                0x00000ed8                malloc
 .text.free     0x00000eec       0x14 C:/nxp/MCUXpressoIDE_25.6.136/ide/plugins/com.nxp.mcuxpresso.tools.win32_25.6.0.202501151204/tools/bin/../lib/gcc/arm-none-eabi/14.2.1/thumb/v6-m/nofp\libc.a(libc_a-malloc.o)
                0x00000eec                free
 .text._malloc_r
                0x00000f00      0x5cc C:/nxp/MCUXpressoIDE_25.6.136/ide/plugins/com.nxp.mcuxpresso.tools.win32_25.6.0.202501151204/tools/bin/../lib/gcc/arm-none-eabi/14.2.1/thumb/v6-m/nofp\libc.a(libc_a-mallocr.o)
                0x00000f00                _malloc_r
 .text.__malloc_lock
                0x000014cc       0x10 C:/nxp/MCUXpressoIDE_25.6.136/ide/plugins/com.nxp.mcuxpresso.tools.win32_25.6.0.202501151204/tools/bin/../lib/gcc/arm-none-eabi/14.2.1/thumb/v6-m/nofp\libc.a(libc_a-mlock.o)
                0x000014cc                __malloc_lock
 .text.__malloc_unlock
                0x000014dc       0x10 C:/nxp/MCUXpressoIDE_25.6.136/ide/plugins/com.nxp.mcuxpresso.tools.win32_25.6.0.202501151204/tools/bin/../lib/gcc/arm-none-eabi/14.2.1/thumb/v6-m/nofp\libc.a(libc_a-mlock.o)
                0x000014dc                __malloc_unlock
 .text._sbrk_r  0x000014ec       0x24 C:/nxp/MCUXpressoIDE_25.6.136/ide/plugins/com.nxp.mcuxpresso.tools.win32_25.6.0.202501151204/tools/bin/../lib/gcc/arm-none-eabi/14.2.1/thumb/v6-m/nofp\libc.a(libc_a-sbrkr.o)
                0x000014ec                _sbrk_r
 .text.__libc_init_array
                0x00001510       0x48 C:/nxp/MCUXpressoIDE_25.6.136/ide/plugins/com.nxp.mcuxpresso.tools.win32_25.6.0.202501151204/tools/bin/../lib/gcc/arm-none-eabi/14.2.1/thumb/v6-m/nofp\libc.a(libc_a-init.o)
                0x00001510                __libc_init_array
 .text.__retarget_lock_acquire_recursive
                0x00001558        0x4 C:/nxp/MCUXpressoIDE_25.6.136/ide/plugins/com.nxp.mcuxpresso.tools.win32_25.6.0.202501151204/tools/bin/../lib/gcc/arm-none-eabi/14.2.1/thumb/v6-m/nofp\libc.a(libc_a-lock.o)
                0x00001558                __retarget_lock_acquire_recursive
 .text.__retarget_lock_release_recursive
                0x0000155c        0x4 C:/nxp/MCUXpressoIDE_25.6.136/ide/plugins/com.nxp.mcuxpresso.tools.win32_25.6.0.202501151204/tools/bin/../lib/gcc/arm-none-eabi/14.2.1/thumb/v6-m/nofp\libc.a(libc_a-lock.o)
                0x0000155c                __retarget_lock_release_recursive
 .text.sysconf  0x00001560       0x1c C:/nxp/MCUXpressoIDE_25.6.136/ide/plugins/com.nxp.mcuxpresso.tools.win32_25.6.0.202501151204/tools/bin/../lib/gcc/arm-none-eabi/14.2.1/thumb/v6-m/nofp\libc.a(libc_a-sysconf.o)
                0x00001560                sysconf
 .text._malloc_trim_r
                0x0000157c       0xb4 C:/nxp/MCUXpressoIDE_25.6.136/ide/plugins/com.nxp.mcuxpresso.tools.win32_25.6.0.202501151204/tools/bin/../lib/gcc/arm-none-eabi/14.2.1/thumb/v6-m/nofp\libc.a(libc_a-freer.o)
                0x0000157c                _malloc_trim_r
 .text._free_r  0x00001630      0x1f0 C:/nxp/MCUXpressoIDE_25.6.136/ide/plugins/com.nxp.mcuxpresso.tools.win32_25.6.0.202501151204/tools/bin/../lib/gcc/arm-none-eabi/14.2.1/thumb/v6-m/nofp\libc.a(libc_a-freer.o)
                0x00001630                _free_r
 .text.__errno  0x00001820        0xc C:/nxp/MCUXpressoIDE_25.6.136/ide/plugins/com.nxp.mcuxpresso.tools.win32_25.6.0.202501151204/tools/bin/../lib/gcc/arm-none-eabi/14.2.1/thumb/v6-m/nofp\libc.a(libc_a-errno.o)
                0x00001820                __errno
 .text._sbrk    0x0000182c       0x40 C:/nxp/MCUXpressoIDE_25.6.136/ide/plugins/com.nxp.mcuxpresso.tools.win32_25.6.0.202501151204/tools/bin/../lib/gcc/arm-none-eabi/14.2.1/../../../../arm-none-eabi/lib/thumb/v6-m/nofp\libcr_newlib_nohost.a(_cr_sbrk.o)
                0x0000182c                _sbrk
 .text.__check_heap_overflow
                0x0000186c       0x18 C:/nxp/MCUXpressoIDE_25.6.136/ide/plugins/com.nxp.mcuxpresso.tools.win32_25.6.0.202501151204/tools/bin/../lib/gcc/arm-none-eabi/14.2.1/../../../../arm-none-eabi/lib/thumb/v6-m/nofp\libcr_newlib_nohost.a(_cr_check_heap.o)
                0x0000186c                __check_heap_overflow
 .text.register_tm_clones
                0x00001884       0x28 C:/nxp/MCUXpressoIDE_25.6.136/ide/plugins/com.nxp.mcuxpresso.tools.win32_25.6.0.202501151204/tools/bin/../lib/gcc/arm-none-eabi/14.2.1/thumb/v6-m/nofp\crtbegin.o
 .text.frame_dummy
                0x000018ac       0x24 C:/nxp/MCUXpressoIDE_25.6.136/ide/plugins/com.nxp.mcuxpresso.tools.win32_25.6.0.202501151204/tools/bin/../lib/gcc/arm-none-eabi/14.2.1/thumb/v6-m/nofp\crtbegin.o
 .text          0x000018d0      0x114 C:/nxp/MCUXpressoIDE_25.6.136/ide/plugins/com.nxp.mcuxpresso.tools.win32_25.6.0.202501151204/tools/bin/../lib/gcc/arm-none-eabi/14.2.1/thumb/v6-m/nofp\libgcc.a(_udivsi3.o)
                0x000018d0                __aeabi_uidiv
                0x000018d0                __udivsi3
                0x000019dc                __aeabi_uidivmod
 .text          0x000019e4        0x4 C:/nxp/MCUXpressoIDE_25.6.136/ide/plugins/com.nxp.mcuxpresso.tools.win32_25.6.0.202501151204/tools/bin/../lib/gcc/arm-none-eabi/14.2.1/thumb/v6-m/nofp\libgcc.a(_dvmd_tls.o)
                0x000019e4                __aeabi_idiv0
                0x000019e4                __aeabi_ldiv0
 *(.rodata .rodata.* .constdata .constdata.*)
 .rodata._ZTV21PerifericoTemporizado
                0x000019e8        0xc ./Drivers/PerifericoTemporizado.o
                0x000019e8                vtable for PerifericoTemporizado
 .rodata._ZTV5Timer
                0x000019f4        0xc ./Drivers/Timer.o
                0x000019f4                vtable for Timer
 .rodata._ZN4gpio11iocon_indexE
                0x00001a00       0x40 ./Drivers/gpio.o
                0x00001a00                gpio::iocon_index
 .rodata        0x00001a40       0x10 ./Aplicacion/Ejercicio3.o
                0x00001a50                        . = ALIGN (0x4)
                0x00001a50                        . = ALIGN (0x4)
 *(.init)
 .init          0x00001a50        0x4 C:/nxp/MCUXpressoIDE_25.6.136/ide/plugins/com.nxp.mcuxpresso.tools.win32_25.6.0.202501151204/tools/bin/../lib/gcc/arm-none-eabi/14.2.1/thumb/v6-m/nofp\crti.o
                0x00001a50                _init
 .init          0x00001a54        0x8 C:/nxp/MCUXpressoIDE_25.6.136/ide/plugins/com.nxp.mcuxpresso.tools.win32_25.6.0.202501151204/tools/bin/../lib/gcc/arm-none-eabi/14.2.1/thumb/v6-m/nofp\crtn.o
                0x00001a5c                        . = ALIGN (0x4)
                0x00001a5c                        __preinit_array_start = .
 *(.preinit_array)
                0x00001a5c                        __preinit_array_end = .
                0x00001a5c                        . = ALIGN (0x4)
                0x00001a5c                        __init_array_start = .
 *(SORT_BY_NAME(.init_array.*))
 *(.init_array)
 .init_array    0x00001a5c        0x4 ./Aplicacion/Ejercicio3.o
 .init_array    0x00001a60        0x4 C:/nxp/MCUXpressoIDE_25.6.136/ide/plugins/com.nxp.mcuxpresso.tools.win32_25.6.0.202501151204/tools/bin/../lib/gcc/arm-none-eabi/14.2.1/thumb/v6-m/nofp\crtbegin.o
                0x00001a64                        __init_array_end = .
 *(.fini)
 .fini          0x00001a64        0x4 C:/nxp/MCUXpressoIDE_25.6.136/ide/plugins/com.nxp.mcuxpresso.tools.win32_25.6.0.202501151204/tools/bin/../lib/gcc/arm-none-eabi/14.2.1/thumb/v6-m/nofp\crti.o
                0x00001a64                _fini
 .fini          0x00001a68        0x8 C:/nxp/MCUXpressoIDE_25.6.136/ide/plugins/com.nxp.mcuxpresso.tools.win32_25.6.0.202501151204/tools/bin/../lib/gcc/arm-none-eabi/14.2.1/thumb/v6-m/nofp\crtn.o
                0x00001a70                        . = ALIGN (0x4)
 *crtbegin.o(.ctors)
 *(EXCLUDE_FILE(*crtend.o) .ctors)
 *(SORT_BY_NAME(.ctors.*))
 *crtend.o(.ctors)
                0x00001a70                        . = ALIGN (0x4)
 *crtbegin.o(.dtors)
 *(EXCLUDE_FILE(*crtend.o) .dtors)
 *(SORT_BY_NAME(.dtors.*))
 *crtend.o(.dtors)
                0x00001a70                        . = ALIGN (0x4)

.glue_7         0x00001a70        0x0
 .glue_7        0x00001a70        0x0 linker stubs

.glue_7t        0x00001a70        0x0
 .glue_7t       0x00001a70        0x0 linker stubs

.vfp11_veneer   0x00001a70        0x0
 .vfp11_veneer  0x00001a70        0x0 linker stubs

.v4_bx          0x00001a70        0x0
 .v4_bx         0x00001a70        0x0 linker stubs

.iplt           0x00001a70        0x0
 .iplt          0x00001a70        0x0 ./Firmware/Init.o

.rel.dyn        0x00001a70        0x0
 .rel.iplt      0x00001a70        0x0 ./Firmware/Init.o

.eh_frame       0x00001a70        0x0
 .eh_frame      0x00001a70        0x0 C:/nxp/MCUXpressoIDE_25.6.136/ide/plugins/com.nxp.mcuxpresso.tools.win32_25.6.0.202501151204/tools/bin/../lib/gcc/arm-none-eabi/14.2.1/thumb/v6-m/nofp\crtbegin.o

.ARM.extab
 *(.ARM.extab* .gnu.linkonce.armextab.*)

.ARM.exidx      0x00001a70        0x0
                0x00001a70                        __exidx_start = .
 *(.ARM.exidx* .gnu.linkonce.armexidx.*)
                0x00001a70                        __exidx_end = .
                0x00001a70                        _etext = .

.mtb_buffer_default
 *(.mtb*)

.uninit_RESERVED
                0x10000000        0x0
                0x10000000                        _start_uninit_RESERVED = .
 *(.bss.$RESERVED*)
                0x10000000                        . = ALIGN (0x4)
                0x10000000                        _end_uninit_RESERVED = .

.data           0x10000000      0x56c load address 0x00001a70
 FILL mask 0xff
                0x10000000                        _data = .
                [!provide]                        PROVIDE (__start_data_RAM = .)
                [!provide]                        PROVIDE (__start_data_RamLoc16 = .)
 *(vtable)
 *(.ramfunc*)
 *(CodeQuickAccess)
 *(DataQuickAccess)
 *(RamFunction)
 *(.data*)
 .data.fro_set_frec
                0x10000000        0x4 ./Firmware/Init.o
                0x10000000                fro_set_frec
 .data.leds     0x10000004        0xc ./Aplicacion/Ejercicio3.o
                0x10000004                leds
 .data.__malloc_sbrk_base
                0x10000010        0x4 C:/nxp/MCUXpressoIDE_25.6.136/ide/plugins/com.nxp.mcuxpresso.tools.win32_25.6.0.202501151204/tools/bin/../lib/gcc/arm-none-eabi/14.2.1/thumb/v6-m/nofp\libc.a(libc_a-mallocr.o)
                0x10000010                __malloc_sbrk_base
 .data.__malloc_trim_threshold
                0x10000014        0x4 C:/nxp/MCUXpressoIDE_25.6.136/ide/plugins/com.nxp.mcuxpresso.tools.win32_25.6.0.202501151204/tools/bin/../lib/gcc/arm-none-eabi/14.2.1/thumb/v6-m/nofp\libc.a(libc_a-mallocr.o)
                0x10000014                __malloc_trim_threshold
 .data.__malloc_av_
                0x10000018      0x408 C:/nxp/MCUXpressoIDE_25.6.136/ide/plugins/com.nxp.mcuxpresso.tools.win32_25.6.0.202501151204/tools/bin/../lib/gcc/arm-none-eabi/14.2.1/thumb/v6-m/nofp\libc.a(libc_a-mallocr.o)
                0x10000018                __malloc_av_
 .data._impure_ptr
                0x10000420        0x4 C:/nxp/MCUXpressoIDE_25.6.136/ide/plugins/com.nxp.mcuxpresso.tools.win32_25.6.0.202501151204/tools/bin/../lib/gcc/arm-none-eabi/14.2.1/thumb/v6-m/nofp\libc.a(libc_a-impure.o)
                0x10000420                _impure_ptr
 *fill*         0x10000424        0x4 ff
 .data._impure_data
                0x10000428      0x140 C:/nxp/MCUXpressoIDE_25.6.136/ide/plugins/com.nxp.mcuxpresso.tools.win32_25.6.0.202501151204/tools/bin/../lib/gcc/arm-none-eabi/14.2.1/thumb/v6-m/nofp\libc.a(libc_a-impure.o)
                0x10000428                _impure_data
 .data.__dso_handle
                0x10000568        0x4 C:/nxp/MCUXpressoIDE_25.6.136/ide/plugins/com.nxp.mcuxpresso.tools.win32_25.6.0.202501151204/tools/bin/../lib/gcc/arm-none-eabi/14.2.1/thumb/v6-m/nofp\crtbegin.o
                0x10000568                __dso_handle
                0x1000056c                        . = ALIGN (0x4)
                0x1000056c                        _edata = .
                [!provide]                        PROVIDE (__end_data_RAM = .)
                [!provide]                        PROVIDE (__end_data_RamLoc16 = .)

.igot.plt       0x1000056c        0x0 load address 0x00001fdc
 .igot.plt      0x1000056c        0x0 ./Firmware/Init.o

.tm_clone_table
                0x1000056c        0x0 load address 0x00001fdc
 .tm_clone_table
                0x1000056c        0x0 C:/nxp/MCUXpressoIDE_25.6.136/ide/plugins/com.nxp.mcuxpresso.tools.win32_25.6.0.202501151204/tools/bin/../lib/gcc/arm-none-eabi/14.2.1/thumb/v6-m/nofp\crtbegin.o
 .tm_clone_table
                0x1000056c        0x0 C:/nxp/MCUXpressoIDE_25.6.136/ide/plugins/com.nxp.mcuxpresso.tools.win32_25.6.0.202501151204/tools/bin/../lib/gcc/arm-none-eabi/14.2.1/thumb/v6-m/nofp\crtend.o

.bss            0x1000056c      0x204
                0x1000056c                        _bss = .
                [!provide]                        PROVIDE (__start_bss_RAM = .)
                [!provide]                        PROVIDE (__start_bss_RamLoc16 = .)
 *(.bss*)
 .bss._ZN21PerifericoTemporizado12cant_objetosE
                0x1000056c        0x1 ./Drivers/PerifericoTemporizado.o
                0x1000056c                PerifericoTemporizado::cant_objetos
 *fill*         0x1000056d        0x3 
 .bss.objetosTemp
                0x10000570        0x4 ./Drivers/PerifericoTemporizado.o
                0x10000570                objetosTemp
 .bss.intext    0x10000574       0x20 ./Drivers/PintInt.o
                0x10000574                intext
 .bss._ZN6PinInt11cant_pinIntE
                0x10000594        0x1 ./Drivers/PintInt.o
                0x10000594                PinInt::cant_pinInt
 *fill*         0x10000595        0x3 
 .bss.btnUSR    0x10000598        0x8 ./Aplicacion/Ejercicio3.o
                0x10000598                btnUSR
 .bss.ledR      0x100005a0        0x4 ./Aplicacion/Ejercicio3.o
                0x100005a0                ledR
 .bss.ledV      0x100005a4        0x4 ./Aplicacion/Ejercicio3.o
                0x100005a4                ledV
 .bss.ledA      0x100005a8        0x4 ./Aplicacion/Ejercicio3.o
                0x100005a8                ledA
 .bss.tiempo_transicion
                0x100005ac       0x14 ./Aplicacion/Ejercicio3.o
                0x100005ac                tiempo_transicion
 .bss.tiempo_frecuencia
                0x100005c0       0x14 ./Aplicacion/Ejercicio3.o
                0x100005c0                tiempo_frecuencia
 .bss.flag      0x100005d4        0x1 ./Aplicacion/Ejercicio3.o
                0x100005d4                flag
 *fill*         0x100005d5        0x3 
 .bss.cambio_Boton
                0x100005d8        0x4 ./Aplicacion/Ejercicio3.o
                0x100005d8                cambio_Boton
 .bss._ZZ4mainE1i
                0x100005dc        0x4 ./Aplicacion/Ejercicio3.o
 .bss.__malloc_current_mallinfo
                0x100005e0       0x28 C:/nxp/MCUXpressoIDE_25.6.136/ide/plugins/com.nxp.mcuxpresso.tools.win32_25.6.0.202501151204/tools/bin/../lib/gcc/arm-none-eabi/14.2.1/thumb/v6-m/nofp\libc.a(libc_a-mallocr.o)
                0x100005e0                __malloc_current_mallinfo
 .bss.__malloc_max_total_mem
                0x10000608        0x4 C:/nxp/MCUXpressoIDE_25.6.136/ide/plugins/com.nxp.mcuxpresso.tools.win32_25.6.0.202501151204/tools/bin/../lib/gcc/arm-none-eabi/14.2.1/thumb/v6-m/nofp\libc.a(libc_a-mallocr.o)
                0x10000608                __malloc_max_total_mem
 .bss.__malloc_max_sbrked_mem
                0x1000060c        0x4 C:/nxp/MCUXpressoIDE_25.6.136/ide/plugins/com.nxp.mcuxpresso.tools.win32_25.6.0.202501151204/tools/bin/../lib/gcc/arm-none-eabi/14.2.1/thumb/v6-m/nofp\libc.a(libc_a-mallocr.o)
                0x1000060c                __malloc_max_sbrked_mem
 .bss.__malloc_top_pad
                0x10000610        0x4 C:/nxp/MCUXpressoIDE_25.6.136/ide/plugins/com.nxp.mcuxpresso.tools.win32_25.6.0.202501151204/tools/bin/../lib/gcc/arm-none-eabi/14.2.1/thumb/v6-m/nofp\libc.a(libc_a-mallocr.o)
                0x10000610                __malloc_top_pad
 .bss.__lock___malloc_recursive_mutex
                0x10000614        0x1 C:/nxp/MCUXpressoIDE_25.6.136/ide/plugins/com.nxp.mcuxpresso.tools.win32_25.6.0.202501151204/tools/bin/../lib/gcc/arm-none-eabi/14.2.1/thumb/v6-m/nofp\libc.a(libc_a-lock.o)
                0x10000614                __lock___malloc_recursive_mutex
 *fill*         0x10000615        0x3 
 .bss.__sf      0x10000618      0x138 C:/nxp/MCUXpressoIDE_25.6.136/ide/plugins/com.nxp.mcuxpresso.tools.win32_25.6.0.202501151204/tools/bin/../lib/gcc/arm-none-eabi/14.2.1/thumb/v6-m/nofp\libc.a(libc_a-findfp.o)
                0x10000618                __sf
 .bss.errno     0x10000750        0x4 C:/nxp/MCUXpressoIDE_25.6.136/ide/plugins/com.nxp.mcuxpresso.tools.win32_25.6.0.202501151204/tools/bin/../lib/gcc/arm-none-eabi/14.2.1/thumb/v6-m/nofp\libc.a(libc_a-reent.o)
                0x10000750                errno
 .bss.__end_of_heap
                0x10000754        0x4 C:/nxp/MCUXpressoIDE_25.6.136/ide/plugins/com.nxp.mcuxpresso.tools.win32_25.6.0.202501151204/tools/bin/../lib/gcc/arm-none-eabi/14.2.1/../../../../arm-none-eabi/lib/thumb/v6-m/nofp\libcr_newlib_nohost.a(_cr_sbrk.o)
                0x10000754                __end_of_heap
 .bss.object.0  0x10000758       0x18 C:/nxp/MCUXpressoIDE_25.6.136/ide/plugins/com.nxp.mcuxpresso.tools.win32_25.6.0.202501151204/tools/bin/../lib/gcc/arm-none-eabi/14.2.1/thumb/v6-m/nofp\crtbegin.o
 *(COMMON)
                0x10000770                        . = ALIGN (0x4)
                0x10000770                        _ebss = .
                [!provide]                        PROVIDE (__end_bss_RAM = .)
                [!provide]                        PROVIDE (__end_bss_RamLoc16 = .)
                [!provide]                        PROVIDE (end = .)

.noinit         0x10000770        0x0
                0x10000770                        _noinit = .
                [!provide]                        PROVIDE (__start_noinit_RAM = .)
                [!provide]                        PROVIDE (__start_noinit_RamLoc16 = .)
 *(.noinit*)
                0x10000770                        . = ALIGN (0x4)
                0x10000770                        _end_noinit = .
                [!provide]                        PROVIDE (__end_noinit_RAM = .)
                [!provide]                        PROVIDE (__end_noinit_RamLoc16 = .)
                0x10000770                        PROVIDE (_pvHeapStart = DEFINED (__user_heap_base)?__user_heap_base:.)
                0x10004000                        PROVIDE (_vStackTop = DEFINED (__user_stack_top)?__user_stack_top:(__top_RamLoc16 - 0x0))
                0xefffbb11                        PROVIDE (__valid_user_code_checksum = (0x0 - (((_vStackTop + (ResetISR + 0x1)) + (DEFINED (NMI_Handler)?NMI_Handler:M0_NMI_Handler + 0x1)) + (DEFINED (HardFault_Handler)?HardFault_Handler:M0_HardFault_Handler + 0x1))))
                0x00000000                        _image_start = LOADADDR (.text)
                0x00001fdc                        _image_end = (LOADADDR (.data) + SIZEOF (.data))
                0x00001fdc                        _image_size = (_image_end - _image_start)
OUTPUT(PruebaPTs.axf elf32-littlearm)
LOAD linker stubs

.debug_info     0x00000000     0x2fe3
 .debug_info    0x00000000      0x552 ./Firmware/Init.o
 .debug_info    0x00000552      0x13d ./Firmware/Systick.o
 .debug_info    0x0000068f      0x9f7 ./Firmware/cr_cpp_config.o
 .debug_info    0x00001086      0x25c ./Firmware/cr_startup_lpc84x.o
 .debug_info    0x000012e2      0x30b ./Drivers/PerifericoTemporizado.o
 .debug_info    0x000015ed      0x403 ./Drivers/PintInt.o
 .debug_info    0x000019f0      0x442 ./Drivers/Timer.o
 .debug_info    0x00001e32      0x8d5 ./Drivers/gpio.o
 .debug_info    0x00002707      0x72d ./Aplicacion/Ejercicio3.o
 .debug_info    0x00002e34      0x13e C:/nxp/MCUXpressoIDE_25.6.136/ide/plugins/com.nxp.mcuxpresso.tools.win32_25.6.0.202501151204/tools/bin/../lib/gcc/arm-none-eabi/14.2.1/../../../../arm-none-eabi/lib/thumb/v6-m/nofp\libcr_newlib_nohost.a(_cr_sbrk.o)
 .debug_info    0x00002f72       0x71 C:/nxp/MCUXpressoIDE_25.6.136/ide/plugins/com.nxp.mcuxpresso.tools.win32_25.6.0.202501151204/tools/bin/../lib/gcc/arm-none-eabi/14.2.1/../../../../arm-none-eabi/lib/thumb/v6-m/nofp\libcr_newlib_nohost.a(_cr_check_heap.o)

.debug_abbrev   0x00000000     0x1322
 .debug_abbrev  0x00000000      0x10f ./Firmware/Init.o
 .debug_abbrev  0x0000010f      0x10a ./Firmware/Systick.o
 .debug_abbrev  0x00000219      0x26e ./Firmware/cr_cpp_config.o
 .debug_abbrev  0x00000487      0x13a ./Firmware/cr_startup_lpc84x.o
 .debug_abbrev  0x000005c1      0x1f6 ./Drivers/PerifericoTemporizado.o
 .debug_abbrev  0x000007b7      0x231 ./Drivers/PintInt.o
 .debug_abbrev  0x000009e8      0x237 ./Drivers/Timer.o
 .debug_abbrev  0x00000c1f      0x2d0 ./Drivers/gpio.o
 .debug_abbrev  0x00000eef      0x2be ./Aplicacion/Ejercicio3.o
 .debug_abbrev  0x000011ad      0x10a C:/nxp/MCUXpressoIDE_25.6.136/ide/plugins/com.nxp.mcuxpresso.tools.win32_25.6.0.202501151204/tools/bin/../lib/gcc/arm-none-eabi/14.2.1/../../../../arm-none-eabi/lib/thumb/v6-m/nofp\libcr_newlib_nohost.a(_cr_sbrk.o)
 .debug_abbrev  0x000012b7       0x6b C:/nxp/MCUXpressoIDE_25.6.136/ide/plugins/com.nxp.mcuxpresso.tools.win32_25.6.0.202501151204/tools/bin/../lib/gcc/arm-none-eabi/14.2.1/../../../../arm-none-eabi/lib/thumb/v6-m/nofp\libcr_newlib_nohost.a(_cr_check_heap.o)

.debug_aranges  0x00000000      0x2e0
 .debug_aranges
                0x00000000       0x20 ./Firmware/Init.o
 .debug_aranges
                0x00000020       0x28 ./Firmware/Systick.o
 .debug_aranges
                0x00000048       0x48 ./Firmware/cr_cpp_config.o
 .debug_aranges
                0x00000090       0x60 ./Firmware/cr_startup_lpc84x.o
 .debug_aranges
                0x000000f0       0x28 ./Drivers/PerifericoTemporizado.o
 .debug_aranges
                0x00000118       0x70 ./Drivers/PintInt.o
 .debug_aranges
                0x00000188       0x48 ./Drivers/Timer.o
 .debug_aranges
                0x000001d0       0x88 ./Drivers/gpio.o
 .debug_aranges
                0x00000258       0x48 ./Aplicacion/Ejercicio3.o
 .debug_aranges
                0x000002a0       0x20 C:/nxp/MCUXpressoIDE_25.6.136/ide/plugins/com.nxp.mcuxpresso.tools.win32_25.6.0.202501151204/tools/bin/../lib/gcc/arm-none-eabi/14.2.1/../../../../arm-none-eabi/lib/thumb/v6-m/nofp\libcr_newlib_nohost.a(_cr_sbrk.o)
 .debug_aranges
                0x000002c0       0x20 C:/nxp/MCUXpressoIDE_25.6.136/ide/plugins/com.nxp.mcuxpresso.tools.win32_25.6.0.202501151204/tools/bin/../lib/gcc/arm-none-eabi/14.2.1/../../../../arm-none-eabi/lib/thumb/v6-m/nofp\libcr_newlib_nohost.a(_cr_check_heap.o)

.debug_ranges   0x00000000      0x230
 .debug_ranges  0x00000000       0x10 ./Firmware/Init.o
 .debug_ranges  0x00000010       0x18 ./Firmware/Systick.o
 .debug_ranges  0x00000028       0x38 ./Firmware/cr_cpp_config.o
 .debug_ranges  0x00000060       0x50 ./Firmware/cr_startup_lpc84x.o
 .debug_ranges  0x000000b0       0x18 ./Drivers/PerifericoTemporizado.o
 .debug_ranges  0x000000c8       0x60 ./Drivers/PintInt.o
 .debug_ranges  0x00000128       0x38 ./Drivers/Timer.o
 .debug_ranges  0x00000160       0x78 ./Drivers/gpio.o
 .debug_ranges  0x000001d8       0x38 ./Aplicacion/Ejercicio3.o
 .debug_ranges  0x00000210       0x10 C:/nxp/MCUXpressoIDE_25.6.136/ide/plugins/com.nxp.mcuxpresso.tools.win32_25.6.0.202501151204/tools/bin/../lib/gcc/arm-none-eabi/14.2.1/../../../../arm-none-eabi/lib/thumb/v6-m/nofp\libcr_newlib_nohost.a(_cr_sbrk.o)
 .debug_ranges  0x00000220       0x10 C:/nxp/MCUXpressoIDE_25.6.136/ide/plugins/com.nxp.mcuxpresso.tools.win32_25.6.0.202501151204/tools/bin/../lib/gcc/arm-none-eabi/14.2.1/../../../../arm-none-eabi/lib/thumb/v6-m/nofp\libcr_newlib_nohost.a(_cr_check_heap.o)

.debug_macro    0x00000000     0x2440
 .debug_macro   0x00000000       0x3b ./Firmware/Init.o
 .debug_macro   0x0000003b      0xc16 ./Firmware/Init.o
 .debug_macro   0x00000c51      0x1a1 ./Firmware/Init.o
 .debug_macro   0x00000df2       0x10 ./Firmware/Init.o
 .debug_macro   0x00000e02       0x2e ./Firmware/Systick.o
 .debug_macro   0x00000e30      0x14d ./Firmware/cr_cpp_config.o
 .debug_macro   0x00000f7d      0x1f2 ./Firmware/cr_cpp_config.o
 .debug_macro   0x0000116f       0x10 ./Firmware/cr_cpp_config.o
 .debug_macro   0x0000117f       0xc1 ./Firmware/cr_cpp_config.o
 .debug_macro   0x00001240       0xed ./Firmware/cr_cpp_config.o
 .debug_macro   0x0000132d      0x44f ./Firmware/cr_cpp_config.o
 .debug_macro   0x0000177c       0x10 ./Firmware/cr_cpp_config.o
 .debug_macro   0x0000178c       0x24 ./Firmware/cr_cpp_config.o
 .debug_macro   0x000017b0       0x22 ./Firmware/cr_cpp_config.o
 .debug_macro   0x000017d2       0x75 ./Firmware/cr_cpp_config.o
 .debug_macro   0x00001847       0x94 ./Firmware/cr_cpp_config.o
 .debug_macro   0x000018db       0x3c ./Firmware/cr_cpp_config.o
 .debug_macro   0x00001917       0x34 ./Firmware/cr_cpp_config.o
 .debug_macro   0x0000194b       0x16 ./Firmware/cr_cpp_config.o
 .debug_macro   0x00001961      0x11c ./Firmware/cr_cpp_config.o
 .debug_macro   0x00001a7d       0xa2 ./Firmware/cr_cpp_config.o
 .debug_macro   0x00001b1f       0x57 ./Firmware/cr_cpp_config.o
 .debug_macro   0x00001b76      0x380 ./Firmware/cr_cpp_config.o
 .debug_macro   0x00001ef6       0x16 ./Firmware/cr_cpp_config.o
 .debug_macro   0x00001f0c       0x4a ./Firmware/cr_cpp_config.o
 .debug_macro   0x00001f56       0x34 ./Firmware/cr_cpp_config.o
 .debug_macro   0x00001f8a       0x10 ./Firmware/cr_cpp_config.o
 .debug_macro   0x00001f9a       0x58 ./Firmware/cr_cpp_config.o
 .debug_macro   0x00001ff2      0x1e5 ./Firmware/cr_cpp_config.o
 .debug_macro   0x000021d7       0x16 ./Firmware/cr_cpp_config.o
 .debug_macro   0x000021ed       0x29 ./Firmware/cr_cpp_config.o
 .debug_macro   0x00002216       0x1c ./Firmware/cr_cpp_config.o
 .debug_macro   0x00002232       0xde ./Firmware/cr_cpp_config.o
 .debug_macro   0x00002310       0x1d ./Firmware/cr_startup_lpc84x.o
 .debug_macro   0x0000232d       0x24 ./Drivers/PerifericoTemporizado.o
 .debug_macro   0x00002351       0x24 ./Drivers/PintInt.o
 .debug_macro   0x00002375       0x2e ./Drivers/Timer.o
 .debug_macro   0x000023a3       0x2d ./Drivers/gpio.o
 .debug_macro   0x000023d0       0x70 ./Aplicacion/Ejercicio3.o

.debug_line     0x00000000     0x1b23
 .debug_line    0x00000000      0x17a ./Firmware/Init.o
 .debug_line    0x0000017a      0x18a ./Firmware/Systick.o
 .debug_line    0x00000304      0x635 ./Firmware/cr_cpp_config.o
 .debug_line    0x00000939      0x10b ./Firmware/cr_startup_lpc84x.o
 .debug_line    0x00000a44      0x24a ./Drivers/PerifericoTemporizado.o
 .debug_line    0x00000c8e      0x3e1 ./Drivers/PintInt.o
 .debug_line    0x0000106f      0x1e7 ./Drivers/Timer.o
 .debug_line    0x00001256      0x3be ./Drivers/gpio.o
 .debug_line    0x00001614      0x2d1 ./Aplicacion/Ejercicio3.o
 .debug_line    0x000018e5      0x1dd C:/nxp/MCUXpressoIDE_25.6.136/ide/plugins/com.nxp.mcuxpresso.tools.win32_25.6.0.202501151204/tools/bin/../lib/gcc/arm-none-eabi/14.2.1/../../../../arm-none-eabi/lib/thumb/v6-m/nofp\libcr_newlib_nohost.a(_cr_sbrk.o)
 .debug_line    0x00001ac2       0x61 C:/nxp/MCUXpressoIDE_25.6.136/ide/plugins/com.nxp.mcuxpresso.tools.win32_25.6.0.202501151204/tools/bin/../lib/gcc/arm-none-eabi/14.2.1/../../../../arm-none-eabi/lib/thumb/v6-m/nofp\libcr_newlib_nohost.a(_cr_check_heap.o)

.debug_str      0x00000000     0xac37
 .debug_str     0x00000000     0xac37 ./Firmware/Init.o
                               0x4019 (size before relaxing)
 .debug_str     0x0000ac37     0x3d0c ./Firmware/Systick.o
 .debug_str     0x0000ac37     0x91c8 ./Firmware/cr_cpp_config.o
 .debug_str     0x0000ac37     0x366c ./Firmware/cr_startup_lpc84x.o
 .debug_str     0x0000ac37     0x3e0f ./Drivers/PerifericoTemporizado.o
 .debug_str     0x0000ac37     0x3ea1 ./Drivers/PintInt.o
 .debug_str     0x0000ac37     0x3ed8 ./Drivers/Timer.o
 .debug_str     0x0000ac37     0x3fcf ./Drivers/gpio.o
 .debug_str     0x0000ac37     0x45b2 ./Aplicacion/Ejercicio3.o
 .debug_str     0x0000ac37      0x225 C:/nxp/MCUXpressoIDE_25.6.136/ide/plugins/com.nxp.mcuxpresso.tools.win32_25.6.0.202501151204/tools/bin/../lib/gcc/arm-none-eabi/14.2.1/../../../../arm-none-eabi/lib/thumb/v6-m/nofp\libcr_newlib_nohost.a(_cr_sbrk.o)
 .debug_str     0x0000ac37      0x170 C:/nxp/MCUXpressoIDE_25.6.136/ide/plugins/com.nxp.mcuxpresso.tools.win32_25.6.0.202501151204/tools/bin/../lib/gcc/arm-none-eabi/14.2.1/../../../../arm-none-eabi/lib/thumb/v6-m/nofp\libcr_newlib_nohost.a(_cr_check_heap.o)

.comment        0x00000000       0x45
 .comment       0x00000000       0x45 ./Firmware/Init.o
                                 0x46 (size before relaxing)
 .comment       0x00000045       0x46 ./Firmware/Systick.o
 .comment       0x00000045       0x46 ./Firmware/cr_cpp_config.o
 .comment       0x00000045       0x46 ./Firmware/cr_startup_lpc84x.o
 .comment       0x00000045       0x46 ./Drivers/PerifericoTemporizado.o
 .comment       0x00000045       0x46 ./Drivers/PintInt.o
 .comment       0x00000045       0x46 ./Drivers/Timer.o
 .comment       0x00000045       0x46 ./Drivers/gpio.o
 .comment       0x00000045       0x46 ./Aplicacion/Ejercicio3.o
 .comment       0x00000045       0x46 C:/nxp/MCUXpressoIDE_25.6.136/ide/plugins/com.nxp.mcuxpresso.tools.win32_25.6.0.202501151204/tools/bin/../lib/gcc/arm-none-eabi/14.2.1/../../../../arm-none-eabi/lib/thumb/v6-m/nofp\libcr_newlib_nohost.a(_cr_sbrk.o)
 .comment       0x00000045       0x46 C:/nxp/MCUXpressoIDE_25.6.136/ide/plugins/com.nxp.mcuxpresso.tools.win32_25.6.0.202501151204/tools/bin/../lib/gcc/arm-none-eabi/14.2.1/../../../../arm-none-eabi/lib/thumb/v6-m/nofp\libcr_newlib_nohost.a(_cr_check_heap.o)

.ARM.attributes
                0x00000000       0x2c
 .ARM.attributes
                0x00000000       0x2c ./Firmware/Init.o
 .ARM.attributes
                0x0000002c       0x2c ./Firmware/Systick.o
 .ARM.attributes
                0x00000058       0x2c ./Firmware/cr_cpp_config.o
 .ARM.attributes
                0x00000084       0x2c ./Firmware/cr_startup_lpc84x.o
 .ARM.attributes
                0x000000b0       0x2c ./Drivers/PerifericoTemporizado.o
 .ARM.attributes
                0x000000dc       0x2c ./Drivers/PintInt.o
 .ARM.attributes
                0x00000108       0x2c ./Drivers/Timer.o
 .ARM.attributes
                0x00000134       0x2c ./Drivers/gpio.o
 .ARM.attributes
                0x00000160       0x2c ./Aplicacion/Ejercicio3.o
 .ARM.attributes
                0x0000018c       0x2c C:/nxp/MCUXpressoIDE_25.6.136/ide/plugins/com.nxp.mcuxpresso.tools.win32_25.6.0.202501151204/tools/bin/../lib/gcc/arm-none-eabi/14.2.1/thumb/v6-m/nofp\libc.a(libc_a-malloc.o)
 .ARM.attributes
                0x000001b8       0x2c C:/nxp/MCUXpressoIDE_25.6.136/ide/plugins/com.nxp.mcuxpresso.tools.win32_25.6.0.202501151204/tools/bin/../lib/gcc/arm-none-eabi/14.2.1/thumb/v6-m/nofp\libc.a(libc_a-mallocr.o)
 .ARM.attributes
                0x000001e4       0x2c C:/nxp/MCUXpressoIDE_25.6.136/ide/plugins/com.nxp.mcuxpresso.tools.win32_25.6.0.202501151204/tools/bin/../lib/gcc/arm-none-eabi/14.2.1/thumb/v6-m/nofp\libc.a(libc_a-mlock.o)
 .ARM.attributes
                0x00000210       0x2c C:/nxp/MCUXpressoIDE_25.6.136/ide/plugins/com.nxp.mcuxpresso.tools.win32_25.6.0.202501151204/tools/bin/../lib/gcc/arm-none-eabi/14.2.1/thumb/v6-m/nofp\libc.a(libc_a-impure.o)
 .ARM.attributes
                0x0000023c       0x2c C:/nxp/MCUXpressoIDE_25.6.136/ide/plugins/com.nxp.mcuxpresso.tools.win32_25.6.0.202501151204/tools/bin/../lib/gcc/arm-none-eabi/14.2.1/thumb/v6-m/nofp\libc.a(libc_a-sbrkr.o)
 .ARM.attributes
                0x00000268       0x2c C:/nxp/MCUXpressoIDE_25.6.136/ide/plugins/com.nxp.mcuxpresso.tools.win32_25.6.0.202501151204/tools/bin/../lib/gcc/arm-none-eabi/14.2.1/thumb/v6-m/nofp\libc.a(libc_a-init.o)
 .ARM.attributes
                0x00000294       0x2c C:/nxp/MCUXpressoIDE_25.6.136/ide/plugins/com.nxp.mcuxpresso.tools.win32_25.6.0.202501151204/tools/bin/../lib/gcc/arm-none-eabi/14.2.1/thumb/v6-m/nofp\libc.a(libc_a-lock.o)
 .ARM.attributes
                0x000002c0       0x2c C:/nxp/MCUXpressoIDE_25.6.136/ide/plugins/com.nxp.mcuxpresso.tools.win32_25.6.0.202501151204/tools/bin/../lib/gcc/arm-none-eabi/14.2.1/thumb/v6-m/nofp\libc.a(libc_a-sysconf.o)
 .ARM.attributes
                0x000002ec       0x2c C:/nxp/MCUXpressoIDE_25.6.136/ide/plugins/com.nxp.mcuxpresso.tools.win32_25.6.0.202501151204/tools/bin/../lib/gcc/arm-none-eabi/14.2.1/thumb/v6-m/nofp\libc.a(libc_a-freer.o)
 .ARM.attributes
                0x00000318       0x2c C:/nxp/MCUXpressoIDE_25.6.136/ide/plugins/com.nxp.mcuxpresso.tools.win32_25.6.0.202501151204/tools/bin/../lib/gcc/arm-none-eabi/14.2.1/thumb/v6-m/nofp\libc.a(libc_a-findfp.o)
 .ARM.attributes
                0x00000344       0x2c C:/nxp/MCUXpressoIDE_25.6.136/ide/plugins/com.nxp.mcuxpresso.tools.win32_25.6.0.202501151204/tools/bin/../lib/gcc/arm-none-eabi/14.2.1/thumb/v6-m/nofp\libc.a(libc_a-reent.o)
 .ARM.attributes
                0x00000370       0x2c C:/nxp/MCUXpressoIDE_25.6.136/ide/plugins/com.nxp.mcuxpresso.tools.win32_25.6.0.202501151204/tools/bin/../lib/gcc/arm-none-eabi/14.2.1/thumb/v6-m/nofp\libc.a(libc_a-errno.o)
 .ARM.attributes
                0x0000039c       0x2c C:/nxp/MCUXpressoIDE_25.6.136/ide/plugins/com.nxp.mcuxpresso.tools.win32_25.6.0.202501151204/tools/bin/../lib/gcc/arm-none-eabi/14.2.1/../../../../arm-none-eabi/lib/thumb/v6-m/nofp\libcr_newlib_nohost.a(_cr_sbrk.o)
 .ARM.attributes
                0x000003c8       0x2c C:/nxp/MCUXpressoIDE_25.6.136/ide/plugins/com.nxp.mcuxpresso.tools.win32_25.6.0.202501151204/tools/bin/../lib/gcc/arm-none-eabi/14.2.1/../../../../arm-none-eabi/lib/thumb/v6-m/nofp\libcr_newlib_nohost.a(_cr_check_heap.o)
 .ARM.attributes
                0x000003f4       0x1e C:/nxp/MCUXpressoIDE_25.6.136/ide/plugins/com.nxp.mcuxpresso.tools.win32_25.6.0.202501151204/tools/bin/../lib/gcc/arm-none-eabi/14.2.1/thumb/v6-m/nofp\crti.o
 .ARM.attributes
                0x00000412       0x1e C:/nxp/MCUXpressoIDE_25.6.136/ide/plugins/com.nxp.mcuxpresso.tools.win32_25.6.0.202501151204/tools/bin/../lib/gcc/arm-none-eabi/14.2.1/thumb/v6-m/nofp\crtn.o
 .ARM.attributes
                0x00000430       0x2c C:/nxp/MCUXpressoIDE_25.6.136/ide/plugins/com.nxp.mcuxpresso.tools.win32_25.6.0.202501151204/tools/bin/../lib/gcc/arm-none-eabi/14.2.1/thumb/v6-m/nofp\crtbegin.o
 .ARM.attributes
                0x0000045c       0x2c C:/nxp/MCUXpressoIDE_25.6.136/ide/plugins/com.nxp.mcuxpresso.tools.win32_25.6.0.202501151204/tools/bin/../lib/gcc/arm-none-eabi/14.2.1/thumb/v6-m/nofp\crtend.o
 .ARM.attributes
                0x00000488       0x1e C:/nxp/MCUXpressoIDE_25.6.136/ide/plugins/com.nxp.mcuxpresso.tools.win32_25.6.0.202501151204/tools/bin/../lib/gcc/arm-none-eabi/14.2.1/thumb/v6-m/nofp\libgcc.a(_udivsi3.o)
 .ARM.attributes
                0x000004a6       0x1e C:/nxp/MCUXpressoIDE_25.6.136/ide/plugins/com.nxp.mcuxpresso.tools.win32_25.6.0.202501151204/tools/bin/../lib/gcc/arm-none-eabi/14.2.1/thumb/v6-m/nofp\libgcc.a(_dvmd_tls.o)

.debug_frame    0x00000000      0xb98
 .debug_frame   0x00000000       0x2c ./Firmware/Init.o
 .debug_frame   0x0000002c       0x4c ./Firmware/Systick.o
 .debug_frame   0x00000078       0xcc ./Firmware/cr_cpp_config.o
 .debug_frame   0x00000144      0x118 ./Firmware/cr_startup_lpc84x.o
 .debug_frame   0x0000025c       0x50 ./Drivers/PerifericoTemporizado.o
 .debug_frame   0x000002ac      0x150 ./Drivers/PintInt.o
 .debug_frame   0x000003fc       0xd0 ./Drivers/Timer.o
 .debug_frame   0x000004cc      0x1d4 ./Drivers/gpio.o
 .debug_frame   0x000006a0       0xc0 ./Aplicacion/Ejercicio3.o
 .debug_frame   0x00000760       0x40 C:/nxp/MCUXpressoIDE_25.6.136/ide/plugins/com.nxp.mcuxpresso.tools.win32_25.6.0.202501151204/tools/bin/../lib/gcc/arm-none-eabi/14.2.1/thumb/v6-m/nofp\libc.a(libc_a-malloc.o)
 .debug_frame   0x000007a0       0x3c C:/nxp/MCUXpressoIDE_25.6.136/ide/plugins/com.nxp.mcuxpresso.tools.win32_25.6.0.202501151204/tools/bin/../lib/gcc/arm-none-eabi/14.2.1/thumb/v6-m/nofp\libc.a(libc_a-mallocr.o)
 .debug_frame   0x000007dc       0x40 C:/nxp/MCUXpressoIDE_25.6.136/ide/plugins/com.nxp.mcuxpresso.tools.win32_25.6.0.202501151204/tools/bin/../lib/gcc/arm-none-eabi/14.2.1/thumb/v6-m/nofp\libc.a(libc_a-mlock.o)
 .debug_frame   0x0000081c       0x2c C:/nxp/MCUXpressoIDE_25.6.136/ide/plugins/com.nxp.mcuxpresso.tools.win32_25.6.0.202501151204/tools/bin/../lib/gcc/arm-none-eabi/14.2.1/thumb/v6-m/nofp\libc.a(libc_a-sbrkr.o)
 .debug_frame   0x00000848       0x2c C:/nxp/MCUXpressoIDE_25.6.136/ide/plugins/com.nxp.mcuxpresso.tools.win32_25.6.0.202501151204/tools/bin/../lib/gcc/arm-none-eabi/14.2.1/thumb/v6-m/nofp\libc.a(libc_a-init.o)
 .debug_frame   0x00000874       0xb0 C:/nxp/MCUXpressoIDE_25.6.136/ide/plugins/com.nxp.mcuxpresso.tools.win32_25.6.0.202501151204/tools/bin/../lib/gcc/arm-none-eabi/14.2.1/thumb/v6-m/nofp\libc.a(libc_a-lock.o)
 .debug_frame   0x00000924       0x28 C:/nxp/MCUXpressoIDE_25.6.136/ide/plugins/com.nxp.mcuxpresso.tools.win32_25.6.0.202501151204/tools/bin/../lib/gcc/arm-none-eabi/14.2.1/thumb/v6-m/nofp\libc.a(libc_a-sysconf.o)
 .debug_frame   0x0000094c       0x5c C:/nxp/MCUXpressoIDE_25.6.136/ide/plugins/com.nxp.mcuxpresso.tools.win32_25.6.0.202501151204/tools/bin/../lib/gcc/arm-none-eabi/14.2.1/thumb/v6-m/nofp\libc.a(libc_a-freer.o)
 .debug_frame   0x000009a8      0x138 C:/nxp/MCUXpressoIDE_25.6.136/ide/plugins/com.nxp.mcuxpresso.tools.win32_25.6.0.202501151204/tools/bin/../lib/gcc/arm-none-eabi/14.2.1/thumb/v6-m/nofp\libc.a(libc_a-findfp.o)
 .debug_frame   0x00000ae0       0x2c C:/nxp/MCUXpressoIDE_25.6.136/ide/plugins/com.nxp.mcuxpresso.tools.win32_25.6.0.202501151204/tools/bin/../lib/gcc/arm-none-eabi/14.2.1/thumb/v6-m/nofp\libc.a(libc_a-reent.o)
 .debug_frame   0x00000b0c       0x20 C:/nxp/MCUXpressoIDE_25.6.136/ide/plugins/com.nxp.mcuxpresso.tools.win32_25.6.0.202501151204/tools/bin/../lib/gcc/arm-none-eabi/14.2.1/thumb/v6-m/nofp\libc.a(libc_a-errno.o)
 .debug_frame   0x00000b2c       0x2c C:/nxp/MCUXpressoIDE_25.6.136/ide/plugins/com.nxp.mcuxpresso.tools.win32_25.6.0.202501151204/tools/bin/../lib/gcc/arm-none-eabi/14.2.1/../../../../arm-none-eabi/lib/thumb/v6-m/nofp\libcr_newlib_nohost.a(_cr_sbrk.o)
 .debug_frame   0x00000b58       0x20 C:/nxp/MCUXpressoIDE_25.6.136/ide/plugins/com.nxp.mcuxpresso.tools.win32_25.6.0.202501151204/tools/bin/../lib/gcc/arm-none-eabi/14.2.1/../../../../arm-none-eabi/lib/thumb/v6-m/nofp\libcr_newlib_nohost.a(_cr_check_heap.o)
 .debug_frame   0x00000b78       0x20 C:/nxp/MCUXpressoIDE_25.6.136/ide/plugins/com.nxp.mcuxpresso.tools.win32_25.6.0.202501151204/tools/bin/../lib/gcc/arm-none-eabi/14.2.1/thumb/v6-m/nofp\libgcc.a(_udivsi3.o)

.debug_loc      0x00000000       0x88
 .debug_loc     0x00000000       0x66 C:/nxp/MCUXpressoIDE_25.6.136/ide/plugins/com.nxp.mcuxpresso.tools.win32_25.6.0.202501151204/tools/bin/../lib/gcc/arm-none-eabi/14.2.1/../../../../arm-none-eabi/lib/thumb/v6-m/nofp\libcr_newlib_nohost.a(_cr_sbrk.o)
 .debug_loc     0x00000066       0x22 C:/nxp/MCUXpressoIDE_25.6.136/ide/plugins/com.nxp.mcuxpresso.tools.win32_25.6.0.202501151204/tools/bin/../lib/gcc/arm-none-eabi/14.2.1/../../../../arm-none-eabi/lib/thumb/v6-m/nofp\libcr_newlib_nohost.a(_cr_check_heap.o)

.debug_line_str
                0x00000000       0xcd
 .debug_line_str
                0x00000000       0xcd C:/nxp/MCUXpressoIDE_25.6.136/ide/plugins/com.nxp.mcuxpresso.tools.win32_25.6.0.202501151204/tools/bin/../lib/gcc/arm-none-eabi/14.2.1/thumb/v6-m/nofp\libgcc.a(_udivsi3.o)
 .debug_line_str
                0x000000cd       0xcd C:/nxp/MCUXpressoIDE_25.6.136/ide/plugins/com.nxp.mcuxpresso.tools.win32_25.6.0.202501151204/tools/bin/../lib/gcc/arm-none-eabi/14.2.1/thumb/v6-m/nofp\libgcc.a(_dvmd_tls.o)

Cross Reference Table

Symbol                                            File
ADC_OVR_IRQHandler                                ./Firmware/cr_startup_lpc84x.o
ADC_SEQA_IRQHandler                               ./Firmware/cr_startup_lpc84x.o
ADC_SEQB_IRQHandler                               ./Firmware/cr_startup_lpc84x.o
ADC_THCMP_IRQHandler                              ./Firmware/cr_startup_lpc84x.o
BOD_IRQHandler                                    ./Firmware/cr_startup_lpc84x.o
CMP_IRQHandler                                    ./Firmware/cr_startup_lpc84x.o
CTIMER0_IRQHandler                                ./Firmware/cr_startup_lpc84x.o
Cronometro::Cronometro()                          ./Drivers/Cronometro.o
Cronometro::Cronometro()                          ./Drivers/Cronometro.o
Cronometro::getTime()                             ./Drivers/Cronometro.o
Cronometro::handler()                             ./Drivers/Cronometro.o
Cronometro::pause()                               ./Drivers/Cronometro.o
Cronometro::start()                               ./Drivers/Cronometro.o
Cronometro::stop()                                ./Drivers/Cronometro.o
DAC0_IRQHandler                                   ./Firmware/cr_startup_lpc84x.o
DMA_IRQHandler                                    ./Firmware/cr_startup_lpc84x.o
DigitalInput::DigitalInput(unsigned char, unsigned char, unsigned char) ./Drivers/DigitalInput.o
DigitalInput::DigitalInput(unsigned char, unsigned char, unsigned char) ./Drivers/DigitalInput.o
DigitalInput::getKey()                            ./Drivers/DigitalInput.o
DigitalInput::handler()                           ./Drivers/DigitalInput.o
FAIM_IRQHandler                                   ./Firmware/cr_startup_lpc84x.o
FLASH_IRQHandler                                  ./Firmware/cr_startup_lpc84x.o
HardFault_Handler                                 ./Firmware/cr_startup_lpc84x.o
I2C0_IRQHandler                                   ./Firmware/cr_startup_lpc84x.o
I2C1_IRQHandler                                   ./Firmware/cr_startup_lpc84x.o
I2C2_IRQHandler                                   ./Firmware/cr_startup_lpc84x.o
I2C3_IRQHandler                                   ./Firmware/cr_startup_lpc84x.o
Inicializar()                                     ./Firmware/Init.o
                                                  ./Aplicacion/Ejercicio3.o
InitSystick()                                     ./Firmware/Systick.o
                                                  ./Firmware/Init.o
IntDefaultHandler                                 ./Firmware/cr_startup_lpc84x.o
MRT_IRQHandler                                    ./Firmware/cr_startup_lpc84x.o
NMI_Handler                                       ./Firmware/cr_startup_lpc84x.o
PININT0_IRQHandler                                ./Drivers/PintInt.o
                                                  ./Firmware/cr_startup_lpc84x.o
PININT1_IRQHandler                                ./Drivers/PintInt.o
                                                  ./Firmware/cr_startup_lpc84x.o
PININT2_IRQHandler                                ./Drivers/PintInt.o
                                                  ./Firmware/cr_startup_lpc84x.o
PININT3_IRQHandler                                ./Drivers/PintInt.o
                                                  ./Firmware/cr_startup_lpc84x.o
PININT4_IRQHandler                                ./Drivers/PintInt.o
                                                  ./Firmware/cr_startup_lpc84x.o
PININT5_IRQHandler                                ./Drivers/PintInt.o
                                                  ./Firmware/cr_startup_lpc84x.o
PININT6_IRQHandler                                ./Drivers/PintInt.o
                                                  ./Firmware/cr_startup_lpc84x.o
PININT7_IRQHandler                                ./Drivers/PintInt.o
                                                  ./Firmware/cr_startup_lpc84x.o
PendSV_Handler                                    ./Firmware/cr_startup_lpc84x.o
PerifericoTemporizado::PerifericoTemporizado()    ./Drivers/PerifericoTemporizado.o
PerifericoTemporizado::PerifericoTemporizado()    ./Drivers/PerifericoTemporizado.o
                                                  ./Drivers/Timer.o
                                                  ./Drivers/DigitalInput.o
                                                  ./Drivers/Cronometro.o
PerifericoTemporizado::cant_objetos               ./Drivers/PerifericoTemporizado.o
                                                  ./Firmware/Systick.o
PerifericoTemporizado::~PerifericoTemporizado()   ./Drivers/PerifericoTemporizado.o
PerifericoTemporizado::~PerifericoTemporizado()   ./Drivers/PerifericoTemporizado.o
                                                  ./Drivers/Timer.o
PinInt::PinInt(unsigned char, unsigned char, unsigned char, void (*)()) ./Drivers/PintInt.o
PinInt::PinInt(unsigned char, unsigned char, unsigned char, void (*)()) ./Drivers/PintInt.o
                                                  ./Aplicacion/Ejercicio3.o
PinInt::cant_pinInt                               ./Drivers/PintInt.o
PinInt::configIntExt()                            ./Drivers/PintInt.o
PinInt::~PinInt()                                 ./Drivers/PintInt.o
                                                  ./Aplicacion/Ejercicio3.o
PinInt::~PinInt()                                 ./Drivers/PintInt.o
ResetISR                                          ./Firmware/cr_startup_lpc84x.o
SCT_IRQHandler                                    ./Firmware/cr_startup_lpc84x.o
SPI0_IRQHandler                                   ./Firmware/cr_startup_lpc84x.o
SPI1_IRQHandler                                   ./Firmware/cr_startup_lpc84x.o
SVC_Handler                                       ./Firmware/cr_startup_lpc84x.o
SysTick_Handler                                   ./Firmware/Systick.o
Timer::Timer(unsigned int, void (*)(), bool)      ./Drivers/Timer.o
Timer::Timer(unsigned int, void (*)(), bool)      ./Drivers/Timer.o
                                                  ./Aplicacion/Ejercicio3.o
Timer::handler()                                  ./Drivers/Timer.o
Timer::setTime(unsigned int)                      ./Drivers/Timer.o
                                                  ./Aplicacion/Ejercicio3.o
Timer::start()                                    ./Drivers/Timer.o
                                                  ./Aplicacion/Ejercicio3.o
Timer::stop()                                     ./Drivers/Timer.o
Timer::~Timer()                                   ./Drivers/Timer.o
                                                  ./Aplicacion/Ejercicio3.o
Timer::~Timer()                                   ./Drivers/Timer.o
UART0_IRQHandler                                  ./Firmware/cr_startup_lpc84x.o
UART1_IRQHandler                                  ./Firmware/cr_startup_lpc84x.o
UART2_IRQHandler                                  ./Firmware/cr_startup_lpc84x.o
WDT_IRQHandler                                    ./Firmware/cr_startup_lpc84x.o
WKT_IRQHandler                                    ./Firmware/cr_startup_lpc84x.o
_ITM_deregisterTMCloneTable                       C:/nxp/MCUXpressoIDE_25.6.136/ide/plugins/com.nxp.mcuxpresso.tools.win32_25.6.0.202501151204/tools/bin/../lib/gcc/arm-none-eabi/14.2.1/thumb/v6-m/nofp\crtbegin.o
_ITM_registerTMCloneTable                         C:/nxp/MCUXpressoIDE_25.6.136/ide/plugins/com.nxp.mcuxpresso.tools.win32_25.6.0.202501151204/tools/bin/../lib/gcc/arm-none-eabi/14.2.1/thumb/v6-m/nofp\crtbegin.o
__TMC_END__                                       C:/nxp/MCUXpressoIDE_25.6.136/ide/plugins/com.nxp.mcuxpresso.tools.win32_25.6.0.202501151204/tools/bin/../lib/gcc/arm-none-eabi/14.2.1/thumb/v6-m/nofp\crtend.o
                                                  C:/nxp/MCUXpressoIDE_25.6.136/ide/plugins/com.nxp.mcuxpresso.tools.win32_25.6.0.202501151204/tools/bin/../lib/gcc/arm-none-eabi/14.2.1/thumb/v6-m/nofp\crtbegin.o
__aeabi_atexit                                    ./Firmware/cr_cpp_config.o
                                                  ./Aplicacion/Ejercicio3.o
__aeabi_idiv0                                     C:/nxp/MCUXpressoIDE_25.6.136/ide/plugins/com.nxp.mcuxpresso.tools.win32_25.6.0.202501151204/tools/bin/../lib/gcc/arm-none-eabi/14.2.1/thumb/v6-m/nofp\libgcc.a(_dvmd_tls.o)
                                                  C:/nxp/MCUXpressoIDE_25.6.136/ide/plugins/com.nxp.mcuxpresso.tools.win32_25.6.0.202501151204/tools/bin/../lib/gcc/arm-none-eabi/14.2.1/thumb/v6-m/nofp\libgcc.a(_udivsi3.o)
__aeabi_ldiv0                                     C:/nxp/MCUXpressoIDE_25.6.136/ide/plugins/com.nxp.mcuxpresso.tools.win32_25.6.0.202501151204/tools/bin/../lib/gcc/arm-none-eabi/14.2.1/thumb/v6-m/nofp\libgcc.a(_dvmd_tls.o)
__aeabi_uidiv                                     C:/nxp/MCUXpressoIDE_25.6.136/ide/plugins/com.nxp.mcuxpresso.tools.win32_25.6.0.202501151204/tools/bin/../lib/gcc/arm-none-eabi/14.2.1/thumb/v6-m/nofp\libgcc.a(_udivsi3.o)
                                                  C:/nxp/MCUXpressoIDE_25.6.136/ide/plugins/com.nxp.mcuxpresso.tools.win32_25.6.0.202501151204/tools/bin/../lib/gcc/arm-none-eabi/14.2.1/thumb/v6-m/nofp\libc.a(libc_a-freer.o)
__aeabi_uidivmod                                  C:/nxp/MCUXpressoIDE_25.6.136/ide/plugins/com.nxp.mcuxpresso.tools.win32_25.6.0.202501151204/tools/bin/../lib/gcc/arm-none-eabi/14.2.1/thumb/v6-m/nofp\libgcc.a(_udivsi3.o)
__bss_section_table_end                           ./Firmware/cr_startup_lpc84x.o
__check_heap_overflow                             C:/nxp/MCUXpressoIDE_25.6.136/ide/plugins/com.nxp.mcuxpresso.tools.win32_25.6.0.202501151204/tools/bin/../lib/gcc/arm-none-eabi/14.2.1/../../../../arm-none-eabi/lib/thumb/v6-m/nofp\libcr_newlib_nohost.a(_cr_check_heap.o)
                                                  C:/nxp/MCUXpressoIDE_25.6.136/ide/plugins/com.nxp.mcuxpresso.tools.win32_25.6.0.202501151204/tools/bin/../lib/gcc/arm-none-eabi/14.2.1/../../../../arm-none-eabi/lib/thumb/v6-m/nofp\libcr_newlib_nohost.a(_cr_sbrk.o)
__cxa_pure_virtual                                ./Drivers/PerifericoTemporizado.o
__data_section_table                              ./Firmware/cr_startup_lpc84x.o
__data_section_table_end                          ./Firmware/cr_startup_lpc84x.o
__deregister_frame_info                           C:/nxp/MCUXpressoIDE_25.6.136/ide/plugins/com.nxp.mcuxpresso.tools.win32_25.6.0.202501151204/tools/bin/../lib/gcc/arm-none-eabi/14.2.1/thumb/v6-m/nofp\crtbegin.o
__dso_handle                                      C:/nxp/MCUXpressoIDE_25.6.136/ide/plugins/com.nxp.mcuxpresso.tools.win32_25.6.0.202501151204/tools/bin/../lib/gcc/arm-none-eabi/14.2.1/thumb/v6-m/nofp\crtbegin.o
                                                  ./Aplicacion/Ejercicio3.o
__end_of_heap                                     C:/nxp/MCUXpressoIDE_25.6.136/ide/plugins/com.nxp.mcuxpresso.tools.win32_25.6.0.202501151204/tools/bin/../lib/gcc/arm-none-eabi/14.2.1/../../../../arm-none-eabi/lib/thumb/v6-m/nofp\libcr_newlib_nohost.a(_cr_sbrk.o)
__errno                                           C:/nxp/MCUXpressoIDE_25.6.136/ide/plugins/com.nxp.mcuxpresso.tools.win32_25.6.0.202501151204/tools/bin/../lib/gcc/arm-none-eabi/14.2.1/thumb/v6-m/nofp\libc.a(libc_a-errno.o)
                                                  C:/nxp/MCUXpressoIDE_25.6.136/ide/plugins/com.nxp.mcuxpresso.tools.win32_25.6.0.202501151204/tools/bin/../lib/gcc/arm-none-eabi/14.2.1/../../../../arm-none-eabi/lib/thumb/v6-m/nofp\libcr_newlib_nohost.a(_cr_sbrk.o)
                                                  C:/nxp/MCUXpressoIDE_25.6.136/ide/plugins/com.nxp.mcuxpresso.tools.win32_25.6.0.202501151204/tools/bin/../lib/gcc/arm-none-eabi/14.2.1/thumb/v6-m/nofp\libc.a(libc_a-sysconf.o)
__fp_lock_all                                     C:/nxp/MCUXpressoIDE_25.6.136/ide/plugins/com.nxp.mcuxpresso.tools.win32_25.6.0.202501151204/tools/bin/../lib/gcc/arm-none-eabi/14.2.1/thumb/v6-m/nofp\libc.a(libc_a-findfp.o)
__fp_unlock_all                                   C:/nxp/MCUXpressoIDE_25.6.136/ide/plugins/com.nxp.mcuxpresso.tools.win32_25.6.0.202501151204/tools/bin/../lib/gcc/arm-none-eabi/14.2.1/thumb/v6-m/nofp\libc.a(libc_a-findfp.o)
__gnu_cxx::__verbose_terminate_handler()          ./Firmware/cr_cpp_config.o
__init_array_end                                  C:/nxp/MCUXpressoIDE_25.6.136/ide/plugins/com.nxp.mcuxpresso.tools.win32_25.6.0.202501151204/tools/bin/../lib/gcc/arm-none-eabi/14.2.1/thumb/v6-m/nofp\libc.a(libc_a-init.o)
__init_array_start                                C:/nxp/MCUXpressoIDE_25.6.136/ide/plugins/com.nxp.mcuxpresso.tools.win32_25.6.0.202501151204/tools/bin/../lib/gcc/arm-none-eabi/14.2.1/thumb/v6-m/nofp\libc.a(libc_a-init.o)
__libc_init_array                                 C:/nxp/MCUXpressoIDE_25.6.136/ide/plugins/com.nxp.mcuxpresso.tools.win32_25.6.0.202501151204/tools/bin/../lib/gcc/arm-none-eabi/14.2.1/thumb/v6-m/nofp\libc.a(libc_a-init.o)
                                                  ./Firmware/cr_startup_lpc84x.o
__lock___arc4random_mutex                         C:/nxp/MCUXpressoIDE_25.6.136/ide/plugins/com.nxp.mcuxpresso.tools.win32_25.6.0.202501151204/tools/bin/../lib/gcc/arm-none-eabi/14.2.1/thumb/v6-m/nofp\libc.a(libc_a-lock.o)
__lock___at_quick_exit_mutex                      C:/nxp/MCUXpressoIDE_25.6.136/ide/plugins/com.nxp.mcuxpresso.tools.win32_25.6.0.202501151204/tools/bin/../lib/gcc/arm-none-eabi/14.2.1/thumb/v6-m/nofp\libc.a(libc_a-lock.o)
__lock___atexit_recursive_mutex                   C:/nxp/MCUXpressoIDE_25.6.136/ide/plugins/com.nxp.mcuxpresso.tools.win32_25.6.0.202501151204/tools/bin/../lib/gcc/arm-none-eabi/14.2.1/thumb/v6-m/nofp\libc.a(libc_a-lock.o)
__lock___dd_hash_mutex                            C:/nxp/MCUXpressoIDE_25.6.136/ide/plugins/com.nxp.mcuxpresso.tools.win32_25.6.0.202501151204/tools/bin/../lib/gcc/arm-none-eabi/14.2.1/thumb/v6-m/nofp\libc.a(libc_a-lock.o)
__lock___env_recursive_mutex                      C:/nxp/MCUXpressoIDE_25.6.136/ide/plugins/com.nxp.mcuxpresso.tools.win32_25.6.0.202501151204/tools/bin/../lib/gcc/arm-none-eabi/14.2.1/thumb/v6-m/nofp\libc.a(libc_a-lock.o)
__lock___malloc_recursive_mutex                   C:/nxp/MCUXpressoIDE_25.6.136/ide/plugins/com.nxp.mcuxpresso.tools.win32_25.6.0.202501151204/tools/bin/../lib/gcc/arm-none-eabi/14.2.1/thumb/v6-m/nofp\libc.a(libc_a-lock.o)
                                                  C:/nxp/MCUXpressoIDE_25.6.136/ide/plugins/com.nxp.mcuxpresso.tools.win32_25.6.0.202501151204/tools/bin/../lib/gcc/arm-none-eabi/14.2.1/thumb/v6-m/nofp\libc.a(libc_a-mlock.o)
__lock___sfp_recursive_mutex                      C:/nxp/MCUXpressoIDE_25.6.136/ide/plugins/com.nxp.mcuxpresso.tools.win32_25.6.0.202501151204/tools/bin/../lib/gcc/arm-none-eabi/14.2.1/thumb/v6-m/nofp\libc.a(libc_a-lock.o)
                                                  C:/nxp/MCUXpressoIDE_25.6.136/ide/plugins/com.nxp.mcuxpresso.tools.win32_25.6.0.202501151204/tools/bin/../lib/gcc/arm-none-eabi/14.2.1/thumb/v6-m/nofp\libc.a(libc_a-findfp.o)
__lock___tz_mutex                                 C:/nxp/MCUXpressoIDE_25.6.136/ide/plugins/com.nxp.mcuxpresso.tools.win32_25.6.0.202501151204/tools/bin/../lib/gcc/arm-none-eabi/14.2.1/thumb/v6-m/nofp\libc.a(libc_a-lock.o)
__malloc_av_                                      C:/nxp/MCUXpressoIDE_25.6.136/ide/plugins/com.nxp.mcuxpresso.tools.win32_25.6.0.202501151204/tools/bin/../lib/gcc/arm-none-eabi/14.2.1/thumb/v6-m/nofp\libc.a(libc_a-mallocr.o)
                                                  C:/nxp/MCUXpressoIDE_25.6.136/ide/plugins/com.nxp.mcuxpresso.tools.win32_25.6.0.202501151204/tools/bin/../lib/gcc/arm-none-eabi/14.2.1/thumb/v6-m/nofp\libc.a(libc_a-freer.o)
__malloc_current_mallinfo                         C:/nxp/MCUXpressoIDE_25.6.136/ide/plugins/com.nxp.mcuxpresso.tools.win32_25.6.0.202501151204/tools/bin/../lib/gcc/arm-none-eabi/14.2.1/thumb/v6-m/nofp\libc.a(libc_a-mallocr.o)
                                                  C:/nxp/MCUXpressoIDE_25.6.136/ide/plugins/com.nxp.mcuxpresso.tools.win32_25.6.0.202501151204/tools/bin/../lib/gcc/arm-none-eabi/14.2.1/thumb/v6-m/nofp\libc.a(libc_a-freer.o)
__malloc_lock                                     C:/nxp/MCUXpressoIDE_25.6.136/ide/plugins/com.nxp.mcuxpresso.tools.win32_25.6.0.202501151204/tools/bin/../lib/gcc/arm-none-eabi/14.2.1/thumb/v6-m/nofp\libc.a(libc_a-mlock.o)
                                                  C:/nxp/MCUXpressoIDE_25.6.136/ide/plugins/com.nxp.mcuxpresso.tools.win32_25.6.0.202501151204/tools/bin/../lib/gcc/arm-none-eabi/14.2.1/thumb/v6-m/nofp\libc.a(libc_a-freer.o)
                                                  C:/nxp/MCUXpressoIDE_25.6.136/ide/plugins/com.nxp.mcuxpresso.tools.win32_25.6.0.202501151204/tools/bin/../lib/gcc/arm-none-eabi/14.2.1/thumb/v6-m/nofp\libc.a(libc_a-mallocr.o)
__malloc_max_sbrked_mem                           C:/nxp/MCUXpressoIDE_25.6.136/ide/plugins/com.nxp.mcuxpresso.tools.win32_25.6.0.202501151204/tools/bin/../lib/gcc/arm-none-eabi/14.2.1/thumb/v6-m/nofp\libc.a(libc_a-mallocr.o)
__malloc_max_total_mem                            C:/nxp/MCUXpressoIDE_25.6.136/ide/plugins/com.nxp.mcuxpresso.tools.win32_25.6.0.202501151204/tools/bin/../lib/gcc/arm-none-eabi/14.2.1/thumb/v6-m/nofp\libc.a(libc_a-mallocr.o)
__malloc_sbrk_base                                C:/nxp/MCUXpressoIDE_25.6.136/ide/plugins/com.nxp.mcuxpresso.tools.win32_25.6.0.202501151204/tools/bin/../lib/gcc/arm-none-eabi/14.2.1/thumb/v6-m/nofp\libc.a(libc_a-mallocr.o)
                                                  C:/nxp/MCUXpressoIDE_25.6.136/ide/plugins/com.nxp.mcuxpresso.tools.win32_25.6.0.202501151204/tools/bin/../lib/gcc/arm-none-eabi/14.2.1/thumb/v6-m/nofp\libc.a(libc_a-freer.o)
__malloc_top_pad                                  C:/nxp/MCUXpressoIDE_25.6.136/ide/plugins/com.nxp.mcuxpresso.tools.win32_25.6.0.202501151204/tools/bin/../lib/gcc/arm-none-eabi/14.2.1/thumb/v6-m/nofp\libc.a(libc_a-mallocr.o)
                                                  C:/nxp/MCUXpressoIDE_25.6.136/ide/plugins/com.nxp.mcuxpresso.tools.win32_25.6.0.202501151204/tools/bin/../lib/gcc/arm-none-eabi/14.2.1/thumb/v6-m/nofp\libc.a(libc_a-freer.o)
__malloc_trim_threshold                           C:/nxp/MCUXpressoIDE_25.6.136/ide/plugins/com.nxp.mcuxpresso.tools.win32_25.6.0.202501151204/tools/bin/../lib/gcc/arm-none-eabi/14.2.1/thumb/v6-m/nofp\libc.a(libc_a-mallocr.o)
                                                  C:/nxp/MCUXpressoIDE_25.6.136/ide/plugins/com.nxp.mcuxpresso.tools.win32_25.6.0.202501151204/tools/bin/../lib/gcc/arm-none-eabi/14.2.1/thumb/v6-m/nofp\libc.a(libc_a-freer.o)
__malloc_unlock                                   C:/nxp/MCUXpressoIDE_25.6.136/ide/plugins/com.nxp.mcuxpresso.tools.win32_25.6.0.202501151204/tools/bin/../lib/gcc/arm-none-eabi/14.2.1/thumb/v6-m/nofp\libc.a(libc_a-mlock.o)
                                                  C:/nxp/MCUXpressoIDE_25.6.136/ide/plugins/com.nxp.mcuxpresso.tools.win32_25.6.0.202501151204/tools/bin/../lib/gcc/arm-none-eabi/14.2.1/thumb/v6-m/nofp\libc.a(libc_a-freer.o)
                                                  C:/nxp/MCUXpressoIDE_25.6.136/ide/plugins/com.nxp.mcuxpresso.tools.win32_25.6.0.202501151204/tools/bin/../lib/gcc/arm-none-eabi/14.2.1/thumb/v6-m/nofp\libc.a(libc_a-mallocr.o)
__preinit_array_end                               C:/nxp/MCUXpressoIDE_25.6.136/ide/plugins/com.nxp.mcuxpresso.tools.win32_25.6.0.202501151204/tools/bin/../lib/gcc/arm-none-eabi/14.2.1/thumb/v6-m/nofp\libc.a(libc_a-init.o)
__preinit_array_start                             C:/nxp/MCUXpressoIDE_25.6.136/ide/plugins/com.nxp.mcuxpresso.tools.win32_25.6.0.202501151204/tools/bin/../lib/gcc/arm-none-eabi/14.2.1/thumb/v6-m/nofp\libc.a(libc_a-init.o)
__register_frame_info                             C:/nxp/MCUXpressoIDE_25.6.136/ide/plugins/com.nxp.mcuxpresso.tools.win32_25.6.0.202501151204/tools/bin/../lib/gcc/arm-none-eabi/14.2.1/thumb/v6-m/nofp\crtbegin.o
__retarget_lock_acquire                           C:/nxp/MCUXpressoIDE_25.6.136/ide/plugins/com.nxp.mcuxpresso.tools.win32_25.6.0.202501151204/tools/bin/../lib/gcc/arm-none-eabi/14.2.1/thumb/v6-m/nofp\libc.a(libc_a-lock.o)
__retarget_lock_acquire_recursive                 C:/nxp/MCUXpressoIDE_25.6.136/ide/plugins/com.nxp.mcuxpresso.tools.win32_25.6.0.202501151204/tools/bin/../lib/gcc/arm-none-eabi/14.2.1/thumb/v6-m/nofp\libc.a(libc_a-lock.o)
                                                  C:/nxp/MCUXpressoIDE_25.6.136/ide/plugins/com.nxp.mcuxpresso.tools.win32_25.6.0.202501151204/tools/bin/../lib/gcc/arm-none-eabi/14.2.1/thumb/v6-m/nofp\libc.a(libc_a-fflush.o)
                                                  C:/nxp/MCUXpressoIDE_25.6.136/ide/plugins/com.nxp.mcuxpresso.tools.win32_25.6.0.202501151204/tools/bin/../lib/gcc/arm-none-eabi/14.2.1/thumb/v6-m/nofp\libc.a(libc_a-fclose.o)
                                                  C:/nxp/MCUXpressoIDE_25.6.136/ide/plugins/com.nxp.mcuxpresso.tools.win32_25.6.0.202501151204/tools/bin/../lib/gcc/arm-none-eabi/14.2.1/thumb/v6-m/nofp\libc.a(libc_a-findfp.o)
                                                  C:/nxp/MCUXpressoIDE_25.6.136/ide/plugins/com.nxp.mcuxpresso.tools.win32_25.6.0.202501151204/tools/bin/../lib/gcc/arm-none-eabi/14.2.1/thumb/v6-m/nofp\libc.a(libc_a-mlock.o)
__retarget_lock_close                             C:/nxp/MCUXpressoIDE_25.6.136/ide/plugins/com.nxp.mcuxpresso.tools.win32_25.6.0.202501151204/tools/bin/../lib/gcc/arm-none-eabi/14.2.1/thumb/v6-m/nofp\libc.a(libc_a-lock.o)
__retarget_lock_close_recursive                   C:/nxp/MCUXpressoIDE_25.6.136/ide/plugins/com.nxp.mcuxpresso.tools.win32_25.6.0.202501151204/tools/bin/../lib/gcc/arm-none-eabi/14.2.1/thumb/v6-m/nofp\libc.a(libc_a-lock.o)
                                                  C:/nxp/MCUXpressoIDE_25.6.136/ide/plugins/com.nxp.mcuxpresso.tools.win32_25.6.0.202501151204/tools/bin/../lib/gcc/arm-none-eabi/14.2.1/thumb/v6-m/nofp\libc.a(libc_a-fclose.o)
__retarget_lock_init                              C:/nxp/MCUXpressoIDE_25.6.136/ide/plugins/com.nxp.mcuxpresso.tools.win32_25.6.0.202501151204/tools/bin/../lib/gcc/arm-none-eabi/14.2.1/thumb/v6-m/nofp\libc.a(libc_a-lock.o)
__retarget_lock_init_recursive                    C:/nxp/MCUXpressoIDE_25.6.136/ide/plugins/com.nxp.mcuxpresso.tools.win32_25.6.0.202501151204/tools/bin/../lib/gcc/arm-none-eabi/14.2.1/thumb/v6-m/nofp\libc.a(libc_a-lock.o)
                                                  C:/nxp/MCUXpressoIDE_25.6.136/ide/plugins/com.nxp.mcuxpresso.tools.win32_25.6.0.202501151204/tools/bin/../lib/gcc/arm-none-eabi/14.2.1/thumb/v6-m/nofp\libc.a(libc_a-findfp.o)
__retarget_lock_release                           C:/nxp/MCUXpressoIDE_25.6.136/ide/plugins/com.nxp.mcuxpresso.tools.win32_25.6.0.202501151204/tools/bin/../lib/gcc/arm-none-eabi/14.2.1/thumb/v6-m/nofp\libc.a(libc_a-lock.o)
__retarget_lock_release_recursive                 C:/nxp/MCUXpressoIDE_25.6.136/ide/plugins/com.nxp.mcuxpresso.tools.win32_25.6.0.202501151204/tools/bin/../lib/gcc/arm-none-eabi/14.2.1/thumb/v6-m/nofp\libc.a(libc_a-lock.o)
                                                  C:/nxp/MCUXpressoIDE_25.6.136/ide/plugins/com.nxp.mcuxpresso.tools.win32_25.6.0.202501151204/tools/bin/../lib/gcc/arm-none-eabi/14.2.1/thumb/v6-m/nofp\libc.a(libc_a-fflush.o)
                                                  C:/nxp/MCUXpressoIDE_25.6.136/ide/plugins/com.nxp.mcuxpresso.tools.win32_25.6.0.202501151204/tools/bin/../lib/gcc/arm-none-eabi/14.2.1/thumb/v6-m/nofp\libc.a(libc_a-fclose.o)
                                                  C:/nxp/MCUXpressoIDE_25.6.136/ide/plugins/com.nxp.mcuxpresso.tools.win32_25.6.0.202501151204/tools/bin/../lib/gcc/arm-none-eabi/14.2.1/thumb/v6-m/nofp\libc.a(libc_a-findfp.o)
                                                  C:/nxp/MCUXpressoIDE_25.6.136/ide/plugins/com.nxp.mcuxpresso.tools.win32_25.6.0.202501151204/tools/bin/../lib/gcc/arm-none-eabi/14.2.1/thumb/v6-m/nofp\libc.a(libc_a-mlock.o)
__retarget_lock_try_acquire                       C:/nxp/MCUXpressoIDE_25.6.136/ide/plugins/com.nxp.mcuxpresso.tools.win32_25.6.0.202501151204/tools/bin/../lib/gcc/arm-none-eabi/14.2.1/thumb/v6-m/nofp\libc.a(libc_a-lock.o)
__retarget_lock_try_acquire_recursive             C:/nxp/MCUXpressoIDE_25.6.136/ide/plugins/com.nxp.mcuxpresso.tools.win32_25.6.0.202501151204/tools/bin/../lib/gcc/arm-none-eabi/14.2.1/thumb/v6-m/nofp\libc.a(libc_a-lock.o)
__sclose                                          C:/nxp/MCUXpressoIDE_25.6.136/ide/plugins/com.nxp.mcuxpresso.tools.win32_25.6.0.202501151204/tools/bin/../lib/gcc/arm-none-eabi/14.2.1/thumb/v6-m/nofp\libc.a(libc_a-stdio.o)
                                                  C:/nxp/MCUXpressoIDE_25.6.136/ide/plugins/com.nxp.mcuxpresso.tools.win32_25.6.0.202501151204/tools/bin/../lib/gcc/arm-none-eabi/14.2.1/thumb/v6-m/nofp\libc.a(libc_a-findfp.o)
__seofread                                        C:/nxp/MCUXpressoIDE_25.6.136/ide/plugins/com.nxp.mcuxpresso.tools.win32_25.6.0.202501151204/tools/bin/../lib/gcc/arm-none-eabi/14.2.1/thumb/v6-m/nofp\libc.a(libc_a-stdio.o)
__sf                                              C:/nxp/MCUXpressoIDE_25.6.136/ide/plugins/com.nxp.mcuxpresso.tools.win32_25.6.0.202501151204/tools/bin/../lib/gcc/arm-none-eabi/14.2.1/thumb/v6-m/nofp\libc.a(libc_a-findfp.o)
                                                  C:/nxp/MCUXpressoIDE_25.6.136/ide/plugins/com.nxp.mcuxpresso.tools.win32_25.6.0.202501151204/tools/bin/../lib/gcc/arm-none-eabi/14.2.1/thumb/v6-m/nofp\libc.a(libc_a-impure.o)
__sflush_r                                        C:/nxp/MCUXpressoIDE_25.6.136/ide/plugins/com.nxp.mcuxpresso.tools.win32_25.6.0.202501151204/tools/bin/../lib/gcc/arm-none-eabi/14.2.1/thumb/v6-m/nofp\libc.a(libc_a-fflush.o)
                                                  C:/nxp/MCUXpressoIDE_25.6.136/ide/plugins/com.nxp.mcuxpresso.tools.win32_25.6.0.202501151204/tools/bin/../lib/gcc/arm-none-eabi/14.2.1/thumb/v6-m/nofp\libc.a(libc_a-fclose.o)
__sfp                                             C:/nxp/MCUXpressoIDE_25.6.136/ide/plugins/com.nxp.mcuxpresso.tools.win32_25.6.0.202501151204/tools/bin/../lib/gcc/arm-none-eabi/14.2.1/thumb/v6-m/nofp\libc.a(libc_a-findfp.o)
__sfp_lock_acquire                                C:/nxp/MCUXpressoIDE_25.6.136/ide/plugins/com.nxp.mcuxpresso.tools.win32_25.6.0.202501151204/tools/bin/../lib/gcc/arm-none-eabi/14.2.1/thumb/v6-m/nofp\libc.a(libc_a-findfp.o)
                                                  C:/nxp/MCUXpressoIDE_25.6.136/ide/plugins/com.nxp.mcuxpresso.tools.win32_25.6.0.202501151204/tools/bin/../lib/gcc/arm-none-eabi/14.2.1/thumb/v6-m/nofp\libc.a(libc_a-fclose.o)
__sfp_lock_release                                C:/nxp/MCUXpressoIDE_25.6.136/ide/plugins/com.nxp.mcuxpresso.tools.win32_25.6.0.202501151204/tools/bin/../lib/gcc/arm-none-eabi/14.2.1/thumb/v6-m/nofp\libc.a(libc_a-findfp.o)
                                                  C:/nxp/MCUXpressoIDE_25.6.136/ide/plugins/com.nxp.mcuxpresso.tools.win32_25.6.0.202501151204/tools/bin/../lib/gcc/arm-none-eabi/14.2.1/thumb/v6-m/nofp\libc.a(libc_a-fclose.o)
__sglue                                           C:/nxp/MCUXpressoIDE_25.6.136/ide/plugins/com.nxp.mcuxpresso.tools.win32_25.6.0.202501151204/tools/bin/../lib/gcc/arm-none-eabi/14.2.1/thumb/v6-m/nofp\libc.a(libc_a-findfp.o)
                                                  C:/nxp/MCUXpressoIDE_25.6.136/ide/plugins/com.nxp.mcuxpresso.tools.win32_25.6.0.202501151204/tools/bin/../lib/gcc/arm-none-eabi/14.2.1/thumb/v6-m/nofp\libc.a(libc_a-fflush.o)
__sinit                                           C:/nxp/MCUXpressoIDE_25.6.136/ide/plugins/com.nxp.mcuxpresso.tools.win32_25.6.0.202501151204/tools/bin/../lib/gcc/arm-none-eabi/14.2.1/thumb/v6-m/nofp\libc.a(libc_a-findfp.o)
                                                  C:/nxp/MCUXpressoIDE_25.6.136/ide/plugins/com.nxp.mcuxpresso.tools.win32_25.6.0.202501151204/tools/bin/../lib/gcc/arm-none-eabi/14.2.1/thumb/v6-m/nofp\libc.a(libc_a-fflush.o)
                                                  C:/nxp/MCUXpressoIDE_25.6.136/ide/plugins/com.nxp.mcuxpresso.tools.win32_25.6.0.202501151204/tools/bin/../lib/gcc/arm-none-eabi/14.2.1/thumb/v6-m/nofp\libc.a(libc_a-fclose.o)
__sread                                           C:/nxp/MCUXpressoIDE_25.6.136/ide/plugins/com.nxp.mcuxpresso.tools.win32_25.6.0.202501151204/tools/bin/../lib/gcc/arm-none-eabi/14.2.1/thumb/v6-m/nofp\libc.a(libc_a-stdio.o)
                                                  C:/nxp/MCUXpressoIDE_25.6.136/ide/plugins/com.nxp.mcuxpresso.tools.win32_25.6.0.202501151204/tools/bin/../lib/gcc/arm-none-eabi/14.2.1/thumb/v6-m/nofp\libc.a(libc_a-findfp.o)
__sseek                                           C:/nxp/MCUXpressoIDE_25.6.136/ide/plugins/com.nxp.mcuxpresso.tools.win32_25.6.0.202501151204/tools/bin/../lib/gcc/arm-none-eabi/14.2.1/thumb/v6-m/nofp\libc.a(libc_a-stdio.o)
                                                  C:/nxp/MCUXpressoIDE_25.6.136/ide/plugins/com.nxp.mcuxpresso.tools.win32_25.6.0.202501151204/tools/bin/../lib/gcc/arm-none-eabi/14.2.1/thumb/v6-m/nofp\libc.a(libc_a-findfp.o)
__stdio_exit_handler                              C:/nxp/MCUXpressoIDE_25.6.136/ide/plugins/com.nxp.mcuxpresso.tools.win32_25.6.0.202501151204/tools/bin/../lib/gcc/arm-none-eabi/14.2.1/thumb/v6-m/nofp\libc.a(libc_a-findfp.o)
__swrite                                          C:/nxp/MCUXpressoIDE_25.6.136/ide/plugins/com.nxp.mcuxpresso.tools.win32_25.6.0.202501151204/tools/bin/../lib/gcc/arm-none-eabi/14.2.1/thumb/v6-m/nofp\libc.a(libc_a-stdio.o)
                                                  C:/nxp/MCUXpressoIDE_25.6.136/ide/plugins/com.nxp.mcuxpresso.tools.win32_25.6.0.202501151204/tools/bin/../lib/gcc/arm-none-eabi/14.2.1/thumb/v6-m/nofp\libc.a(libc_a-findfp.o)
__udivsi3                                         C:/nxp/MCUXpressoIDE_25.6.136/ide/plugins/com.nxp.mcuxpresso.tools.win32_25.6.0.202501151204/tools/bin/../lib/gcc/arm-none-eabi/14.2.1/thumb/v6-m/nofp\libgcc.a(_udivsi3.o)
__valid_user_code_checksum                        ./Firmware/cr_startup_lpc84x.o
_close                                            C:/nxp/MCUXpressoIDE_25.6.136/ide/plugins/com.nxp.mcuxpresso.tools.win32_25.6.0.202501151204/tools/bin/../lib/gcc/arm-none-eabi/14.2.1/../../../../arm-none-eabi/lib/thumb/v6-m/nofp\libcr_newlib_nohost.a(close.o)
                                                  C:/nxp/MCUXpressoIDE_25.6.136/ide/plugins/com.nxp.mcuxpresso.tools.win32_25.6.0.202501151204/tools/bin/../lib/gcc/arm-none-eabi/14.2.1/thumb/v6-m/nofp\libc.a(libc_a-closer.o)
_close_r                                          C:/nxp/MCUXpressoIDE_25.6.136/ide/plugins/com.nxp.mcuxpresso.tools.win32_25.6.0.202501151204/tools/bin/../lib/gcc/arm-none-eabi/14.2.1/thumb/v6-m/nofp\libc.a(libc_a-closer.o)
                                                  C:/nxp/MCUXpressoIDE_25.6.136/ide/plugins/com.nxp.mcuxpresso.tools.win32_25.6.0.202501151204/tools/bin/../lib/gcc/arm-none-eabi/14.2.1/thumb/v6-m/nofp\libc.a(libc_a-stdio.o)
_fclose_r                                         C:/nxp/MCUXpressoIDE_25.6.136/ide/plugins/com.nxp.mcuxpresso.tools.win32_25.6.0.202501151204/tools/bin/../lib/gcc/arm-none-eabi/14.2.1/thumb/v6-m/nofp\libc.a(libc_a-fclose.o)
                                                  C:/nxp/MCUXpressoIDE_25.6.136/ide/plugins/com.nxp.mcuxpresso.tools.win32_25.6.0.202501151204/tools/bin/../lib/gcc/arm-none-eabi/14.2.1/thumb/v6-m/nofp\libc.a(libc_a-findfp.o)
_fflush_r                                         C:/nxp/MCUXpressoIDE_25.6.136/ide/plugins/com.nxp.mcuxpresso.tools.win32_25.6.0.202501151204/tools/bin/../lib/gcc/arm-none-eabi/14.2.1/thumb/v6-m/nofp\libc.a(libc_a-fflush.o)
_fini                                             C:/nxp/MCUXpressoIDE_25.6.136/ide/plugins/com.nxp.mcuxpresso.tools.win32_25.6.0.202501151204/tools/bin/../lib/gcc/arm-none-eabi/14.2.1/thumb/v6-m/nofp\crti.o
_free_r                                           C:/nxp/MCUXpressoIDE_25.6.136/ide/plugins/com.nxp.mcuxpresso.tools.win32_25.6.0.202501151204/tools/bin/../lib/gcc/arm-none-eabi/14.2.1/thumb/v6-m/nofp\libc.a(libc_a-freer.o)
                                                  C:/nxp/MCUXpressoIDE_25.6.136/ide/plugins/com.nxp.mcuxpresso.tools.win32_25.6.0.202501151204/tools/bin/../lib/gcc/arm-none-eabi/14.2.1/thumb/v6-m/nofp\libc.a(libc_a-fflush.o)
                                                  C:/nxp/MCUXpressoIDE_25.6.136/ide/plugins/com.nxp.mcuxpresso.tools.win32_25.6.0.202501151204/tools/bin/../lib/gcc/arm-none-eabi/14.2.1/thumb/v6-m/nofp\libc.a(libc_a-fclose.o)
                                                  C:/nxp/MCUXpressoIDE_25.6.136/ide/plugins/com.nxp.mcuxpresso.tools.win32_25.6.0.202501151204/tools/bin/../lib/gcc/arm-none-eabi/14.2.1/thumb/v6-m/nofp\libc.a(libc_a-reent.o)
                                                  C:/nxp/MCUXpressoIDE_25.6.136/ide/plugins/com.nxp.mcuxpresso.tools.win32_25.6.0.202501151204/tools/bin/../lib/gcc/arm-none-eabi/14.2.1/thumb/v6-m/nofp\libc.a(libc_a-mallocr.o)
                                                  C:/nxp/MCUXpressoIDE_25.6.136/ide/plugins/com.nxp.mcuxpresso.tools.win32_25.6.0.202501151204/tools/bin/../lib/gcc/arm-none-eabi/14.2.1/thumb/v6-m/nofp\libc.a(libc_a-malloc.o)
_fwalk_sglue                                      C:/nxp/MCUXpressoIDE_25.6.136/ide/plugins/com.nxp.mcuxpresso.tools.win32_25.6.0.202501151204/tools/bin/../lib/gcc/arm-none-eabi/14.2.1/thumb/v6-m/nofp\libc.a(libc_a-fwalk.o)
                                                  C:/nxp/MCUXpressoIDE_25.6.136/ide/plugins/com.nxp.mcuxpresso.tools.win32_25.6.0.202501151204/tools/bin/../lib/gcc/arm-none-eabi/14.2.1/thumb/v6-m/nofp\libc.a(libc_a-fflush.o)
                                                  C:/nxp/MCUXpressoIDE_25.6.136/ide/plugins/com.nxp.mcuxpresso.tools.win32_25.6.0.202501151204/tools/bin/../lib/gcc/arm-none-eabi/14.2.1/thumb/v6-m/nofp\libc.a(libc_a-findfp.o)
_impure_data                                      C:/nxp/MCUXpressoIDE_25.6.136/ide/plugins/com.nxp.mcuxpresso.tools.win32_25.6.0.202501151204/tools/bin/../lib/gcc/arm-none-eabi/14.2.1/thumb/v6-m/nofp\libc.a(libc_a-impure.o)
                                                  C:/nxp/MCUXpressoIDE_25.6.136/ide/plugins/com.nxp.mcuxpresso.tools.win32_25.6.0.202501151204/tools/bin/../lib/gcc/arm-none-eabi/14.2.1/thumb/v6-m/nofp\libc.a(libc_a-fflush.o)
                                                  C:/nxp/MCUXpressoIDE_25.6.136/ide/plugins/com.nxp.mcuxpresso.tools.win32_25.6.0.202501151204/tools/bin/../lib/gcc/arm-none-eabi/14.2.1/thumb/v6-m/nofp\libc.a(libc_a-findfp.o)
_impure_ptr                                       C:/nxp/MCUXpressoIDE_25.6.136/ide/plugins/com.nxp.mcuxpresso.tools.win32_25.6.0.202501151204/tools/bin/../lib/gcc/arm-none-eabi/14.2.1/thumb/v6-m/nofp\libc.a(libc_a-impure.o)
                                                  C:/nxp/MCUXpressoIDE_25.6.136/ide/plugins/com.nxp.mcuxpresso.tools.win32_25.6.0.202501151204/tools/bin/../lib/gcc/arm-none-eabi/14.2.1/thumb/v6-m/nofp\libc.a(libc_a-fflush.o)
                                                  C:/nxp/MCUXpressoIDE_25.6.136/ide/plugins/com.nxp.mcuxpresso.tools.win32_25.6.0.202501151204/tools/bin/../lib/gcc/arm-none-eabi/14.2.1/thumb/v6-m/nofp\libc.a(libc_a-fclose.o)
                                                  C:/nxp/MCUXpressoIDE_25.6.136/ide/plugins/com.nxp.mcuxpresso.tools.win32_25.6.0.202501151204/tools/bin/../lib/gcc/arm-none-eabi/14.2.1/thumb/v6-m/nofp\libc.a(libc_a-errno.o)
                                                  C:/nxp/MCUXpressoIDE_25.6.136/ide/plugins/com.nxp.mcuxpresso.tools.win32_25.6.0.202501151204/tools/bin/../lib/gcc/arm-none-eabi/14.2.1/thumb/v6-m/nofp\libc.a(libc_a-reent.o)
                                                  C:/nxp/MCUXpressoIDE_25.6.136/ide/plugins/com.nxp.mcuxpresso.tools.win32_25.6.0.202501151204/tools/bin/../lib/gcc/arm-none-eabi/14.2.1/thumb/v6-m/nofp\libc.a(libc_a-malloc.o)
_init                                             C:/nxp/MCUXpressoIDE_25.6.136/ide/plugins/com.nxp.mcuxpresso.tools.win32_25.6.0.202501151204/tools/bin/../lib/gcc/arm-none-eabi/14.2.1/thumb/v6-m/nofp\crti.o
                                                  C:/nxp/MCUXpressoIDE_25.6.136/ide/plugins/com.nxp.mcuxpresso.tools.win32_25.6.0.202501151204/tools/bin/../lib/gcc/arm-none-eabi/14.2.1/thumb/v6-m/nofp\libc.a(libc_a-init.o)
_lseek                                            C:/nxp/MCUXpressoIDE_25.6.136/ide/plugins/com.nxp.mcuxpresso.tools.win32_25.6.0.202501151204/tools/bin/../lib/gcc/arm-none-eabi/14.2.1/../../../../arm-none-eabi/lib/thumb/v6-m/nofp\libcr_newlib_nohost.a(lseek.o)
                                                  C:/nxp/MCUXpressoIDE_25.6.136/ide/plugins/com.nxp.mcuxpresso.tools.win32_25.6.0.202501151204/tools/bin/../lib/gcc/arm-none-eabi/14.2.1/thumb/v6-m/nofp\libc.a(libc_a-lseekr.o)
_lseek_r                                          C:/nxp/MCUXpressoIDE_25.6.136/ide/plugins/com.nxp.mcuxpresso.tools.win32_25.6.0.202501151204/tools/bin/../lib/gcc/arm-none-eabi/14.2.1/thumb/v6-m/nofp\libc.a(libc_a-lseekr.o)
                                                  C:/nxp/MCUXpressoIDE_25.6.136/ide/plugins/com.nxp.mcuxpresso.tools.win32_25.6.0.202501151204/tools/bin/../lib/gcc/arm-none-eabi/14.2.1/thumb/v6-m/nofp\libc.a(libc_a-stdio.o)
_malloc_r                                         C:/nxp/MCUXpressoIDE_25.6.136/ide/plugins/com.nxp.mcuxpresso.tools.win32_25.6.0.202501151204/tools/bin/../lib/gcc/arm-none-eabi/14.2.1/thumb/v6-m/nofp\libc.a(libc_a-mallocr.o)
                                                  C:/nxp/MCUXpressoIDE_25.6.136/ide/plugins/com.nxp.mcuxpresso.tools.win32_25.6.0.202501151204/tools/bin/../lib/gcc/arm-none-eabi/14.2.1/thumb/v6-m/nofp\libc.a(libc_a-findfp.o)
                                                  C:/nxp/MCUXpressoIDE_25.6.136/ide/plugins/com.nxp.mcuxpresso.tools.win32_25.6.0.202501151204/tools/bin/../lib/gcc/arm-none-eabi/14.2.1/thumb/v6-m/nofp\libc.a(libc_a-malloc.o)
_malloc_trim_r                                    C:/nxp/MCUXpressoIDE_25.6.136/ide/plugins/com.nxp.mcuxpresso.tools.win32_25.6.0.202501151204/tools/bin/../lib/gcc/arm-none-eabi/14.2.1/thumb/v6-m/nofp\libc.a(libc_a-freer.o)
_pvHeapLimit                                      C:/nxp/MCUXpressoIDE_25.6.136/ide/plugins/com.nxp.mcuxpresso.tools.win32_25.6.0.202501151204/tools/bin/../lib/gcc/arm-none-eabi/14.2.1/../../../../arm-none-eabi/lib/thumb/v6-m/nofp\libcr_newlib_nohost.a(_cr_check_heap.o)
_pvHeapStart                                      C:/nxp/MCUXpressoIDE_25.6.136/ide/plugins/com.nxp.mcuxpresso.tools.win32_25.6.0.202501151204/tools/bin/../lib/gcc/arm-none-eabi/14.2.1/../../../../arm-none-eabi/lib/thumb/v6-m/nofp\libcr_newlib_nohost.a(_cr_sbrk.o)
_read                                             C:/nxp/MCUXpressoIDE_25.6.136/ide/plugins/com.nxp.mcuxpresso.tools.win32_25.6.0.202501151204/tools/bin/../lib/gcc/arm-none-eabi/14.2.1/../../../../arm-none-eabi/lib/thumb/v6-m/nofp\libcr_newlib_nohost.a(read.o)
                                                  C:/nxp/MCUXpressoIDE_25.6.136/ide/plugins/com.nxp.mcuxpresso.tools.win32_25.6.0.202501151204/tools/bin/../lib/gcc/arm-none-eabi/14.2.1/thumb/v6-m/nofp\libc.a(libc_a-readr.o)
_read_r                                           C:/nxp/MCUXpressoIDE_25.6.136/ide/plugins/com.nxp.mcuxpresso.tools.win32_25.6.0.202501151204/tools/bin/../lib/gcc/arm-none-eabi/14.2.1/thumb/v6-m/nofp\libc.a(libc_a-readr.o)
                                                  C:/nxp/MCUXpressoIDE_25.6.136/ide/plugins/com.nxp.mcuxpresso.tools.win32_25.6.0.202501151204/tools/bin/../lib/gcc/arm-none-eabi/14.2.1/thumb/v6-m/nofp\libc.a(libc_a-stdio.o)
_reclaim_reent                                    C:/nxp/MCUXpressoIDE_25.6.136/ide/plugins/com.nxp.mcuxpresso.tools.win32_25.6.0.202501151204/tools/bin/../lib/gcc/arm-none-eabi/14.2.1/thumb/v6-m/nofp\libc.a(libc_a-reent.o)
_sbrk                                             C:/nxp/MCUXpressoIDE_25.6.136/ide/plugins/com.nxp.mcuxpresso.tools.win32_25.6.0.202501151204/tools/bin/../lib/gcc/arm-none-eabi/14.2.1/../../../../arm-none-eabi/lib/thumb/v6-m/nofp\libcr_newlib_nohost.a(_cr_sbrk.o)
                                                  C:/nxp/MCUXpressoIDE_25.6.136/ide/plugins/com.nxp.mcuxpresso.tools.win32_25.6.0.202501151204/tools/bin/../lib/gcc/arm-none-eabi/14.2.1/thumb/v6-m/nofp\libc.a(libc_a-sbrkr.o)
_sbrk_r                                           C:/nxp/MCUXpressoIDE_25.6.136/ide/plugins/com.nxp.mcuxpresso.tools.win32_25.6.0.202501151204/tools/bin/../lib/gcc/arm-none-eabi/14.2.1/thumb/v6-m/nofp\libc.a(libc_a-sbrkr.o)
                                                  C:/nxp/MCUXpressoIDE_25.6.136/ide/plugins/com.nxp.mcuxpresso.tools.win32_25.6.0.202501151204/tools/bin/../lib/gcc/arm-none-eabi/14.2.1/thumb/v6-m/nofp\libc.a(libc_a-freer.o)
                                                  C:/nxp/MCUXpressoIDE_25.6.136/ide/plugins/com.nxp.mcuxpresso.tools.win32_25.6.0.202501151204/tools/bin/../lib/gcc/arm-none-eabi/14.2.1/thumb/v6-m/nofp\libc.a(libc_a-mallocr.o)
_vStackTop                                        ./Firmware/cr_startup_lpc84x.o
_write                                            C:/nxp/MCUXpressoIDE_25.6.136/ide/plugins/com.nxp.mcuxpresso.tools.win32_25.6.0.202501151204/tools/bin/../lib/gcc/arm-none-eabi/14.2.1/../../../../arm-none-eabi/lib/thumb/v6-m/nofp\libcr_newlib_nohost.a(write.o)
                                                  C:/nxp/MCUXpressoIDE_25.6.136/ide/plugins/com.nxp.mcuxpresso.tools.win32_25.6.0.202501151204/tools/bin/../lib/gcc/arm-none-eabi/14.2.1/thumb/v6-m/nofp\libc.a(libc_a-writer.o)
_write_r                                          C:/nxp/MCUXpressoIDE_25.6.136/ide/plugins/com.nxp.mcuxpresso.tools.win32_25.6.0.202501151204/tools/bin/../lib/gcc/arm-none-eabi/14.2.1/thumb/v6-m/nofp\libc.a(libc_a-writer.o)
                                                  C:/nxp/MCUXpressoIDE_25.6.136/ide/plugins/com.nxp.mcuxpresso.tools.win32_25.6.0.202501151204/tools/bin/../lib/gcc/arm-none-eabi/14.2.1/thumb/v6-m/nofp\libc.a(libc_a-stdio.o)
bss_init(unsigned int, unsigned int)              ./Firmware/cr_startup_lpc84x.o
btnUSR                                            ./Aplicacion/Ejercicio3.o
btn_handler()                                     ./Aplicacion/Ejercicio3.o
cambio_Boton                                      ./Aplicacion/Ejercicio3.o
contador()                                        ./Aplicacion/Ejercicio3.o
data_init(unsigned int, unsigned int, unsigned int) ./Firmware/cr_startup_lpc84x.o