../Drivers/PintInt.cpp:13:1:PinInt::PinInt(uint8_t, uint8_t, uint8_t, void (*)())	24	static
../Drivers/PintInt.cpp:38:1:PinInt::~PinInt()	16	static
../Drivers/PintInt.cpp:49:6:void PinInt::configIntExt()	16	static
../Drivers/PintInt.cpp:78:6:void PININT0_IRQHandler()	8	static
../Drivers/PintInt.cpp:85:6:void PININT1_IRQHandler()	8	static
../Drivers/PintInt.cpp:93:6:void PININT2_IRQHandler()	8	static
../Drivers/PintInt.cpp:101:6:void PININT3_IRQHandler()	8	static
../Drivers/PintInt.cpp:109:6:void PININT4_IRQHandler()	8	static
../Drivers/PintInt.cpp:117:6:void PININT5_IRQHandler()	8	static
../Drivers/PintInt.cpp:125:6:void PININT6_IRQHandler()	8	static
../Drivers/PintInt.cpp:133:6:void PININT7_IRQHandler()	8	static
