Archive member included to satisfy reference by file (symbol)

C:/nxp/MCUXpressoIDE_25.6.136/ide/plugins/com.nxp.mcuxpresso.tools.win32_25.6.0.202501151204/tools/bin/../lib/gcc/arm-none-eabi/14.2.1/thumb/v6-m/nofp\libc.a(libc_a-malloc.o)
                              ./Firmware/cr_cpp_config.o (malloc)
C:/nxp/MCUXpressoIDE_25.6.136/ide/plugins/com.nxp.mcuxpresso.tools.win32_25.6.0.202501151204/tools/bin/../lib/gcc/arm-none-eabi/14.2.1/thumb/v6-m/nofp\libc.a(libc_a-mallocr.o)
                              C:/nxp/MCUXpressoIDE_25.6.136/ide/plugins/com.nxp.mcuxpresso.tools.win32_25.6.0.202501151204/tools/bin/../lib/gcc/arm-none-eabi/14.2.1/thumb/v6-m/nofp\libc.a(libc_a-malloc.o) (_malloc_r)
C:/nxp/MCUXpressoIDE_25.6.136/ide/plugins/com.nxp.mcuxpresso.tools.win32_25.6.0.202501151204/tools/bin/../lib/gcc/arm-none-eabi/14.2.1/thumb/v6-m/nofp\libc.a(libc_a-mlock.o)
                              C:/nxp/MCUXpressoIDE_25.6.136/ide/plugins/com.nxp.mcuxpresso.tools.win32_25.6.0.202501151204/tools/bin/../lib/gcc/arm-none-eabi/14.2.1/thumb/v6-m/nofp\libc.a(libc_a-mallocr.o) (__malloc_lock)
C:/nxp/MCUXpressoIDE_25.6.136/ide/plugins/com.nxp.mcuxpresso.tools.win32_25.6.0.202501151204/tools/bin/../lib/gcc/arm-none-eabi/14.2.1/thumb/v6-m/nofp\libc.a(libc_a-impure.o)
                              C:/nxp/MCUXpressoIDE_25.6.136/ide/plugins/com.nxp.mcuxpresso.tools.win32_25.6.0.202501151204/tools/bin/../lib/gcc/arm-none-eabi/14.2.1/thumb/v6-m/nofp\libc.a(libc_a-malloc.o) (_impure_ptr)
C:/nxp/MCUXpressoIDE_25.6.136/ide/plugins/com.nxp.mcuxpresso.tools.win32_25.6.0.202501151204/tools/bin/../lib/gcc/arm-none-eabi/14.2.1/thumb/v6-m/nofp\libc.a(libc_a-sbrkr.o)
                              C:/nxp/MCUXpressoIDE_25.6.136/ide/plugins/com.nxp.mcuxpresso.tools.win32_25.6.0.202501151204/tools/bin/../lib/gcc/arm-none-eabi/14.2.1/thumb/v6-m/nofp\libc.a(libc_a-mallocr.o) (_sbrk_r)
C:/nxp/MCUXpressoIDE_25.6.136/ide/plugins/com.nxp.mcuxpresso.tools.win32_25.6.0.202501151204/tools/bin/../lib/gcc/arm-none-eabi/14.2.1/thumb/v6-m/nofp\libc.a(libc_a-init.o)
                              ./Firmware/cr_startup_lpc84x.o (__libc_init_array)
C:/nxp/MCUXpressoIDE_25.6.136/ide/plugins/com.nxp.mcuxpresso.tools.win32_25.6.0.202501151204/tools/bin/../lib/gcc/arm-none-eabi/14.2.1/thumb/v6-m/nofp\libc.a(libc_a-lock.o)
                              C:/nxp/MCUXpressoIDE_25.6.136/ide/plugins/com.nxp.mcuxpresso.tools.win32_25.6.0.202501151204/tools/bin/../lib/gcc/arm-none-eabi/14.2.1/thumb/v6-m/nofp\libc.a(libc_a-mlock.o) (__retarget_lock_acquire_recursive)
C:/nxp/MCUXpressoIDE_25.6.136/ide/plugins/com.nxp.mcuxpresso.tools.win32_25.6.0.202501151204/tools/bin/../lib/gcc/arm-none-eabi/14.2.1/thumb/v6-m/nofp\libc.a(libc_a-sysconf.o)
                              C:/nxp/MCUXpressoIDE_25.6.136/ide/plugins/com.nxp.mcuxpresso.tools.win32_25.6.0.202501151204/tools/bin/../lib/gcc/arm-none-eabi/14.2.1/thumb/v6-m/nofp\libc.a(libc_a-mallocr.o) (sysconf)
C:/nxp/MCUXpressoIDE_25.6.136/ide/plugins/com.nxp.mcuxpresso.tools.win32_25.6.0.202501151204/tools/bin/../lib/gcc/arm-none-eabi/14.2.1/thumb/v6-m/nofp\libc.a(libc_a-freer.o)
                              C:/nxp/MCUXpressoIDE_25.6.136/ide/plugins/com.nxp.mcuxpresso.tools.win32_25.6.0.202501151204/tools/bin/../lib/gcc/arm-none-eabi/14.2.1/thumb/v6-m/nofp\libc.a(libc_a-malloc.o) (_free_r)
C:/nxp/MCUXpressoIDE_25.6.136/ide/plugins/com.nxp.mcuxpresso.tools.win32_25.6.0.202501151204/tools/bin/../lib/gcc/arm-none-eabi/14.2.1/thumb/v6-m/nofp\libc.a(libc_a-findfp.o)
                              C:/nxp/MCUXpressoIDE_25.6.136/ide/plugins/com.nxp.mcuxpresso.tools.win32_25.6.0.202501151204/tools/bin/../lib/gcc/arm-none-eabi/14.2.1/thumb/v6-m/nofp\libc.a(libc_a-impure.o) (__sf)
C:/nxp/MCUXpressoIDE_25.6.136/ide/plugins/com.nxp.mcuxpresso.tools.win32_25.6.0.202501151204/tools/bin/../lib/gcc/arm-none-eabi/14.2.1/thumb/v6-m/nofp\libc.a(libc_a-fwalk.o)
                              C:/nxp/MCUXpressoIDE_25.6.136/ide/plugins/com.nxp.mcuxpresso.tools.win32_25.6.0.202501151204/tools/bin/../lib/gcc/arm-none-eabi/14.2.1/thumb/v6-m/nofp\libc.a(libc_a-findfp.o) (_fwalk_sglue)
C:/nxp/MCUXpressoIDE_25.6.136/ide/plugins/com.nxp.mcuxpresso.tools.win32_25.6.0.202501151204/tools/bin/../lib/gcc/arm-none-eabi/14.2.1/thumb/v6-m/nofp\libc.a(libc_a-stdio.o)
                              C:/nxp/MCUXpressoIDE_25.6.136/ide/plugins/com.nxp.mcuxpresso.tools.win32_25.6.0.202501151204/tools/bin/../lib/gcc/arm-none-eabi/14.2.1/thumb/v6-m/nofp\libc.a(libc_a-findfp.o) (__sread)
C:/nxp/MCUXpressoIDE_25.6.136/ide/plugins/com.nxp.mcuxpresso.tools.win32_25.6.0.202501151204/tools/bin/../lib/gcc/arm-none-eabi/14.2.1/thumb/v6-m/nofp\libc.a(libc_a-memset.o)
                              C:/nxp/MCUXpressoIDE_25.6.136/ide/plugins/com.nxp.mcuxpresso.tools.win32_25.6.0.202501151204/tools/bin/../lib/gcc/arm-none-eabi/14.2.1/thumb/v6-m/nofp\libc.a(libc_a-findfp.o) (memset)
[...]
Memory Configuration

Name             Origin             Length             Attributes
MFlash64         0x00000000         0x00010000         xr
RamLoc16         0x10000000         0x00004000         xrw
*default*        0x00000000         0xffffffff

Linker script and memory map

LOAD ./Firmware/Init.o
LOAD ./Firmware/Systick.o
LOAD ./Firmware/cr_cpp_config.o
LOAD ./Firmware/cr_startup_lpc84x.o
LOAD ./Drivers/DigitalInput.o
LOAD ./Drivers/PerifericoTemporizado.o
LOAD ./Drivers/PintInt.o
LOAD ./Drivers/Timer.o
LOAD ./Drivers/gpio.o
LOAD ./Aplicacion/Ejercicio1.o
LOAD ./Aplicacion/Ejercicio2.o
LOAD ./Aplicacion/Ejercicio3.o
LOAD ./Aplicacion/Ejercicio4.o
START GROUP
LOAD C:/nxp/MCUXpressoIDE_25.6.136/ide/plugins/com.nxp.mcuxpresso.tools.win32_25.6.0.202501151204/tools/bin/../lib/gcc/arm-none-eabi/14.2.1/thumb/v6-m/nofp\libgcc.a
LOAD C:/nxp/MCUXpressoIDE_25.6.136/ide/plugins/com.nxp.mcuxpresso.tools.win32_25.6.0.202501151204/tools/bin/../lib/gcc/arm-none-eabi/14.2.1/thumb/v6-m/nofp\libc.a
LOAD C:/nxp/MCUXpressoIDE_25.6.136/ide/plugins/com.nxp.mcuxpresso.tools.win32_25.6.0.202501151204/tools/bin/../lib/gcc/arm-none-eabi/14.2.1/thumb/v6-m/nofp\libstdc++.a
LOAD C:/nxp/MCUXpressoIDE_25.6.136/ide/plugins/com.nxp.mcuxpresso.tools.win32_25.6.0.202501151204/tools/bin/../lib/gcc/arm-none-eabi/14.2.1/thumb/v6-m/nofp\libm.a
LOAD C:/nxp/MCUXpressoIDE_25.6.136/ide/plugins/com.nxp.mcuxpresso.tools.win32_25.6.0.202501151204/tools/bin/../lib/gcc/arm-none-eabi/14.2.1/../../../../arm-none-eabi/lib/thumb/v6-m/nofp\libcr_newlib_nohost.a
LOAD C:/nxp/MCUXpressoIDE_25.6.136/ide/plugins/com.nxp.mcuxpresso.tools.win32_25.6.0.202501151204/tools/bin/../lib/gcc/arm-none-eabi/14.2.1/thumb/v6-m/nofp\crti.o
LOAD C:/nxp/MCUXpressoIDE_25.6.136/ide/plugins/com.nxp.mcuxpresso.tools.win32_25.6.0.202501151204/tools/bin/../lib/gcc/arm-none-eabi/14.2.1/thumb/v6-m/nofp\crtn.o
LOAD C:/nxp/MCUXpressoIDE_25.6.136/ide/plugins/com.nxp.mcuxpresso.tools.win32_25.6.0.202501151204/tools/bin/../lib/gcc/arm-none-eabi/14.2.1/thumb/v6-m/nofp\crtbegin.o
LOAD C:/nxp/MCUXpressoIDE_25.6.136/ide/plugins/com.nxp.mcuxpresso.tools.win32_25.6.0.202501151204/tools/bin/../lib/gcc/arm-none-eabi/14.2.1/thumb/v6-m/nofp\crtend.o
END GROUP
                0x00000000                        __base_MFlash64 = 0x0
                0x00000000                        __base_Flash = 0x0
                0x00010000                        __top_MFlash64 = 0x10000
                0x00010000                        __top_Flash = 0x10000
                0x10000000                        __base_RamLoc16 = 0x10000000
                0x10000000                        __base_RAM = 0x10000000
                0x10004000                        __top_RamLoc16 = 0x10004000
                0x10004000                        __top_RAM = 0x10004000

.text           0x00000000     0x1a48
 FILL mask 0xff
                0x00000000                        __vectors_start__ = ABSOLUTE (.)
 *(.isr_vector)
 .isr_vector    0x00000000       0xc0 ./Firmware/cr_startup_lpc84x.o
                0x00000000                g_pfnVectors
                0x000000c0                        . = ALIGN (0x4)
                0x000000c0                        __section_table_start = .
                0x000000c0                        __data_section_table = .
                0x000000c0        0x4 LONG 0x1a48 LOADADDR (.data)
                0x000000c4        0x4 LONG 0x10000000 ADDR (.data)
                0x000000c8        0x4 LONG 0x5ac SIZEOF (.data)
                0x000000cc                        __data_section_table_end = .
                0x000000cc                        __bss_section_table = .
                0x000000cc        0x4 LONG 0x100005ac ADDR (.bss)
                0x000000d0        0x4 LONG 0x214 SIZEOF (.bss)
                0x000000d4                        __bss_section_table_end = .
                0x000000d4                        __section_table_end = .
 *(.after_vectors*)
 .after_vectors
                0x000000d4      0x128 ./Firmware/cr_startup_lpc84x.o
                0x000000d4                data_init(unsigned int, unsigned int, unsigned int)
                0x00000116                bss_init(unsigned int, unsigned int)
                0x0000014c                ResetISR
                0x000001cc                NMI_Handler
                0x000001d4                HardFault_Handler
                0x000001dc                SVC_Handler
                0x000001e4                PendSV_Handler
                0x000001f4                UART1_IRQHandler
                0x000001f4                I2C1_IRQHandler
                0x000001f4                MRT_IRQHandler
                0x000001f4                UART0_IRQHandler
                0x000001f4                SPI1_IRQHandler
                0x000001f4                IntDefaultHandler
                0x000001f4                ADC_OVR_IRQHandler
                0x000001f4                ADC_SEQB_IRQHandler
                0x000001f4                UART2_IRQHandler
                0x000001f4                CMP_IRQHandler
                0x000001f4                ADC_THCMP_IRQHandler
                0x000001f4                BOD_IRQHandler
                0x000001f4                I2C3_IRQHandler
                0x000001f4                SCT_IRQHandler
                0x000001f4                I2C0_IRQHandler
                0x000001f4                WDT_IRQHandler
                0x000001f4                WKT_IRQHandler
                0x000001f4                ADC_SEQA_IRQHandler
                0x000001f4                FAIM_IRQHandler
                0x000001f4                DAC0_IRQHandler
                0x000001f4                SPI0_IRQHandler
                0x000001f4                I2C2_IRQHandler
                0x000001f4                DMA_IRQHandler
                0x000001f4                FLASH_IRQHandler
                0x000001f4                CTIMER0_IRQHandler
 *(.text*)
 .text._Z11Inicializarv
                0x000001fc       0x8c ./Firmware/Init.o
                0x000001fc                Inicializar()
 .text._Z11InitSystickv
                0x00000288       0x34 ./Firmware/Systick.o
                0x00000288                InitSystick()
 .text.SysTick_Handler
                0x000002bc       0x50 ./Firmware/Systick.o
                0x000002bc                SysTick_Handler
 .text._Znaj    0x0000030c       0x1a ./Firmware/cr_cpp_config.o
                0x0000030c                operator new[](unsigned int)
 .text._ZdaPv   0x00000326       0x18 ./Firmware/cr_cpp_config.o
                0x00000326                operator delete[](void*)
 .text.__aeabi_atexit
                0x0000033e       0x16 ./Firmware/cr_cpp_config.o
                0x0000033e                __aeabi_atexit
 .text._ZN21PerifericoTemporizadoC2EPFvvE
                0x00000354       0xb0 ./Drivers/PerifericoTemporizado.o
                0x00000354                PerifericoTemporizado::PerifericoTemporizado(void (*)())
                0x00000354                PerifericoTemporizado::PerifericoTemporizado(void (*)())
 .text._ZN21PerifericoTemporizadoD2Ev
                0x00000404       0xfc ./Drivers/PerifericoTemporizado.o
                0x00000404                PerifericoTemporizado::~PerifericoTemporizado()
                0x00000404                PerifericoTemporizado::~PerifericoTemporizado()
 .text._ZN6PinIntC2EhhhPFvvE
                0x00000500       0x98 ./Drivers/PintInt.o
                0x00000500                PinInt::PinInt(unsigned char, unsigned char, unsigned char, void (*)())
                0x00000500                PinInt::PinInt(unsigned char, unsigned char, unsigned char, void (*)())
 .text._ZN6PinIntD2Ev
                0x00000598       0x3c ./Drivers/PintInt.o
                0x00000598                PinInt::~PinInt()
                0x00000598                PinInt::~PinInt()
 .text._ZN6PinInt12configIntExtEv
                0x000005d4      0x148 ./Drivers/PintInt.o
                0x000005d4                PinInt::configIntExt()
 .text.PININT0_IRQHandler
                0x0000071c       0x30 ./Drivers/PintInt.o
                0x0000071c                PININT0_IRQHandler
 .text.PININT1_IRQHandler
                0x0000074c       0x30 ./Drivers/PintInt.o
                0x0000074c                PININT1_IRQHandler
 .text.PININT2_IRQHandler
                0x0000077c       0x30 ./Drivers/PintInt.o
                0x0000077c                PININT2_IRQHandler
 .text.PININT3_IRQHandler
                0x000007ac       0x30 ./Drivers/PintInt.o
                0x000007ac                PININT3_IRQHandler
 .text.PININT4_IRQHandler
                0x000007dc       0x30 ./Drivers/PintInt.o
                0x000007dc                PININT4_IRQHandler
 .text.PININT5_IRQHandler
                0x0000080c       0x30 ./Drivers/PintInt.o
                0x0000080c                PININT5_IRQHandler
 .text.PININT6_IRQHandler
                0x0000083c       0x30 ./Drivers/PintInt.o
                0x0000083c                PININT6_IRQHandler
 .text.PININT7_IRQHandler
                0x0000086c       0x30 ./Drivers/PintInt.o
                0x0000086c                PININT7_IRQHandler
 .text._ZN5TimerC2EjPFvvEb
                0x0000089c       0x44 ./Drivers/Timer.o
                0x0000089c                Timer::Timer(unsigned int, void (*)(), bool)
                0x0000089c                Timer::Timer(unsigned int, void (*)(), bool)
 .text._ZN5TimerD2Ev
                0x000008e0       0x24 ./Drivers/Timer.o
                0x000008e0                Timer::~Timer()
                0x000008e0                Timer::~Timer()
 .text._ZN5Timer5startEv
                0x00000904       0x28 ./Drivers/Timer.o
                0x00000904                Timer::start()
 .text._ZN5Timer4stopEv
                0x0000092c       0x16 ./Drivers/Timer.o
                0x0000092c                Timer::stop()
 .text._ZN5Timer7handlerEv
                0x00000942       0x40 ./Drivers/Timer.o
                0x00000942                Timer::handler()
 .text._ZN5Timer7setTimeEj
                0x00000982       0x18 ./Drivers/Timer.o
                0x00000982                Timer::setTime(unsigned int)
 *fill*         0x0000099a        0x2 ff
 .text._ZN4gpioC2Ehhhh
                0x0000099c       0xb0 ./Drivers/gpio.o
                0x0000099c                gpio::gpio(unsigned char, unsigned char, unsigned char, unsigned char)
                0x0000099c                gpio::gpio(unsigned char, unsigned char, unsigned char, unsigned char)
 .text._ZN4gpio6setPINEh
                0x00000a4c       0x9a ./Drivers/gpio.o
                0x00000a4c                gpio::setPIN(unsigned char)
 *fill*         0x00000ae6        0x2 ff
 .text._ZN4gpio10setModeOUTEh
                0x00000ae8       0xa4 ./Drivers/gpio.o
                0x00000ae8                gpio::setModeOUT(unsigned char)
 .text._ZN4gpio9setModeINEh
                0x00000b8c       0x6c ./Drivers/gpio.o
                0x00000b8c                gpio::setModeIN(unsigned char)
 .text._ZN4gpio6setDIREh
                0x00000bf8       0x9a ./Drivers/gpio.o
                0x00000bf8                gpio::setDIR(unsigned char)
 .text._ZN4gpio6setPINEv
                0x00000c92       0x1e ./Drivers/gpio.o
                0x00000c92                gpio::setPIN()
 .text._ZN4gpio6clrPINEv
                0x00000cb0       0x2e ./Drivers/gpio.o
                0x00000cb0                gpio::clrPIN()
 *fill*         0x00000cde        0x2 ff
 .text.main     0x00000ce0       0x30 ./Aplicacion/Ejercicio4.o
                0x00000ce0                main
 .text._Z11prender_ledv
                0x00000d10       0x30 ./Aplicacion/Ejercicio4.o
                0x00000d10                prender_led()
 .text._Z10apagar_ledv
                0x00000d40       0x30 ./Aplicacion/Ejercicio4.o
                0x00000d40                apagar_led()
 .text._Z14contador_ticksv
                0x00000d70       0x28 ./Aplicacion/Ejercicio4.o
                0x00000d70                contador_ticks()
 .text._Z16btn_handler_descv
                0x00000d98       0x68 ./Aplicacion/Ejercicio4.o
                0x00000d98                btn_handler_desc()
 .text._Z41__static_initialization_and_destruction_0v
                0x00000e00       0xb4 ./Aplicacion/Ejercicio4.o
 .text._GLOBAL__sub_I_btnUSR_desc
                0x00000eb4        0xc ./Aplicacion/Ejercicio4.o
 .text.malloc   0x00000ec0       0x14 C:/nxp/MCUXpressoIDE_25.6.136/ide/plugins/com.nxp.mcuxpresso.tools.win32_25.6.0.202501151204/tools/bin/../lib/gcc/arm-none-eabi/14.2.1/thumb/v6-m/nofp\libc.a(libc_a-malloc.o)
                0x00000ec0                malloc
 .text.free     0x00000ed4       0x14 C:/nxp/MCUXpressoIDE_25.6.136/ide/plugins/com.nxp.mcuxpresso.tools.win32_25.6.0.202501151204/tools/bin/../lib/gcc/arm-none-eabi/14.2.1/thumb/v6-m/nofp\libc.a(libc_a-malloc.o)
                0x00000ed4                free
 .text._malloc_r
                0x00000ee8      0x5cc C:/nxp/MCUXpressoIDE_25.6.136/ide/plugins/com.nxp.mcuxpresso.tools.win32_25.6.0.202501151204/tools/bin/../lib/gcc/arm-none-eabi/14.2.1/thumb/v6-m/nofp\libc.a(libc_a-mallocr.o)
                0x00000ee8                _malloc_r
 .text.__malloc_lock
                0x000014b4       0x10 C:/nxp/MCUXpressoIDE_25.6.136/ide/plugins/com.nxp.mcuxpresso.tools.win32_25.6.0.202501151204/tools/bin/../lib/gcc/arm-none-eabi/14.2.1/thumb/v6-m/nofp\libc.a(libc_a-mlock.o)
                0x000014b4                __malloc_lock
 .text.__malloc_unlock
                0x000014c4       0x10 C:/nxp/MCUXpressoIDE_25.6.136/ide/plugins/com.nxp.mcuxpresso.tools.win32_25.6.0.202501151204/tools/bin/../lib/gcc/arm-none-eabi/14.2.1/thumb/v6-m/nofp\libc.a(libc_a-mlock.o)
                0x000014c4                __malloc_unlock
 .text._sbrk_r  0x000014d4       0x24 C:/nxp/MCUXpressoIDE_25.6.136/ide/plugins/com.nxp.mcuxpresso.tools.win32_25.6.0.202501151204/tools/bin/../lib/gcc/arm-none-eabi/14.2.1/thumb/v6-m/nofp\libc.a(libc_a-sbrkr.o)
                0x000014d4                _sbrk_r
 .text.__libc_init_array
                0x000014f8       0x48 C:/nxp/MCUXpressoIDE_25.6.136/ide/plugins/com.nxp.mcuxpresso.tools.win32_25.6.0.202501151204/tools/bin/../lib/gcc/arm-none-eabi/14.2.1/thumb/v6-m/nofp\libc.a(libc_a-init.o)
                0x000014f8                __libc_init_array
 .text.__retarget_lock_acquire_recursive
                0x00001540        0x4 C:/nxp/MCUXpressoIDE_25.6.136/ide/plugins/com.nxp.mcuxpresso.tools.win32_25.6.0.202501151204/tools/bin/../lib/gcc/arm-none-eabi/14.2.1/thumb/v6-m/nofp\libc.a(libc_a-lock.o)
                0x00001540                __retarget_lock_acquire_recursive
 .text.__retarget_lock_release_recursive
                0x00001544        0x4 C:/nxp/MCUXpressoIDE_25.6.136/ide/plugins/com.nxp.mcuxpresso.tools.win32_25.6.0.202501151204/tools/bin/../lib/gcc/arm-none-eabi/14.2.1/thumb/v6-m/nofp\libc.a(libc_a-lock.o)
                0x00001544                __retarget_lock_release_recursive
 .text.sysconf  0x00001548       0x1c C:/nxp/MCUXpressoIDE_25.6.136/ide/plugins/com.nxp.mcuxpresso.tools.win32_25.6.0.202501151204/tools/bin/../lib/gcc/arm-none-eabi/14.2.1/thumb/v6-m/nofp\libc.a(libc_a-sysconf.o)
                0x00001548                sysconf
 .text._malloc_trim_r
                0x00001564       0xb4 C:/nxp/MCUXpressoIDE_25.6.136/ide/plugins/com.nxp.mcuxpresso.tools.win32_25.6.0.202501151204/tools/bin/../lib/gcc/arm-none-eabi/14.2.1/thumb/v6-m/nofp\libc.a(libc_a-freer.o)
                0x00001564                _malloc_trim_r
 .text._free_r  0x00001618      0x1f0 C:/nxp/MCUXpressoIDE_25.6.136/ide/plugins/com.nxp.mcuxpresso.tools.win32_25.6.0.202501151204/tools/bin/../lib/gcc/arm-none-eabi/14.2.1/thumb/v6-m/nofp\libc.a(libc_a-freer.o)
                0x00001618                _free_r
 .text.__errno  0x00001808        0xc C:/nxp/MCUXpressoIDE_25.6.136/ide/plugins/com.nxp.mcuxpresso.tools.win32_25.6.0.202501151204/tools/bin/../lib/gcc/arm-none-eabi/14.2.1/thumb/v6-m/nofp\libc.a(libc_a-errno.o)
                0x00001808                __errno
 .text._sbrk    0x00001814       0x40 C:/nxp/MCUXpressoIDE_25.6.136/ide/plugins/com.nxp.mcuxpresso.tools.win32_25.6.0.202501151204/tools/bin/../lib/gcc/arm-none-eabi/14.2.1/../../../../arm-none-eabi/lib/thumb/v6-m/nofp\libcr_newlib_nohost.a(_cr_sbrk.o)
                0x00001814                _sbrk
 .text.__check_heap_overflow
                0x00001854       0x18 C:/nxp/MCUXpressoIDE_25.6.136/ide/plugins/com.nxp.mcuxpresso.tools.win32_25.6.0.202501151204/tools/bin/../lib/gcc/arm-none-eabi/14.2.1/../../../../arm-none-eabi/lib/thumb/v6-m/nofp\libcr_newlib_nohost.a(_cr_check_heap.o)
                0x00001854                __check_heap_overflow
 .text.register_tm_clones
                0x0000186c       0x28 C:/nxp/MCUXpressoIDE_25.6.136/ide/plugins/com.nxp.mcuxpresso.tools.win32_25.6.0.202501151204/tools/bin/../lib/gcc/arm-none-eabi/14.2.1/thumb/v6-m/nofp\crtbegin.o
 .text.frame_dummy
                0x00001894       0x24 C:/nxp/MCUXpressoIDE_25.6.136/ide/plugins/com.nxp.mcuxpresso.tools.win32_25.6.0.202501151204/tools/bin/../lib/gcc/arm-none-eabi/14.2.1/thumb/v6-m/nofp\crtbegin.o
 .text          0x000018b8      0x114 C:/nxp/MCUXpressoIDE_25.6.136/ide/plugins/com.nxp.mcuxpresso.tools.win32_25.6.0.202501151204/tools/bin/../lib/gcc/arm-none-eabi/14.2.1/thumb/v6-m/nofp\libgcc.a(_udivsi3.o)
                0x000018b8                __aeabi_uidiv
                0x000018b8                __udivsi3
                0x000019c4                __aeabi_uidivmod
 .text          0x000019cc        0x4 C:/nxp/MCUXpressoIDE_25.6.136/ide/plugins/com.nxp.mcuxpresso.tools.win32_25.6.0.202501151204/tools/bin/../lib/gcc/arm-none-eabi/14.2.1/thumb/v6-m/nofp\libgcc.a(_dvmd_tls.o)
                0x000019cc                __aeabi_idiv0
                0x000019cc                __aeabi_ldiv0
 *(.rodata .rodata.* .constdata .constdata.*)
 .rodata._ZTV21PerifericoTemporizado
                0x000019d0        0xc ./Drivers/PerifericoTemporizado.o
                0x000019d0                vtable for PerifericoTemporizado
 .rodata._ZTV5Timer
                0x000019dc        0xc ./Drivers/Timer.o
                0x000019dc                vtable for Timer
 .rodata._ZN4gpio11iocon_indexE
                0x000019e8       0x40 ./Drivers/gpio.o
                0x000019e8                gpio::iocon_index
                0x00001a28                        . = ALIGN (0x4)
                0x00001a28                        . = ALIGN (0x4)
 *(.init)
 .init          0x00001a28        0x4 C:/nxp/MCUXpressoIDE_25.6.136/ide/plugins/com.nxp.mcuxpresso.tools.win32_25.6.0.202501151204/tools/bin/../lib/gcc/arm-none-eabi/14.2.1/thumb/v6-m/nofp\crti.o
                0x00001a28                _init
 .init          0x00001a2c        0x8 C:/nxp/MCUXpressoIDE_25.6.136/ide/plugins/com.nxp.mcuxpresso.tools.win32_25.6.0.202501151204/tools/bin/../lib/gcc/arm-none-eabi/14.2.1/thumb/v6-m/nofp\crtn.o
                0x00001a34                        . = ALIGN (0x4)
                0x00001a34                        __preinit_array_start = .
 *(.preinit_array)
                0x00001a34                        __preinit_array_end = .
                0x00001a34                        . = ALIGN (0x4)
                0x00001a34                        __init_array_start = .
 *(SORT_BY_NAME(.init_array.*))
 *(.init_array)
 .init_array    0x00001a34        0x4 ./Aplicacion/Ejercicio4.o
 .init_array    0x00001a38        0x4 C:/nxp/MCUXpressoIDE_25.6.136/ide/plugins/com.nxp.mcuxpresso.tools.win32_25.6.0.202501151204/tools/bin/../lib/gcc/arm-none-eabi/14.2.1/thumb/v6-m/nofp\crtbegin.o
                0x00001a3c                        __init_array_end = .
 *(.fini)
 .fini          0x00001a3c        0x4 C:/nxp/MCUXpressoIDE_25.6.136/ide/plugins/com.nxp.mcuxpresso.tools.win32_25.6.0.202501151204/tools/bin/../lib/gcc/arm-none-eabi/14.2.1/thumb/v6-m/nofp\crti.o
                0x00001a3c                _fini
 .fini          0x00001a40        0x8 C:/nxp/MCUXpressoIDE_25.6.136/ide/plugins/com.nxp.mcuxpresso.tools.win32_25.6.0.202501151204/tools/bin/../lib/gcc/arm-none-eabi/14.2.1/thumb/v6-m/nofp\crtn.o
                0x00001a48                        . = ALIGN (0x4)
 *crtbegin.o(.ctors)
 *(EXCLUDE_FILE(*crtend.o) .ctors)
 *(SORT_BY_NAME(.ctors.*))
 *crtend.o(.ctors)
                0x00001a48                        . = ALIGN (0x4)
 *crtbegin.o(.dtors)
 *(EXCLUDE_FILE(*crtend.o) .dtors)
 *(SORT_BY_NAME(.dtors.*))
 *crtend.o(.dtors)
                0x00001a48                        . = ALIGN (0x4)

.glue_7         0x00001a48        0x0
 .glue_7        0x00001a48        0x0 linker stubs

.glue_7t        0x00001a48        0x0
 .glue_7t       0x00001a48        0x0 linker stubs

.vfp11_veneer   0x00001a48        0x0
 .vfp11_veneer  0x00001a48        0x0 linker stubs

.v4_bx          0x00001a48        0x0
 .v4_bx         0x00001a48        0x0 linker stubs

.iplt           0x00001a48        0x0
 .iplt          0x00001a48        0x0 ./Firmware/Init.o

.rel.dyn        0x00001a48        0x0
 .rel.iplt      0x00001a48        0x0 ./Firmware/Init.o

.eh_frame       0x00001a48        0x0
 .eh_frame      0x00001a48        0x0 C:/nxp/MCUXpressoIDE_25.6.136/ide/plugins/com.nxp.mcuxpresso.tools.win32_25.6.0.202501151204/tools/bin/../lib/gcc/arm-none-eabi/14.2.1/thumb/v6-m/nofp\crtbegin.o

.ARM.extab
 *(.ARM.extab* .gnu.linkonce.armextab.*)

.ARM.exidx      0x00001a48        0x0
                0x00001a48                        __exidx_start = .
 *(.ARM.exidx* .gnu.linkonce.armexidx.*)
                0x00001a48                        __exidx_end = .
                0x00001a48                        _etext = .

.mtb_buffer_default
 *(.mtb*)

.uninit_RESERVED
                0x10000000        0x0
                0x10000000                        _start_uninit_RESERVED = .
 *(.bss.$RESERVED*)
                0x10000000                        . = ALIGN (0x4)
                0x10000000                        _end_uninit_RESERVED = .

.data           0x10000000      0x5ac load address 0x00001a48
 FILL mask 0xff
                0x10000000                        _data = .
                [!provide]                        PROVIDE (__start_data_RAM = .)
                [!provide]                        PROVIDE (__start_data_RamLoc16 = .)
 *(vtable)
 *(.ramfunc*)
 *(CodeQuickAccess)
 *(DataQuickAccess)
 *(RamFunction)
 *(.data*)
 .data.fro_set_frec
                0x10000000        0x4 ./Firmware/Init.o
                0x10000000                fro_set_frec
 .data.frecuencias_encendido
                0x10000004       0x24 ./Aplicacion/Ejercicio4.o
                0x10000004                frecuencias_encendido
 .data.frecuencias_apagado
                0x10000028       0x24 ./Aplicacion/Ejercicio4.o
                0x10000028                frecuencias_apagado
 .data.__malloc_sbrk_base
                0x1000004c        0x4 C:/nxp/MCUXpressoIDE_25.6.136/ide/plugins/com.nxp.mcuxpresso.tools.win32_25.6.0.202501151204/tools/bin/../lib/gcc/arm-none-eabi/14.2.1/thumb/v6-m/nofp\libc.a(libc_a-mallocr.o)
                0x1000004c                __malloc_sbrk_base
 .data.__malloc_trim_threshold
                0x10000050        0x4 C:/nxp/MCUXpressoIDE_25.6.136/ide/plugins/com.nxp.mcuxpresso.tools.win32_25.6.0.202501151204/tools/bin/../lib/gcc/arm-none-eabi/14.2.1/thumb/v6-m/nofp\libc.a(libc_a-mallocr.o)
                0x10000050                __malloc_trim_threshold
 *fill*         0x10000054        0x4 ff
 .data.__malloc_av_
                0x10000058      0x408 C:/nxp/MCUXpressoIDE_25.6.136/ide/plugins/com.nxp.mcuxpresso.tools.win32_25.6.0.202501151204/tools/bin/../lib/gcc/arm-none-eabi/14.2.1/thumb/v6-m/nofp\libc.a(libc_a-mallocr.o)
                0x10000058                __malloc_av_
 .data._impure_ptr
                0x10000460        0x4 C:/nxp/MCUXpressoIDE_25.6.136/ide/plugins/com.nxp.mcuxpresso.tools.win32_25.6.0.202501151204/tools/bin/../lib/gcc/arm-none-eabi/14.2.1/thumb/v6-m/nofp\libc.a(libc_a-impure.o)
                0x10000460                _impure_ptr
 *fill*         0x10000464        0x4 ff
 .data._impure_data
                0x10000468      0x140 C:/nxp/MCUXpressoIDE_25.6.136/ide/plugins/com.nxp.mcuxpresso.tools.win32_25.6.0.202501151204/tools/bin/../lib/gcc/arm-none-eabi/14.2.1/thumb/v6-m/nofp\libc.a(libc_a-impure.o)
                0x10000468                _impure_data
 .data.__dso_handle
                0x100005a8        0x4 C:/nxp/MCUXpressoIDE_25.6.136/ide/plugins/com.nxp.mcuxpresso.tools.win32_25.6.0.202501151204/tools/bin/../lib/gcc/arm-none-eabi/14.2.1/thumb/v6-m/nofp\crtbegin.o
                0x100005a8                __dso_handle
                0x100005ac                        . = ALIGN (0x4)
                0x100005ac                        _edata = .
                [!provide]                        PROVIDE (__end_data_RAM = .)
                [!provide]                        PROVIDE (__end_data_RamLoc16 = .)

.igot.plt       0x100005ac        0x0 load address 0x00001ff4
 .igot.plt      0x100005ac        0x0 ./Firmware/Init.o

.tm_clone_table
                0x100005ac        0x0 load address 0x00001ff4
 .tm_clone_table
                0x100005ac        0x0 C:/nxp/MCUXpressoIDE_25.6.136/ide/plugins/com.nxp.mcuxpresso.tools.win32_25.6.0.202501151204/tools/bin/../lib/gcc/arm-none-eabi/14.2.1/thumb/v6-m/nofp\crtbegin.o
 .tm_clone_table
                0x100005ac        0x0 C:/nxp/MCUXpressoIDE_25.6.136/ide/plugins/com.nxp.mcuxpresso.tools.win32_25.6.0.202501151204/tools/bin/../lib/gcc/arm-none-eabi/14.2.1/thumb/v6-m/nofp\crtend.o

.bss            0x100005ac      0x214
                0x100005ac                        _bss = .
                [!provide]                        PROVIDE (__start_bss_RAM = .)
                [!provide]                        PROVIDE (__start_bss_RamLoc16 = .)
 *(.bss*)
 .bss._ZN21PerifericoTemporizado7cant_ptE
                0x100005ac        0x1 ./Drivers/PerifericoTemporizado.o
                0x100005ac                PerifericoTemporizado::cant_pt
 *fill*         0x100005ad        0x3 
 .bss.perifericosTemp
                0x100005b0        0x4 ./Drivers/PerifericoTemporizado.o
                0x100005b0                perifericosTemp
 .bss.intext    0x100005b4       0x20 ./Drivers/PintInt.o
                0x100005b4                intext
 .bss._ZN6PinInt11cant_pinIntE
                0x100005d4        0x1 ./Drivers/PintInt.o
                0x100005d4                PinInt::cant_pinInt
 *fill*         0x100005d5        0x3 
 .bss.btnUSR_desc
                0x100005d8        0x8 ./Aplicacion/Ejercicio4.o
                0x100005d8                btnUSR_desc
 .bss.ledR      0x100005e0        0x4 ./Aplicacion/Ejercicio4.o
                0x100005e0                ledR
 .bss.tiempo_señal
                0x100005e4       0x18 ./Aplicacion/Ejercicio4.o
                0x100005e4                tiempo_señal
 .bss.tiempo_encendido
                0x100005fc       0x18 ./Aplicacion/Ejercicio4.o
                0x100005fc                tiempo_encendido
 .bss.tiempo_apagado
                0x10000614       0x18 ./Aplicacion/Ejercicio4.o
                0x10000614                tiempo_apagado
 .bss.ticks     0x1000062c        0x1 ./Aplicacion/Ejercicio4.o
                0x1000062c                ticks
 .bss.contador  0x1000062d        0x1 ./Aplicacion/Ejercicio4.o
                0x1000062d                contador
 *fill*         0x1000062e        0x2 
 .bss.__malloc_current_mallinfo
                0x10000630       0x28 C:/nxp/MCUXpressoIDE_25.6.136/ide/plugins/com.nxp.mcuxpresso.tools.win32_25.6.0.202501151204/tools/bin/../lib/gcc/arm-none-eabi/14.2.1/thumb/v6-m/nofp\libc.a(libc_a-mallocr.o)
                0x10000630                __malloc_current_mallinfo
 .bss.__malloc_max_total_mem
                0x10000658        0x4 C:/nxp/MCUXpressoIDE_25.6.136/ide/plugins/com.nxp.mcuxpresso.tools.win32_25.6.0.202501151204/tools/bin/../lib/gcc/arm-none-eabi/14.2.1/thumb/v6-m/nofp\libc.a(libc_a-mallocr.o)
                0x10000658                __malloc_max_total_mem
 .bss.__malloc_max_sbrked_mem
                0x1000065c        0x4 C:/nxp/MCUXpressoIDE_25.6.136/ide/plugins/com.nxp.mcuxpresso.tools.win32_25.6.0.202501151204/tools/bin/../lib/gcc/arm-none-eabi/14.2.1/thumb/v6-m/nofp\libc.a(libc_a-mallocr.o)
                0x1000065c                __malloc_max_sbrked_mem
 .bss.__malloc_top_pad
                0x10000660        0x4 C:/nxp/MCUXpressoIDE_25.6.136/ide/plugins/com.nxp.mcuxpresso.tools.win32_25.6.0.202501151204/tools/bin/../lib/gcc/arm-none-eabi/14.2.1/thumb/v6-m/nofp\libc.a(libc_a-mallocr.o)
                0x10000660                __malloc_top_pad
 .bss.__lock___malloc_recursive_mutex
                0x10000664        0x1 C:/nxp/MCUXpressoIDE_25.6.136/ide/plugins/com.nxp.mcuxpresso.tools.win32_25.6.0.202501151204/tools/bin/../lib/gcc/arm-none-eabi/14.2.1/thumb/v6-m/nofp\libc.a(libc_a-lock.o)
                0x10000664                __lock___malloc_recursive_mutex
 *fill*         0x10000665        0x3 
 .bss.__sf      0x10000668      0x138 C:/nxp/MCUXpressoIDE_25.6.136/ide/plugins/com.nxp.mcuxpresso.tools.win32_25.6.0.202501151204/tools/bin/../lib/gcc/arm-none-eabi/14.2.1/thumb/v6-m/nofp\libc.a(libc_a-findfp.o)
                0x10000668                __sf
 .bss.errno     0x100007a0        0x4 C:/nxp/MCUXpressoIDE_25.6.136/ide/plugins/com.nxp.mcuxpresso.tools.win32_25.6.0.202501151204/tools/bin/../lib/gcc/arm-none-eabi/14.2.1/thumb/v6-m/nofp\libc.a(libc_a-reent.o)
                0x100007a0                errno
 .bss.__end_of_heap
                0x100007a4        0x4 C:/nxp/MCUXpressoIDE_25.6.136/ide/plugins/com.nxp.mcuxpresso.tools.win32_25.6.0.202501151204/tools/bin/../lib/gcc/arm-none-eabi/14.2.1/../../../../arm-none-eabi/lib/thumb/v6-m/nofp\libcr_newlib_nohost.a(_cr_sbrk.o)
                0x100007a4                __end_of_heap
 .bss.object.0  0x100007a8       0x18 C:/nxp/MCUXpressoIDE_25.6.136/ide/plugins/com.nxp.mcuxpresso.tools.win32_25.6.0.202501151204/tools/bin/../lib/gcc/arm-none-eabi/14.2.1/thumb/v6-m/nofp\crtbegin.o
 *(COMMON)
                0x100007c0                        . = ALIGN (0x4)
                0x100007c0                        _ebss = .
                [!provide]                        PROVIDE (__end_bss_RAM = .)
                [!provide]                        PROVIDE (__end_bss_RamLoc16 = .)
                [!provide]                        PROVIDE (end = .)

.noinit         0x100007c0        0x0
                0x100007c0                        _noinit = .
                [!provide]                        PROVIDE (__start_noinit_RAM = .)
                [!provide]                        PROVIDE (__start_noinit_RamLoc16 = .)
 *(.noinit*)
                0x100007c0                        . = ALIGN (0x4)
                0x100007c0                        _end_noinit = .
                [!provide]                        PROVIDE (__end_noinit_RAM = .)
                [!provide]                        PROVIDE (__end_noinit_RamLoc16 = .)
                0x100007c0                        PROVIDE (_pvHeapStart = DEFINED (__user_heap_base)?__user_heap_base:.)
                0x10004000                        PROVIDE (_vStackTop = DEFINED (__user_stack_top)?__user_stack_top:(__top_RamLoc16 - 0x0))
                0xefffbb11                        PROVIDE (__valid_user_code_checksum = (0x0 - (((_vStackTop + (ResetISR + 0x1)) + (DEFINED (NMI_Handler)?NMI_Handler:M0_NMI_Handler + 0x1)) + (DEFINED (HardFault_Handler)?HardFault_Handler:M0_HardFault_Handler + 0x1))))
                0x00000000                        _image_start = LOADADDR (.text)
                0x00001ff4                        _image_end = (LOADADDR (.data) + SIZEOF (.data))
                0x00001ff4                        _image_size = (_image_end - _image_start)
OUTPUT(TPL2.axf elf32-littlearm)
LOAD linker stubs

.debug_info     0x00000000     0x3021
 .debug_info    0x00000000      0x552 ./Firmware/Init.o
 .debug_info    0x00000552      0x13d ./Firmware/Systick.o
 .debug_info    0x0000068f      0x9f7 ./Firmware/cr_cpp_config.o
 .debug_info    0x00001086      0x25c ./Firmware/cr_startup_lpc84x.o
 .debug_info    0x000012e2      0x336 ./Drivers/PerifericoTemporizado.o
 .debug_info    0x00001618      0x403 ./Drivers/PintInt.o
 .debug_info    0x00001a1b      0x45e ./Drivers/Timer.o
 .debug_info    0x00001e79      0x8d5 ./Drivers/gpio.o
 .debug_info    0x0000274e      0x724 ./Aplicacion/Ejercicio4.o
 .debug_info    0x00002e72      0x13e C:/nxp/MCUXpressoIDE_25.6.136/ide/plugins/com.nxp.mcuxpresso.tools.win32_25.6.0.202501151204/tools/bin/../lib/gcc/arm-none-eabi/14.2.1/../../../../arm-none-eabi/lib/thumb/v6-m/nofp\libcr_newlib_nohost.a(_cr_sbrk.o)
 .debug_info    0x00002fb0       0x71 C:/nxp/MCUXpressoIDE_25.6.136/ide/plugins/com.nxp.mcuxpresso.tools.win32_25.6.0.202501151204/tools/bin/../lib/gcc/arm-none-eabi/14.2.1/../../../../arm-none-eabi/lib/thumb/v6-m/nofp\libcr_newlib_nohost.a(_cr_check_heap.o)

.debug_abbrev   0x00000000     0x1322
 .debug_abbrev  0x00000000      0x10f ./Firmware/Init.o
 .debug_abbrev  0x0000010f      0x10a ./Firmware/Systick.o
 .debug_abbrev  0x00000219      0x26e ./Firmware/cr_cpp_config.o
 .debug_abbrev  0x00000487      0x13a ./Firmware/cr_startup_lpc84x.o
 .debug_abbrev  0x000005c1      0x21b ./Drivers/PerifericoTemporizado.o
 .debug_abbrev  0x000007dc      0x231 ./Drivers/PintInt.o
 .debug_abbrev  0x00000a0d      0x246 ./Drivers/Timer.o
 .debug_abbrev  0x00000c53      0x2d0 ./Drivers/gpio.o
 .debug_abbrev  0x00000f23      0x28a ./Aplicacion/Ejercicio4.o
 .debug_abbrev  0x000011ad      0x10a C:/nxp/MCUXpressoIDE_25.6.136/ide/plugins/com.nxp.mcuxpresso.tools.win32_25.6.0.202501151204/tools/bin/../lib/gcc/arm-none-eabi/14.2.1/../../../../arm-none-eabi/lib/thumb/v6-m/nofp\libcr_newlib_nohost.a(_cr_sbrk.o)
 .debug_abbrev  0x000012b7       0x6b C:/nxp/MCUXpressoIDE_25.6.136/ide/plugins/com.nxp.mcuxpresso.tools.win32_25.6.0.202501151204/tools/bin/../lib/gcc/arm-none-eabi/14.2.1/../../../../arm-none-eabi/lib/thumb/v6-m/nofp\libcr_newlib_nohost.a(_cr_check_heap.o)

.debug_aranges  0x00000000      0x2e8
 .debug_aranges
                0x00000000       0x20 ./Firmware/Init.o
 .debug_aranges
                0x00000020       0x28 ./Firmware/Systick.o
 .debug_aranges
                0x00000048       0x48 ./Firmware/cr_cpp_config.o
 .debug_aranges
                0x00000090       0x60 ./Firmware/cr_startup_lpc84x.o
 .debug_aranges
                0x000000f0       0x28 ./Drivers/PerifericoTemporizado.o
 .debug_aranges
                0x00000118       0x70 ./Drivers/PintInt.o
 .debug_aranges
                0x00000188       0x48 ./Drivers/Timer.o
 .debug_aranges
                0x000001d0       0x88 ./Drivers/gpio.o
 .debug_aranges
                0x00000258       0x50 ./Aplicacion/Ejercicio4.o
 .debug_aranges
                0x000002a8       0x20 C:/nxp/MCUXpressoIDE_25.6.136/ide/plugins/com.nxp.mcuxpresso.tools.win32_25.6.0.202501151204/tools/bin/../lib/gcc/arm-none-eabi/14.2.1/../../../../arm-none-eabi/lib/thumb/v6-m/nofp\libcr_newlib_nohost.a(_cr_sbrk.o)
 .debug_aranges
                0x000002c8       0x20 C:/nxp/MCUXpressoIDE_25.6.136/ide/plugins/com.nxp.mcuxpresso.tools.win32_25.6.0.202501151204/tools/bin/../lib/gcc/arm-none-eabi/14.2.1/../../../../arm-none-eabi/lib/thumb/v6-m/nofp\libcr_newlib_nohost.a(_cr_check_heap.o)

.debug_ranges   0x00000000      0x238
 .debug_ranges  0x00000000       0x10 ./Firmware/Init.o
 .debug_ranges  0x00000010       0x18 ./Firmware/Systick.o
 .debug_ranges  0x00000028       0x38 ./Firmware/cr_cpp_config.o
 .debug_ranges  0x00000060       0x50 ./Firmware/cr_startup_lpc84x.o
 .debug_ranges  0x000000b0       0x18 ./Drivers/PerifericoTemporizado.o
 .debug_ranges  0x000000c8       0x60 ./Drivers/PintInt.o
 .debug_ranges  0x00000128       0x38 ./Drivers/Timer.o
 .debug_ranges  0x00000160       0x78 ./Drivers/gpio.o
 .debug_ranges  0x000001d8       0x40 ./Aplicacion/Ejercicio4.o
 .debug_ranges  0x00000218       0x10 C:/nxp/MCUXpressoIDE_25.6.136/ide/plugins/com.nxp.mcuxpresso.tools.win32_25.6.0.202501151204/tools/bin/../lib/gcc/arm-none-eabi/14.2.1/../../../../arm-none-eabi/lib/thumb/v6-m/nofp\libcr_newlib_nohost.a(_cr_sbrk.o)
 .debug_ranges  0x00000228       0x10 C:/nxp/MCUXpressoIDE_25.6.136/ide/plugins/com.nxp.mcuxpresso.tools.win32_25.6.0.202501151204/tools/bin/../lib/gcc/arm-none-eabi/14.2.1/../../../../arm-none-eabi/lib/thumb/v6-m/nofp\libcr_newlib_nohost.a(_cr_check_heap.o)

.debug_macro    0x00000000     0x243a
 .debug_macro   0x00000000       0x3b ./Firmware/Init.o
 .debug_macro   0x0000003b      0xc16 ./Firmware/Init.o
 .debug_macro   0x00000c51      0x1a1 ./Firmware/Init.o
 .debug_macro   0x00000df2       0x10 ./Firmware/Init.o
 .debug_macro   0x00000e02       0x32 ./Firmware/Systick.o
 .debug_macro   0x00000e34      0x14d ./Firmware/cr_cpp_config.o
 .debug_macro   0x00000f81      0x1f2 ./Firmware/cr_cpp_config.o
 .debug_macro   0x00001173       0x10 ./Firmware/cr_cpp_config.o
 .debug_macro   0x00001183       0xc1 ./Firmware/cr_cpp_config.o
 .debug_macro   0x00001244       0xed ./Firmware/cr_cpp_config.o
 .debug_macro   0x00001331      0x44f ./Firmware/cr_cpp_config.o
 .debug_macro   0x00001780       0x10 ./Firmware/cr_cpp_config.o
 .debug_macro   0x00001790       0x24 ./Firmware/cr_cpp_config.o
 .debug_macro   0x000017b4       0x22 ./Firmware/cr_cpp_config.o
 .debug_macro   0x000017d6       0x75 ./Firmware/cr_cpp_config.o
 .debug_macro   0x0000184b       0x94 ./Firmware/cr_cpp_config.o
 .debug_macro   0x000018df       0x3c ./Firmware/cr_cpp_config.o
 .debug_macro   0x0000191b       0x34 ./Firmware/cr_cpp_config.o
 .debug_macro   0x0000194f       0x16 ./Firmware/cr_cpp_config.o
 .debug_macro   0x00001965      0x11c ./Firmware/cr_cpp_config.o
 .debug_macro   0x00001a81       0xa2 ./Firmware/cr_cpp_config.o
 .debug_macro   0x00001b23       0x57 ./Firmware/cr_cpp_config.o
 .debug_macro   0x00001b7a      0x380 ./Firmware/cr_cpp_config.o
 .debug_macro   0x00001efa       0x16 ./Firmware/cr_cpp_config.o
 .debug_macro   0x00001f10       0x4a ./Firmware/cr_cpp_config.o
 .debug_macro   0x00001f5a       0x34 ./Firmware/cr_cpp_config.o
 .debug_macro   0x00001f8e       0x10 ./Firmware/cr_cpp_config.o
 .debug_macro   0x00001f9e       0x58 ./Firmware/cr_cpp_config.o
 .debug_macro   0x00001ff6      0x1e5 ./Firmware/cr_cpp_config.o
 .debug_macro   0x000021db       0x16 ./Firmware/cr_cpp_config.o
 .debug_macro   0x000021f1       0x29 ./Firmware/cr_cpp_config.o
 .debug_macro   0x0000221a       0x1c ./Firmware/cr_cpp_config.o
 .debug_macro   0x00002236       0xde ./Firmware/cr_cpp_config.o
 .debug_macro   0x00002314       0x1d ./Firmware/cr_startup_lpc84x.o
 .debug_macro   0x00002331       0x24 ./Drivers/PerifericoTemporizado.o
 .debug_macro   0x00002355       0x24 ./Drivers/PintInt.o
 .debug_macro   0x00002379       0x2e ./Drivers/Timer.o
 .debug_macro   0x000023a7       0x2d ./Drivers/gpio.o
 .debug_macro   0x000023d4       0x66 ./Aplicacion/Ejercicio4.o

.debug_line     0x00000000     0x1aa7
 .debug_line    0x00000000      0x16e ./Firmware/Init.o
 .debug_line    0x0000016e      0x18a ./Firmware/Systick.o
 .debug_line    0x000002f8      0x635 ./Firmware/cr_cpp_config.o
 .debug_line    0x0000092d      0x10b ./Firmware/cr_startup_lpc84x.o
 .debug_line    0x00000a38      0x1f7 ./Drivers/PerifericoTemporizado.o
 .debug_line    0x00000c2f      0x3d5 ./Drivers/PintInt.o
 .debug_line    0x00001004      0x1db ./Drivers/Timer.o
 .debug_line    0x000011df      0x3bf ./Drivers/gpio.o
 .debug_line    0x0000159e      0x2cb ./Aplicacion/Ejercicio4.o
 .debug_line    0x00001869      0x1dd C:/nxp/MCUXpressoIDE_25.6.136/ide/plugins/com.nxp.mcuxpresso.tools.win32_25.6.0.202501151204/tools/bin/../lib/gcc/arm-none-eabi/14.2.1/../../../../arm-none-eabi/lib/thumb/v6-m/nofp\libcr_newlib_nohost.a(_cr_sbrk.o)
 .debug_line    0x00001a46       0x61 C:/nxp/MCUXpressoIDE_25.6.136/ide/plugins/com.nxp.mcuxpresso.tools.win32_25.6.0.202501151204/tools/bin/../lib/gcc/arm-none-eabi/14.2.1/../../../../arm-none-eabi/lib/thumb/v6-m/nofp\libcr_newlib_nohost.a(_cr_check_heap.o)

.debug_str      0x00000000     0xac82
 .debug_str     0x00000000     0xac82 ./Firmware/Init.o
                               0x4013 (size before relaxing)
 .debug_str     0x0000ac82     0x3d0a ./Firmware/Systick.o
 .debug_str     0x0000ac82     0x91c2 ./Firmware/cr_cpp_config.o
 .debug_str     0x0000ac82     0x3666 ./Firmware/cr_startup_lpc84x.o
 .debug_str     0x0000ac82     0x3e16 ./Drivers/PerifericoTemporizado.o
 .debug_str     0x0000ac82     0x3e9b ./Drivers/PintInt.o
 .debug_str     0x0000ac82     0x3ee1 ./Drivers/Timer.o
 .debug_str     0x0000ac82     0x3fc9 ./Drivers/gpio.o
 .debug_str     0x0000ac82     0x460c ./Aplicacion/Ejercicio4.o
 .debug_str     0x0000ac82      0x225 C:/nxp/MCUXpressoIDE_25.6.136/ide/plugins/com.nxp.mcuxpresso.tools.win32_25.6.0.202501151204/tools/bin/../lib/gcc/arm-none-eabi/14.2.1/../../../../arm-none-eabi/lib/thumb/v6-m/nofp\libcr_newlib_nohost.a(_cr_sbrk.o)
 .debug_str     0x0000ac82      0x170 C:/nxp/MCUXpressoIDE_25.6.136/ide/plugins/com.nxp.mcuxpresso.tools.win32_25.6.0.202501151204/tools/bin/../lib/gcc/arm-none-eabi/14.2.1/../../../../arm-none-eabi/lib/thumb/v6-m/nofp\libcr_newlib_nohost.a(_cr_check_heap.o)

.comment        0x00000000       0x45
 .comment       0x00000000       0x45 ./Firmware/Init.o
                                 0x46 (size before relaxing)
 .comment       0x00000045       0x46 ./Firmware/Systick.o
 .comment       0x00000045       0x46 ./Firmware/cr_cpp_config.o
 .comment       0x00000045       0x46 ./Firmware/cr_startup_lpc84x.o
 .comment       0x00000045       0x46 ./Drivers/PerifericoTemporizado.o
 .comment       0x00000045       0x46 ./Drivers/PintInt.o
 .comment       0x00000045       0x46 ./Drivers/Timer.o
 .comment       0x00000045       0x46 ./Drivers/gpio.o
 .comment       0x00000045       0x46 ./Aplicacion/Ejercicio4.o
 .comment       0x00000045       0x46 C:/nxp/MCUXpressoIDE_25.6.136/ide/plugins/com.nxp.mcuxpresso.tools.win32_25.6.0.202501151204/tools/bin/../lib/gcc/arm-none-eabi/14.2.1/../../../../arm-none-eabi/lib/thumb/v6-m/nofp\libcr_newlib_nohost.a(_cr_sbrk.o)
 .comment       0x00000045       0x46 C:/nxp/MCUXpressoIDE_25.6.136/ide/plugins/com.nxp.mcuxpresso.tools.win32_25.6.0.202501151204/tools/bin/../lib/gcc/arm-none-eabi/14.2.1/../../../../arm-none-eabi/lib/thumb/v6-m/nofp\libcr_newlib_nohost.a(_cr_check_heap.o)

.ARM.attributes
                0x00000000       0x2c
 .ARM.attributes
                0x00000000       0x2c ./Firmware/Init.o
 .ARM.attributes
                0x0000002c       0x2c ./Firmware/Systick.o
 .ARM.attributes
                0x00000058       0x2c ./Firmware/cr_cpp_config.o
 .ARM.attributes
                0x00000084       0x2c ./Firmware/cr_startup_lpc84x.o
 .ARM.attributes
                0x000000b0       0x2c ./Drivers/PerifericoTemporizado.o
 .ARM.attributes
                0x000000dc       0x2c ./Drivers/PintInt.o
 .ARM.attributes
                0x00000108       0x2c ./Drivers/Timer.o
 .ARM.attributes
                0x00000134       0x2c ./Drivers/gpio.o
 .ARM.attributes
                0x00000160       0x2c ./Aplicacion/Ejercicio4.o
 .ARM.attributes
                0x0000018c       0x2c C:/nxp/MCUXpressoIDE_25.6.136/ide/plugins/com.nxp.mcuxpresso.tools.win32_25.6.0.202501151204/tools/bin/../lib/gcc/arm-none-eabi/14.2.1/thumb/v6-m/nofp\libc.a(libc_a-malloc.o)
 .ARM.attributes
                0x000001b8       0x2c C:/nxp/MCUXpressoIDE_25.6.136/ide/plugins/com.nxp.mcuxpresso.tools.win32_25.6.0.202501151204/tools/bin/../lib/gcc/arm-none-eabi/14.2.1/thumb/v6-m/nofp\libc.a(libc_a-mallocr.o)
 .ARM.attributes
                0x000001e4       0x2c C:/nxp/MCUXpressoIDE_25.6.136/ide/plugins/com.nxp.mcuxpresso.tools.win32_25.6.0.202501151204/tools/bin/../lib/gcc/arm-none-eabi/14.2.1/thumb/v6-m/nofp\libc.a(libc_a-mlock.o)
 .ARM.attributes
                0x00000210       0x2c C:/nxp/MCUXpressoIDE_25.6.136/ide/plugins/com.nxp.mcuxpresso.tools.win32_25.6.0.202501151204/tools/bin/../lib/gcc/arm-none-eabi/14.2.1/thumb/v6-m/nofp\libc.a(libc_a-impure.o)
 .ARM.attributes
                0x0000023c       0x2c C:/nxp/MCUXpressoIDE_25.6.136/ide/plugins/com.nxp.mcuxpresso.tools.win32_25.6.0.202501151204/tools/bin/../lib/gcc/arm-none-eabi/14.2.1/thumb/v6-m/nofp\libc.a(libc_a-sbrkr.o)
 .ARM.attributes
                0x00000268       0x2c C:/nxp/MCUXpressoIDE_25.6.136/ide/plugins/com.nxp.mcuxpresso.tools.win32_25.6.0.202501151204/tools/bin/../lib/gcc/arm-none-eabi/14.2.1/thumb/v6-m/nofp\libc.a(libc_a-init.o)
 .ARM.attributes
                0x00000294       0x2c C:/nxp/MCUXpressoIDE_25.6.136/ide/plugins/com.nxp.mcuxpresso.tools.win32_25.6.0.202501151204/tools/bin/../lib/gcc/arm-none-eabi/14.2.1/thumb/v6-m/nofp\libc.a(libc_a-lock.o)
 .ARM.attributes
                0x000002c0       0x2c C:/nxp/MCUXpressoIDE_25.6.136/ide/plugins/com.nxp.mcuxpresso.tools.win32_25.6.0.202501151204/tools/bin/../lib/gcc/arm-none-eabi/14.2.1/thumb/v6-m/nofp\libc.a(libc_a-sysconf.o)
 .ARM.attributes
                0x000002ec       0x2c C:/nxp/MCUXpressoIDE_25.6.136/ide/plugins/com.nxp.mcuxpresso.tools.win32_25.6.0.202501151204/tools/bin/../lib/gcc/arm-none-eabi/14.2.1/thumb/v6-m/nofp\libc.a(libc_a-freer.o)
 .ARM.attributes
                0x00000318       0x2c C:/nxp/MCUXpressoIDE_25.6.136/ide/plugins/com.nxp.mcuxpresso.tools.win32_25.6.0.202501151204/tools/bin/../lib/gcc/arm-none-eabi/14.2.1/thumb/v6-m/nofp\libc.a(libc_a-findfp.o)
 .ARM.attributes
                0x00000344       0x2c C:/nxp/MCUXpressoIDE_25.6.136/ide/plugins/com.nxp.mcuxpresso.tools.win32_25.6.0.202501151204/tools/bin/../lib/gcc/arm-none-eabi/14.2.1/thumb/v6-m/nofp\libc.a(libc_a-reent.o)
 .ARM.attributes
                0x00000370       0x2c C:/nxp/MCUXpressoIDE_25.6.136/ide/plugins/com.nxp.mcuxpresso.tools.win32_25.6.0.202501151204/tools/bin/../lib/gcc/arm-none-eabi/14.2.1/thumb/v6-m/nofp\libc.a(libc_a-errno.o)
 .ARM.attributes
                0x0000039c       0x2c C:/nxp/MCUXpressoIDE_25.6.136/ide/plugins/com.nxp.mcuxpresso.tools.win32_25.6.0.202501151204/tools/bin/../lib/gcc/arm-none-eabi/14.2.1/../../../../arm-none-eabi/lib/thumb/v6-m/nofp\libcr_newlib_nohost.a(_cr_sbrk.o)
 .ARM.attributes
                0x000003c8       0x2c C:/nxp/MCUXpressoIDE_25.6.136/ide/plugins/com.nxp.mcuxpresso.tools.win32_25.6.0.202501151204/tools/bin/../lib/gcc/arm-none-eabi/14.2.1/../../../../arm-none-eabi/lib/thumb/v6-m/nofp\libcr_newlib_nohost.a(_cr_check_heap.o)
 .ARM.attributes
                0x000003f4       0x1e C:/nxp/MCUXpressoIDE_25.6.136/ide/plugins/com.nxp.mcuxpresso.tools.win32_25.6.0.202501151204/tools/bin/../lib/gcc/arm-none-eabi/14.2.1/thumb/v6-m/nofp\crti.o
 .ARM.attributes
                0x00000412       0x1e C:/nxp/MCUXpressoIDE_25.6.136/ide/plugins/com.nxp.mcuxpresso.tools.win32_25.6.0.202501151204/tools/bin/../lib/gcc/arm-none-eabi/14.2.1/thumb/v6-m/nofp\crtn.o
 .ARM.attributes
                0x00000430       0x2c C:/nxp/MCUXpressoIDE_25.6.136/ide/plugins/com.nxp.mcuxpresso.tools.win32_25.6.0.202501151204/tools/bin/../lib/gcc/arm-none-eabi/14.2.1/thumb/v6-m/nofp\crtbegin.o
 .ARM.attributes
                0x0000045c       0x2c C:/nxp/MCUXpressoIDE_25.6.136/ide/plugins/com.nxp.mcuxpresso.tools.win32_25.6.0.202501151204/tools/bin/../lib/gcc/arm-none-eabi/14.2.1/thumb/v6-m/nofp\crtend.o
 .ARM.attributes
                0x00000488       0x1e C:/nxp/MCUXpressoIDE_25.6.136/ide/plugins/com.nxp.mcuxpresso.tools.win32_25.6.0.202501151204/tools/bin/../lib/gcc/arm-none-eabi/14.2.1/thumb/v6-m/nofp\libgcc.a(_udivsi3.o)
 .ARM.attributes
                0x000004a6       0x1e C:/nxp/MCUXpressoIDE_25.6.136/ide/plugins/com.nxp.mcuxpresso.tools.win32_25.6.0.202501151204/tools/bin/../lib/gcc/arm-none-eabi/14.2.1/thumb/v6-m/nofp\libgcc.a(_dvmd_tls.o)

.debug_frame    0x00000000      0xbb0
 .debug_frame   0x00000000       0x2c ./Firmware/Init.o
 .debug_frame   0x0000002c       0x4c ./Firmware/Systick.o
 .debug_frame   0x00000078       0xcc ./Firmware/cr_cpp_config.o
 .debug_frame   0x00000144      0x118 ./Firmware/cr_startup_lpc84x.o
 .debug_frame   0x0000025c       0x50 ./Drivers/PerifericoTemporizado.o
 .debug_frame   0x000002ac      0x150 ./Drivers/PintInt.o
 .debug_frame   0x000003fc       0xd0 ./Drivers/Timer.o
 .debug_frame   0x000004cc      0x1d4 ./Drivers/gpio.o
 .debug_frame   0x000006a0       0xd8 ./Aplicacion/Ejercicio4.o
 .debug_frame   0x00000778       0x40 C:/nxp/MCUXpressoIDE_25.6.136/ide/plugins/com.nxp.mcuxpresso.tools.win32_25.6.0.202501151204/tools/bin/../lib/gcc/arm-none-eabi/14.2.1/thumb/v6-m/nofp\libc.a(libc_a-malloc.o)
 .debug_frame   0x000007b8       0x3c C:/nxp/MCUXpressoIDE_25.6.136/ide/plugins/com.nxp.mcuxpresso.tools.win32_25.6.0.202501151204/tools/bin/../lib/gcc/arm-none-eabi/14.2.1/thumb/v6-m/nofp\libc.a(libc_a-mallocr.o)
 .debug_frame   0x000007f4       0x40 C:/nxp/MCUXpressoIDE_25.6.136/ide/plugins/com.nxp.mcuxpresso.tools.win32_25.6.0.202501151204/tools/bin/../lib/gcc/arm-none-eabi/14.2.1/thumb/v6-m/nofp\libc.a(libc_a-mlock.o)
 .debug_frame   0x00000834       0x2c C:/nxp/MCUXpressoIDE_25.6.136/ide/plugins/com.nxp.mcuxpresso.tools.win32_25.6.0.202501151204/tools/bin/../lib/gcc/arm-none-eabi/14.2.1/thumb/v6-m/nofp\libc.a(libc_a-sbrkr.o)
 .debug_frame   0x00000860       0x2c C:/nxp/MCUXpressoIDE_25.6.136/ide/plugins/com.nxp.mcuxpresso.tools.win32_25.6.0.202501151204/tools/bin/../lib/gcc/arm-none-eabi/14.2.1/thumb/v6-m/nofp\libc.a(libc_a-init.o)
 .debug_frame   0x0000088c       0xb0 C:/nxp/MCUXpressoIDE_25.6.136/ide/plugins/com.nxp.mcuxpresso.tools.win32_25.6.0.202501151204/tools/bin/../lib/gcc/arm-none-eabi/14.2.1/thumb/v6-m/nofp\libc.a(libc_a-lock.o)
 .debug_frame   0x0000093c       0x28 C:/nxp/MCUXpressoIDE_25.6.136/ide/plugins/com.nxp.mcuxpresso.tools.win32_25.6.0.202501151204/tools/bin/../lib/gcc/arm-none-eabi/14.2.1/thumb/v6-m/nofp\libc.a(libc_a-sysconf.o)
 .debug_frame   0x00000964       0x5c C:/nxp/MCUXpressoIDE_25.6.136/ide/plugins/com.nxp.mcuxpresso.tools.win32_25.6.0.202501151204/tools/bin/../lib/gcc/arm-none-eabi/14.2.1/thumb/v6-m/nofp\libc.a(libc_a-freer.o)
 .debug_frame   0x000009c0      0x138 C:/nxp/MCUXpressoIDE_25.6.136/ide/plugins/com.nxp.mcuxpresso.tools.win32_25.6.0.202501151204/tools/bin/../lib/gcc/arm-none-eabi/14.2.1/thumb/v6-m/nofp\libc.a(libc_a-findfp.o)
 .debug_frame   0x00000af8       0x2c C:/nxp/MCUXpressoIDE_25.6.136/ide/plugins/com.nxp.mcuxpresso.tools.win32_25.6.0.202501151204/tools/bin/../lib/gcc/arm-none-eabi/14.2.1/thumb/v6-m/nofp\libc.a(libc_a-reent.o)
 .debug_frame   0x00000b24       0x20 C:/nxp/MCUXpressoIDE_25.6.136/ide/plugins/com.nxp.mcuxpresso.tools.win32_25.6.0.202501151204/tools/bin/../lib/gcc/arm-none-eabi/14.2.1/thumb/v6-m/nofp\libc.a(libc_a-errno.o)
 .debug_frame   0x00000b44       0x2c C:/nxp/MCUXpressoIDE_25.6.136/ide/plugins/com.nxp.mcuxpresso.tools.win32_25.6.0.202501151204/tools/bin/../lib/gcc/arm-none-eabi/14.2.1/../../../../arm-none-eabi/lib/thumb/v6-m/nofp\libcr_newlib_nohost.a(_cr_sbrk.o)
 .debug_frame   0x00000b70       0x20 C:/nxp/MCUXpressoIDE_25.6.136/ide/plugins/com.nxp.mcuxpresso.tools.win32_25.6.0.202501151204/tools/bin/../lib/gcc/arm-none-eabi/14.2.1/../../../../arm-none-eabi/lib/thumb/v6-m/nofp\libcr_newlib_nohost.a(_cr_check_heap.o)
 .debug_frame   0x00000b90       0x20 C:/nxp/MCUXpressoIDE_25.6.136/ide/plugins/com.nxp.mcuxpresso.tools.win32_25.6.0.202501151204/tools/bin/../lib/gcc/arm-none-eabi/14.2.1/thumb/v6-m/nofp\libgcc.a(_udivsi3.o)

.debug_loc      0x00000000       0x88
 .debug_loc     0x00000000       0x66 C:/nxp/MCUXpressoIDE_25.6.136/ide/plugins/com.nxp.mcuxpresso.tools.win32_25.6.0.202501151204/tools/bin/../lib/gcc/arm-none-eabi/14.2.1/../../../../arm-none-eabi/lib/thumb/v6-m/nofp\libcr_newlib_nohost.a(_cr_sbrk.o)
 .debug_loc     0x00000066       0x22 C:/nxp/MCUXpressoIDE_25.6.136/ide/plugins/com.nxp.mcuxpresso.tools.win32_25.6.0.202501151204/tools/bin/../lib/gcc/arm-none-eabi/14.2.1/../../../../arm-none-eabi/lib/thumb/v6-m/nofp\libcr_newlib_nohost.a(_cr_check_heap.o)

.debug_line_str
                0x00000000       0xcd
 .debug_line_str
                0x00000000       0xcd C:/nxp/MCUXpressoIDE_25.6.136/ide/plugins/com.nxp.mcuxpresso.tools.win32_25.6.0.202501151204/tools/bin/../lib/gcc/arm-none-eabi/14.2.1/thumb/v6-m/nofp\libgcc.a(_udivsi3.o)
 .debug_line_str
                0x000000cd       0xcd C:/nxp/MCUXpressoIDE_25.6.136/ide/plugins/com.nxp.mcuxpresso.tools.win32_25.6.0.202501151204/tools/bin/../lib/gcc/arm-none-eabi/14.2.1/thumb/v6-m/nofp\libgcc.a(_dvmd_tls.o)

Cross Reference Table

Symbol                                            File
ADC_OVR_IRQHandler                                ./Firmware/cr_startup_lpc84x.o
ADC_SEQA_IRQHandler                               ./Firmware/cr_startup_lpc84x.o
ADC_SEQB_IRQHandler                               ./Firmware/cr_startup_lpc84x.o
ADC_THCMP_IRQHandler                              ./Firmware/cr_startup_lpc84x.o
BOD_IRQHandler                                    ./Firmware/cr_startup_lpc84x.o
CMP_IRQHandler                                    ./Firmware/cr_startup_lpc84x.o
CTIMER0_IRQHandler                                ./Firmware/cr_startup_lpc84x.o
DAC0_IRQHandler                                   ./Firmware/cr_startup_lpc84x.o
DMA_IRQHandler                                    ./Firmware/cr_startup_lpc84x.o
DigitalInput::DigitalInput(unsigned char, unsigned char, unsigned char) ./Drivers/DigitalInput.o
DigitalInput::DigitalInput(unsigned char, unsigned char, unsigned char) ./Drivers/DigitalInput.o
DigitalInput::getKey()                            ./Drivers/DigitalInput.o
DigitalInput::handler()                           ./Drivers/DigitalInput.o
FAIM_IRQHandler                                   ./Firmware/cr_startup_lpc84x.o
FLASH_IRQHandler                                  ./Firmware/cr_startup_lpc84x.o
HardFault_Handler                                 ./Firmware/cr_startup_lpc84x.o
I2C0_IRQHandler                                   ./Firmware/cr_startup_lpc84x.o
I2C1_IRQHandler                                   ./Firmware/cr_startup_lpc84x.o
I2C2_IRQHandler                                   ./Firmware/cr_startup_lpc84x.o
I2C3_IRQHandler                                   ./Firmware/cr_startup_lpc84x.o
Inicializar()                                     ./Firmware/Init.o
                                                  ./Aplicacion/Ejercicio4.o
InitSystick()                                     ./Firmware/Systick.o
                                                  ./Firmware/Init.o
IntDefaultHandler                                 ./Firmware/cr_startup_lpc84x.o
MRT_IRQHandler                                    ./Firmware/cr_startup_lpc84x.o
NMI_Handler                                       ./Firmware/cr_startup_lpc84x.o
PININT0_IRQHandler                                ./Drivers/PintInt.o
                                                  ./Firmware/cr_startup_lpc84x.o
PININT1_IRQHandler                                ./Drivers/PintInt.o
                                                  ./Firmware/cr_startup_lpc84x.o
PININT2_IRQHandler                                ./Drivers/PintInt.o
                                                  ./Firmware/cr_startup_lpc84x.o
PININT3_IRQHandler                                ./Drivers/PintInt.o
                                                  ./Firmware/cr_startup_lpc84x.o
PININT4_IRQHandler                                ./Drivers/PintInt.o
                                                  ./Firmware/cr_startup_lpc84x.o
PININT5_IRQHandler                                ./Drivers/PintInt.o
                                                  ./Firmware/cr_startup_lpc84x.o
PININT6_IRQHandler                                ./Drivers/PintInt.o
                                                  ./Firmware/cr_startup_lpc84x.o
PININT7_IRQHandler                                ./Drivers/PintInt.o
                                                  ./Firmware/cr_startup_lpc84x.o
PendSV_Handler                                    ./Firmware/cr_startup_lpc84x.o
PerifericoTemporizado::PerifericoTemporizado(void (*)()) ./Drivers/PerifericoTemporizado.o
                                                  ./Drivers/Timer.o
                                                  ./Drivers/DigitalInput.o
PerifericoTemporizado::PerifericoTemporizado(void (*)()) ./Drivers/PerifericoTemporizado.o
PerifericoTemporizado::cant_pt                    ./Drivers/PerifericoTemporizado.o
                                                  ./Firmware/Systick.o
PerifericoTemporizado::~PerifericoTemporizado()   ./Drivers/PerifericoTemporizado.o
                                                  ./Drivers/Timer.o
PerifericoTemporizado::~PerifericoTemporizado()   ./Drivers/PerifericoTemporizado.o
PinInt::PinInt(unsigned char, unsigned char, unsigned char, void (*)()) ./Drivers/PintInt.o
PinInt::PinInt(unsigned char, unsigned char, unsigned char, void (*)()) ./Drivers/PintInt.o
                                                  ./Aplicacion/Ejercicio4.o
PinInt::cant_pinInt                               ./Drivers/PintInt.o
PinInt::configIntExt()                            ./Drivers/PintInt.o
PinInt::~PinInt()                                 ./Drivers/PintInt.o
PinInt::~PinInt()                                 ./Drivers/PintInt.o
                                                  ./Aplicacion/Ejercicio4.o
ResetISR                                          ./Firmware/cr_startup_lpc84x.o
SCT_IRQHandler                                    ./Firmware/cr_startup_lpc84x.o
SPI0_IRQHandler                                   ./Firmware/cr_startup_lpc84x.o
SPI1_IRQHandler                                   ./Firmware/cr_startup_lpc84x.o
SVC_Handler                                       ./Firmware/cr_startup_lpc84x.o
SysTick_Handler                                   ./Firmware/Systick.o
Timer::Timer(unsigned int, void (*)(), bool)      ./Drivers/Timer.o
                                                  ./Aplicacion/Ejercicio4.o
Timer::Timer(unsigned int, void (*)(), bool)      ./Drivers/Timer.o
Timer::handler()                                  ./Drivers/Timer.o
Timer::setTime(unsigned int)                      ./Drivers/Timer.o
                                                  ./Aplicacion/Ejercicio4.o
Timer::start()                                    ./Drivers/Timer.o
                                                  ./Aplicacion/Ejercicio4.o
Timer::stop()                                     ./Drivers/Timer.o
                                                  ./Aplicacion/Ejercicio4.o
Timer::~Timer()                                   ./Drivers/Timer.o
Timer::~Timer()                                   ./Drivers/Timer.o
                                                  ./Aplicacion/Ejercicio4.o
UART0_IRQHandler                                  ./Firmware/cr_startup_lpc84x.o
UART1_IRQHandler                                  ./Firmware/cr_startup_lpc84x.o
UART2_IRQHandler                                  ./Firmware/cr_startup_lpc84x.o
WDT_IRQHandler                                    ./Firmware/cr_startup_lpc84x.o
WKT_IRQHandler                                    ./Firmware/cr_startup_lpc84x.o
_ITM_deregisterTMCloneTable                       C:/nxp/MCUXpressoIDE_25.6.136/ide/plugins/com.nxp.mcuxpresso.tools.win32_25.6.0.202501151204/tools/bin/../lib/gcc/arm-none-eabi/14.2.1/thumb/v6-m/nofp\crtbegin.o
_ITM_registerTMCloneTable                         C:/nxp/MCUXpressoIDE_25.6.136/ide/plugins/com.nxp.mcuxpresso.tools.win32_25.6.0.202501151204/tools/bin/../lib/gcc/arm-none-eabi/14.2.1/thumb/v6-m/nofp\crtbegin.o
__TMC_END__                                       C:/nxp/MCUXpressoIDE_25.6.136/ide/plugins/com.nxp.mcuxpresso.tools.win32_25.6.0.202501151204/tools/bin/../lib/gcc/arm-none-eabi/14.2.1/thumb/v6-m/nofp\crtend.o
                                                  C:/nxp/MCUXpressoIDE_25.6.136/ide/plugins/com.nxp.mcuxpresso.tools.win32_25.6.0.202501151204/tools/bin/../lib/gcc/arm-none-eabi/14.2.1/thumb/v6-m/nofp\crtbegin.o
__aeabi_atexit                                    ./Firmware/cr_cpp_config.o
                                                  ./Aplicacion/Ejercicio4.o
__aeabi_idiv0                                     C:/nxp/MCUXpressoIDE_25.6.136/ide/plugins/com.nxp.mcuxpresso.tools.win32_25.6.0.202501151204/tools/bin/../lib/gcc/arm-none-eabi/14.2.1/thumb/v6-m/nofp\libgcc.a(_dvmd_tls.o)
                                                  C:/nxp/MCUXpressoIDE_25.6.136/ide/plugins/com.nxp.mcuxpresso.tools.win32_25.6.0.202501151204/tools/bin/../lib/gcc/arm-none-eabi/14.2.1/thumb/v6-m/nofp\libgcc.a(_udivsi3.o)
__aeabi_ldiv0                                     C:/nxp/MCUXpressoIDE_25.6.136/ide/plugins/com.nxp.mcuxpresso.tools.win32_25.6.0.202501151204/tools/bin/../lib/gcc/arm-none-eabi/14.2.1/thumb/v6-m/nofp\libgcc.a(_dvmd_tls.o)
__aeabi_uidiv                                     C:/nxp/MCUXpressoIDE_25.6.136/ide/plugins/com.nxp.mcuxpresso.tools.win32_25.6.0.202501151204/tools/bin/../lib/gcc/arm-none-eabi/14.2.1/thumb/v6-m/nofp\libgcc.a(_udivsi3.o)
                                                  C:/nxp/MCUXpressoIDE_25.6.136/ide/plugins/com.nxp.mcuxpresso.tools.win32_25.6.0.202501151204/tools/bin/../lib/gcc/arm-none-eabi/14.2.1/thumb/v6-m/nofp\libc.a(libc_a-freer.o)
__aeabi_uidivmod                                  C:/nxp/MCUXpressoIDE_25.6.136/ide/plugins/com.nxp.mcuxpresso.tools.win32_25.6.0.202501151204/tools/bin/../lib/gcc/arm-none-eabi/14.2.1/thumb/v6-m/nofp\libgcc.a(_udivsi3.o)
__bss_section_table_end                           ./Firmware/cr_startup_lpc84x.o
__check_heap_overflow                             C:/nxp/MCUXpressoIDE_25.6.136/ide/plugins/com.nxp.mcuxpresso.tools.win32_25.6.0.202501151204/tools/bin/../lib/gcc/arm-none-eabi/14.2.1/../../../../arm-none-eabi/lib/thumb/v6-m/nofp\libcr_newlib_nohost.a(_cr_check_heap.o)
                                                  C:/nxp/MCUXpressoIDE_25.6.136/ide/plugins/com.nxp.mcuxpresso.tools.win32_25.6.0.202501151204/tools/bin/../lib/gcc/arm-none-eabi/14.2.1/../../../../arm-none-eabi/lib/thumb/v6-m/nofp\libcr_newlib_nohost.a(_cr_sbrk.o)
__cxa_pure_virtual                                ./Drivers/PerifericoTemporizado.o
__data_section_table                              ./Firmware/cr_startup_lpc84x.o
__data_section_table_end                          ./Firmware/cr_startup_lpc84x.o
__deregister_frame_info                           C:/nxp/MCUXpressoIDE_25.6.136/ide/plugins/com.nxp.mcuxpresso.tools.win32_25.6.0.202501151204/tools/bin/../lib/gcc/arm-none-eabi/14.2.1/thumb/v6-m/nofp\crtbegin.o
__dso_handle                                      C:/nxp/MCUXpressoIDE_25.6.136/ide/plugins/com.nxp.mcuxpresso.tools.win32_25.6.0.202501151204/tools/bin/../lib/gcc/arm-none-eabi/14.2.1/thumb/v6-m/nofp\crtbegin.o
                                                  ./Aplicacion/Ejercicio4.o
__end_of_heap                                     C:/nxp/MCUXpressoIDE_25.6.136/ide/plugins/com.nxp.mcuxpresso.tools.win32_25.6.0.202501151204/tools/bin/../lib/gcc/arm-none-eabi/14.2.1/../../../../arm-none-eabi/lib/thumb/v6-m/nofp\libcr_newlib_nohost.a(_cr_sbrk.o)
__errno                                           C:/nxp/MCUXpressoIDE_25.6.136/ide/plugins/com.nxp.mcuxpresso.tools.win32_25.6.0.202501151204/tools/bin/../lib/gcc/arm-none-eabi/14.2.1/thumb/v6-m/nofp\libc.a(libc_a-errno.o)
                                                  C:/nxp/MCUXpressoIDE_25.6.136/ide/plugins/com.nxp.mcuxpresso.tools.win32_25.6.0.202501151204/tools/bin/../lib/gcc/arm-none-eabi/14.2.1/../../../../arm-none-eabi/lib/thumb/v6-m/nofp\libcr_newlib_nohost.a(_cr_sbrk.o)
                                                  C:/nxp/MCUXpressoIDE_25.6.136/ide/plugins/com.nxp.mcuxpresso.tools.win32_25.6.0.202501151204/tools/bin/../lib/gcc/arm-none-eabi/14.2.1/thumb/v6-m/nofp\libc.a(libc_a-sysconf.o)
__fp_lock_all                                     C:/nxp/MCUXpressoIDE_25.6.136/ide/plugins/com.nxp.mcuxpresso.tools.win32_25.6.0.202501151204/tools/bin/../lib/gcc/arm-none-eabi/14.2.1/thumb/v6-m/nofp\libc.a(libc_a-findfp.o)
__fp_unlock_all                                   C:/nxp/MCUXpressoIDE_25.6.136/ide/plugins/com.nxp.mcuxpresso.tools.win32_25.6.0.202501151204/tools/bin/../lib/gcc/arm-none-eabi/14.2.1/thumb/v6-m/nofp\libc.a(libc_a-findfp.o)
__gnu_cxx::__verbose_terminate_handler()          ./Firmware/cr_cpp_config.o
__init_array_end                                  C:/nxp/MCUXpressoIDE_25.6.136/ide/plugins/com.nxp.mcuxpresso.tools.win32_25.6.0.202501151204/tools/bin/../lib/gcc/arm-none-eabi/14.2.1/thumb/v6-m/nofp\libc.a(libc_a-init.o)
__init_array_start                                C:/nxp/MCUXpressoIDE_25.6.136/ide/plugins/com.nxp.mcuxpresso.tools.win32_25.6.0.202501151204/tools/bin/../lib/gcc/arm-none-eabi/14.2.1/thumb/v6-m/nofp\libc.a(libc_a-init.o)
__libc_init_array                                 C:/nxp/MCUXpressoIDE_25.6.136/ide/plugins/com.nxp.mcuxpresso.tools.win32_25.6.0.202501151204/tools/bin/../lib/gcc/arm-none-eabi/14.2.1/thumb/v6-m/nofp\libc.a(libc_a-init.o)
                                                  ./Firmware/cr_startup_lpc84x.o
__lock___arc4random_mutex                         C:/nxp/MCUXpressoIDE_25.6.136/ide/plugins/com.nxp.mcuxpresso.tools.win32_25.6.0.202501151204/tools/bin/../lib/gcc/arm-none-eabi/14.2.1/thumb/v6-m/nofp\libc.a(libc_a-lock.o)
__lock___at_quick_exit_mutex                      C:/nxp/MCUXpressoIDE_25.6.136/ide/plugins/com.nxp.mcuxpresso.tools.win32_25.6.0.202501151204/tools/bin/../lib/gcc/arm-none-eabi/14.2.1/thumb/v6-m/nofp\libc.a(libc_a-lock.o)
__lock___atexit_recursive_mutex                   C:/nxp/MCUXpressoIDE_25.6.136/ide/plugins/com.nxp.mcuxpresso.tools.win32_25.6.0.202501151204/tools/bin/../lib/gcc/arm-none-eabi/14.2.1/thumb/v6-m/nofp\libc.a(libc_a-lock.o)
__lock___dd_hash_mutex                            C:/nxp/MCUXpressoIDE_25.6.136/ide/plugins/com.nxp.mcuxpresso.tools.win32_25.6.0.202501151204/tools/bin/../lib/gcc/arm-none-eabi/14.2.1/thumb/v6-m/nofp\libc.a(libc_a-lock.o)
__lock___env_recursive_mutex                      C:/nxp/MCUXpressoIDE_25.6.136/ide/plugins/com.nxp.mcuxpresso.tools.win32_25.6.0.202501151204/tools/bin/../lib/gcc/arm-none-eabi/14.2.1/thumb/v6-m/nofp\libc.a(libc_a-lock.o)
__lock___malloc_recursive_mutex                   C:/nxp/MCUXpressoIDE_25.6.136/ide/plugins/com.nxp.mcuxpresso.tools.win32_25.6.0.202501151204/tools/bin/../lib/gcc/arm-none-eabi/14.2.1/thumb/v6-m/nofp\libc.a(libc_a-lock.o)
                                                  C:/nxp/MCUXpressoIDE_25.6.136/ide/plugins/com.nxp.mcuxpresso.tools.win32_25.6.0.202501151204/tools/bin/../lib/gcc/arm-none-eabi/14.2.1/thumb/v6-m/nofp\libc.a(libc_a-mlock.o)
__lock___sfp_recursive_mutex                      C:/nxp/MCUXpressoIDE_25.6.136/ide/plugins/com.nxp.mcuxpresso.tools.win32_25.6.0.202501151204/tools/bin/../lib/gcc/arm-none-eabi/14.2.1/thumb/v6-m/nofp\libc.a(libc_a-lock.o)
                                                  C:/nxp/MCUXpressoIDE_25.6.136/ide/plugins/com.nxp.mcuxpresso.tools.win32_25.6.0.202501151204/tools/bin/../lib/gcc/arm-none-eabi/14.2.1/thumb/v6-m/nofp\libc.a(libc_a-findfp.o)
__lock___tz_mutex                                 C:/nxp/MCUXpressoIDE_25.6.136/ide/plugins/com.nxp.mcuxpresso.tools.win32_25.6.0.202501151204/tools/bin/../lib/gcc/arm-none-eabi/14.2.1/thumb/v6-m/nofp\libc.a(libc_a-lock.o)
__malloc_av_                                      C:/nxp/MCUXpressoIDE_25.6.136/ide/plugins/com.nxp.mcuxpresso.tools.win32_25.6.0.202501151204/tools/bin/../lib/gcc/arm-none-eabi/14.2.1/thumb/v6-m/nofp\libc.a(libc_a-mallocr.o)
                                                  C:/nxp/MCUXpressoIDE_25.6.136/ide/plugins/com.nxp.mcuxpresso.tools.win32_25.6.0.202501151204/tools/bin/../lib/gcc/arm-none-eabi/14.2.1/thumb/v6-m/nofp\libc.a(libc_a-freer.o)
__malloc_current_mallinfo                         C:/nxp/MCUXpressoIDE_25.6.136/ide/plugins/com.nxp.mcuxpresso.tools.win32_25.6.0.202501151204/tools/bin/../lib/gcc/arm-none-eabi/14.2.1/thumb/v6-m/nofp\libc.a(libc_a-mallocr.o)
                                                  C:/nxp/MCUXpressoIDE_25.6.136/ide/plugins/com.nxp.mcuxpresso.tools.win32_25.6.0.202501151204/tools/bin/../lib/gcc/arm-none-eabi/14.2.1/thumb/v6-m/nofp\libc.a(libc_a-freer.o)
__malloc_lock                                     C:/nxp/MCUXpressoIDE_25.6.136/ide/plugins/com.nxp.mcuxpresso.tools.win32_25.6.0.202501151204/tools/bin/../lib/gcc/arm-none-eabi/14.2.1/thumb/v6-m/nofp\libc.a(libc_a-mlock.o)
                                                  C:/nxp/MCUXpressoIDE_25.6.136/ide/plugins/com.nxp.mcuxpresso.tools.win32_25.6.0.202501151204/tools/bin/../lib/gcc/arm-none-eabi/14.2.1/thumb/v6-m/nofp\libc.a(libc_a-freer.o)
                                                  C:/nxp/MCUXpressoIDE_25.6.136/ide/plugins/com.nxp.mcuxpresso.tools.win32_25.6.0.202501151204/tools/bin/../lib/gcc/arm-none-eabi/14.2.1/thumb/v6-m/nofp\libc.a(libc_a-mallocr.o)
__malloc_max_sbrked_mem                           C:/nxp/MCUXpressoIDE_25.6.136/ide/plugins/com.nxp.mcuxpresso.tools.win32_25.6.0.202501151204/tools/bin/../lib/gcc/arm-none-eabi/14.2.1/thumb/v6-m/nofp\libc.a(libc_a-mallocr.o)
__malloc_max_total_mem                            C:/nxp/MCUXpressoIDE_25.6.136/ide/plugins/com.nxp.mcuxpresso.tools.win32_25.6.0.202501151204/tools/bin/../lib/gcc/arm-none-eabi/14.2.1/thumb/v6-m/nofp\libc.a(libc_a-mallocr.o)
__malloc_sbrk_base                                C:/nxp/MCUXpressoIDE_25.6.136/ide/plugins/com.nxp.mcuxpresso.tools.win32_25.6.0.202501151204/tools/bin/../lib/gcc/arm-none-eabi/14.2.1/thumb/v6-m/nofp\libc.a(libc_a-mallocr.o)
                                                  C:/nxp/MCUXpressoIDE_25.6.136/ide/plugins/com.nxp.mcuxpresso.tools.win32_25.6.0.202501151204/tools/bin/../lib/gcc/arm-none-eabi/14.2.1/thumb/v6-m/nofp\libc.a(libc_a-freer.o)
__malloc_top_pad                                  C:/nxp/MCUXpressoIDE_25.6.136/ide/plugins/com.nxp.mcuxpresso.tools.win32_25.6.0.202501151204/tools/bin/../lib/gcc/arm-none-eabi/14.2.1/thumb/v6-m/nofp\libc.a(libc_a-mallocr.o)
                                                  C:/nxp/MCUXpressoIDE_25.6.136/ide/plugins/com.nxp.mcuxpresso.tools.win32_25.6.0.202501151204/tools/bin/../lib/gcc/arm-none-eabi/14.2.1/thumb/v6-m/nofp\libc.a(libc_a-freer.o)
__malloc_trim_threshold                           C:/nxp/MCUXpressoIDE_25.6.136/ide/plugins/com.nxp.mcuxpresso.tools.win32_25.6.0.202501151204/tools/bin/../lib/gcc/arm-none-eabi/14.2.1/thumb/v6-m/nofp\libc.a(libc_a-mallocr.o)
                                                  C:/nxp/MCUXpressoIDE_25.6.136/ide/plugins/com.nxp.mcuxpresso.tools.win32_25.6.0.202501151204/tools/bin/../lib/gcc/arm-none-eabi/14.2.1/thumb/v6-m/nofp\libc.a(libc_a-freer.o)
__malloc_unlock                                   C:/nxp/MCUXpressoIDE_25.6.136/ide/plugins/com.nxp.mcuxpresso.tools.win32_25.6.0.202501151204/tools/bin/../lib/gcc/arm-none-eabi/14.2.1/thumb/v6-m/nofp\libc.a(libc_a-mlock.o)
                                                  C:/nxp/MCUXpressoIDE_25.6.136/ide/plugins/com.nxp.mcuxpresso.tools.win32_25.6.0.202501151204/tools/bin/../lib/gcc/arm-none-eabi/14.2.1/thumb/v6-m/nofp\libc.a(libc_a-freer.o)
                                                  C:/nxp/MCUXpressoIDE_25.6.136/ide/plugins/com.nxp.mcuxpresso.tools.win32_25.6.0.202501151204/tools/bin/../lib/gcc/arm-none-eabi/14.2.1/thumb/v6-m/nofp\libc.a(libc_a-mallocr.o)
__preinit_array_end                               C:/nxp/MCUXpressoIDE_25.6.136/ide/plugins/com.nxp.mcuxpresso.tools.win32_25.6.0.202501151204/tools/bin/../lib/gcc/arm-none-eabi/14.2.1/thumb/v6-m/nofp\libc.a(libc_a-init.o)
__preinit_array_start                             C:/nxp/MCUXpressoIDE_25.6.136/ide/plugins/com.nxp.mcuxpresso.tools.win32_25.6.0.202501151204/tools/bin/../lib/gcc/arm-none-eabi/14.2.1/thumb/v6-m/nofp\libc.a(libc_a-init.o)
__register_frame_info                             C:/nxp/MCUXpressoIDE_25.6.136/ide/plugins/com.nxp.mcuxpresso.tools.win32_25.6.0.202501151204/tools/bin/../lib/gcc/arm-none-eabi/14.2.1/thumb/v6-m/nofp\crtbegin.o
__retarget_lock_acquire                           C:/nxp/MCUXpressoIDE_25.6.136/ide/plugins/com.nxp.mcuxpresso.tools.win32_25.6.0.202501151204/tools/bin/../lib/gcc/arm-none-eabi/14.2.1/thumb/v6-m/nofp\libc.a(libc_a-lock.o)
__retarget_lock_acquire_recursive                 C:/nxp/MCUXpressoIDE_25.6.136/ide/plugins/com.nxp.mcuxpresso.tools.win32_25.6.0.202501151204/tools/bin/../lib/gcc/arm-none-eabi/14.2.1/thumb/v6-m/nofp\libc.a(libc_a-lock.o)
                                                  C:/nxp/MCUXpressoIDE_25.6.136/ide/plugins/com.nxp.mcuxpresso.tools.win32_25.6.0.202501151204/tools/bin/../lib/gcc/arm-none-eabi/14.2.1/thumb/v6-m/nofp\libc.a(libc_a-fflush.o)
                                                  C:/nxp/MCUXpressoIDE_25.6.136/ide/plugins/com.nxp.mcuxpresso.tools.win32_25.6.0.202501151204/tools/bin/../lib/gcc/arm-none-eabi/14.2.1/thumb/v6-m/nofp\libc.a(libc_a-fclose.o)
                                                  C:/nxp/MCUXpressoIDE_25.6.136/ide/plugins/com.nxp.mcuxpresso.tools.win32_25.6.0.202501151204/tools/bin/../lib/gcc/arm-none-eabi/14.2.1/thumb/v6-m/nofp\libc.a(libc_a-findfp.o)
                                                  C:/nxp/MCUXpressoIDE_25.6.136/ide/plugins/com.nxp.mcuxpresso.tools.win32_25.6.0.202501151204/tools/bin/../lib/gcc/arm-none-eabi/14.2.1/thumb/v6-m/nofp\libc.a(libc_a-mlock.o)
__retarget_lock_close                             C:/nxp/MCUXpressoIDE_25.6.136/ide/plugins/com.nxp.mcuxpresso.tools.win32_25.6.0.202501151204/tools/bin/../lib/gcc/arm-none-eabi/14.2.1/thumb/v6-m/nofp\libc.a(libc_a-lock.o)
__retarget_lock_close_recursive                   C:/nxp/MCUXpressoIDE_25.6.136/ide/plugins/com.nxp.mcuxpresso.tools.win32_25.6.0.202501151204/tools/bin/../lib/gcc/arm-none-eabi/14.2.1/thumb/v6-m/nofp\libc.a(libc_a-lock.o)
                                                  C:/nxp/MCUXpressoIDE_25.6.136/ide/plugins/com.nxp.mcuxpresso.tools.win32_25.6.0.202501151204/tools/bin/../lib/gcc/arm-none-eabi/14.2.1/thumb/v6-m/nofp\libc.a(libc_a-fclose.o)
__retarget_lock_init                              C:/nxp/MCUXpressoIDE_25.6.136/ide/plugins/com.nxp.mcuxpresso.tools.win32_25.6.0.202501151204/tools/bin/../lib/gcc/arm-none-eabi/14.2.1/thumb/v6-m/nofp\libc.a(libc_a-lock.o)
__retarget_lock_init_recursive                    C:/nxp/MCUXpressoIDE_25.6.136/ide/plugins/com.nxp.mcuxpresso.tools.win32_25.6.0.202501151204/tools/bin/../lib/gcc/arm-none-eabi/14.2.1/thumb/v6-m/nofp\libc.a(libc_a-lock.o)
                                                  C:/nxp/MCUXpressoIDE_25.6.136/ide/plugins/com.nxp.mcuxpresso.tools.win32_25.6.0.202501151204/tools/bin/../lib/gcc/arm-none-eabi/14.2.1/thumb/v6-m/nofp\libc.a(libc_a-findfp.o)
__retarget_lock_release                           C:/nxp/MCUXpressoIDE_25.6.136/ide/plugins/com.nxp.mcuxpresso.tools.win32_25.6.0.202501151204/tools/bin/../lib/gcc/arm-none-eabi/14.2.1/thumb/v6-m/nofp\libc.a(libc_a-lock.o)
__retarget_lock_release_recursive                 C:/nxp/MCUXpressoIDE_25.6.136/ide/plugins/com.nxp.mcuxpresso.tools.win32_25.6.0.202501151204/tools/bin/../lib/gcc/arm-none-eabi/14.2.1/thumb/v6-m/nofp\libc.a(libc_a-lock.o)
                                                  C:/nxp/MCUXpressoIDE_25.6.136/ide/plugins/com.nxp.mcuxpresso.tools.win32_25.6.0.202501151204/tools/bin/../lib/gcc/arm-none-eabi/14.2.1/thumb/v6-m/nofp\libc.a(libc_a-fflush.o)
                                                  C:/nxp/MCUXpressoIDE_25.6.136/ide/plugins/com.nxp.mcuxpresso.tools.win32_25.6.0.202501151204/tools/bin/../lib/gcc/arm-none-eabi/14.2.1/thumb/v6-m/nofp\libc.a(libc_a-fclose.o)
                                                  C:/nxp/MCUXpressoIDE_25.6.136/ide/plugins/com.nxp.mcuxpresso.tools.win32_25.6.0.202501151204/tools/bin/../lib/gcc/arm-none-eabi/14.2.1/thumb/v6-m/nofp\libc.a(libc_a-findfp.o)
                                                  C:/nxp/MCUXpressoIDE_25.6.136/ide/plugins/com.nxp.mcuxpresso.tools.win32_25.6.0.202501151204/tools/bin/../lib/gcc/arm-none-eabi/14.2.1/thumb/v6-m/nofp\libc.a(libc_a-mlock.o)
__retarget_lock_try_acquire                       C:/nxp/MCUXpressoIDE_25.6.136/ide/plugins/com.nxp.mcuxpresso.tools.win32_25.6.0.202501151204/tools/bin/../lib/gcc/arm-none-eabi/14.2.1/thumb/v6-m/nofp\libc.a(libc_a-lock.o)
__retarget_lock_try_acquire_recursive             C:/nxp/MCUXpressoIDE_25.6.136/ide/plugins/com.nxp.mcuxpresso.tools.win32_25.6.0.202501151204/tools/bin/../lib/gcc/arm-none-eabi/14.2.1/thumb/v6-m/nofp\libc.a(libc_a-lock.o)
__sclose                                          C:/nxp/MCUXpressoIDE_25.6.136/ide/plugins/com.nxp.mcuxpresso.tools.win32_25.6.0.202501151204/tools/bin/../lib/gcc/arm-none-eabi/14.2.1/thumb/v6-m/nofp\libc.a(libc_a-stdio.o)
                                                  C:/nxp/MCUXpressoIDE_25.6.136/ide/plugins/com.nxp.mcuxpresso.tools.win32_25.6.0.202501151204/tools/bin/../lib/gcc/arm-none-eabi/14.2.1/thumb/v6-m/nofp\libc.a(libc_a-findfp.o)
__seofread                                        C:/nxp/MCUXpressoIDE_25.6.136/ide/plugins/com.nxp.mcuxpresso.tools.win32_25.6.0.202501151204/tools/bin/../lib/gcc/arm-none-eabi/14.2.1/thumb/v6-m/nofp\libc.a(libc_a-stdio.o)
__sf                                              C:/nxp/MCUXpressoIDE_25.6.136/ide/plugins/com.nxp.mcuxpresso.tools.win32_25.6.0.202501151204/tools/bin/../lib/gcc/arm-none-eabi/14.2.1/thumb/v6-m/nofp\libc.a(libc_a-findfp.o)
                                                  C:/nxp/MCUXpressoIDE_25.6.136/ide/plugins/com.nxp.mcuxpresso.tools.win32_25.6.0.202501151204/tools/bin/../lib/gcc/arm-none-eabi/14.2.1/thumb/v6-m/nofp\libc.a(libc_a-impure.o)
__sflush_r                                        C:/nxp/MCUXpressoIDE_25.6.136/ide/plugins/com.nxp.mcuxpresso.tools.win32_25.6.0.202501151204/tools/bin/../lib/gcc/arm-none-eabi/14.2.1/thumb/v6-m/nofp\libc.a(libc_a-fflush.o)
                                                  C:/nxp/MCUXpressoIDE_25.6.136/ide/plugins/com.nxp.mcuxpresso.tools.win32_25.6.0.202501151204/tools/bin/../lib/gcc/arm-none-eabi/14.2.1/thumb/v6-m/nofp\libc.a(libc_a-fclose.o)
__sfp                                             C:/nxp/MCUXpressoIDE_25.6.136/ide/plugins/com.nxp.mcuxpresso.tools.win32_25.6.0.202501151204/tools/bin/../lib/gcc/arm-none-eabi/14.2.1/thumb/v6-m/nofp\libc.a(libc_a-findfp.o)
__sfp_lock_acquire                                C:/nxp/MCUXpressoIDE_25.6.136/ide/plugins/com.nxp.mcuxpresso.tools.win32_25.6.0.202501151204/tools/bin/../lib/gcc/arm-none-eabi/14.2.1/thumb/v6-m/nofp\libc.a(libc_a-findfp.o)
                                                  C:/nxp/MCUXpressoIDE_25.6.136/ide/plugins/com.nxp.mcuxpresso.tools.win32_25.6.0.202501151204/tools/bin/../lib/gcc/arm-none-eabi/14.2.1/thumb/v6-m/nofp\libc.a(libc_a-fclose.o)
__sfp_lock_release                                C:/nxp/MCUXpressoIDE_25.6.136/ide/plugins/com.nxp.mcuxpresso.tools.win32_25.6.0.202501151204/tools/bin/../lib/gcc/arm-none-eabi/14.2.1/thumb/v6-m/nofp\libc.a(libc_a-findfp.o)
                                                  C:/nxp/MCUXpressoIDE_25.6.136/ide/plugins/com.nxp.mcuxpresso.tools.win32_25.6.0.202501151204/tools/bin/../lib/gcc/arm-none-eabi/14.2.1/thumb/v6-m/nofp\libc.a(libc_a-fclose.o)
__sglue                                           C:/nxp/MCUXpressoIDE_25.6.136/ide/plugins/com.nxp.mcuxpresso.tools.win32_25.6.0.202501151204/tools/bin/../lib/gcc/arm-none-eabi/14.2.1/thumb/v6-m/nofp\libc.a(libc_a-findfp.o)
                                                  C:/nxp/MCUXpressoIDE_25.6.136/ide/plugins/com.nxp.mcuxpresso.tools.win32_25.6.0.202501151204/tools/bin/../lib/gcc/arm-none-eabi/14.2.1/thumb/v6-m/nofp\libc.a(libc_a-fflush.o)
__sinit                                           C:/nxp/MCUXpressoIDE_25.6.136/ide/plugins/com.nxp.mcuxpresso.tools.win32_25.6.0.202501151204/tools/bin/../lib/gcc/arm-none-eabi/14.2.1/thumb/v6-m/nofp\libc.a(libc_a-findfp.o)
                                                  C:/nxp/MCUXpressoIDE_25.6.136/ide/plugins/com.nxp.mcuxpresso.tools.win32_25.6.0.202501151204/tools/bin/../lib/gcc/arm-none-eabi/14.2.1/thumb/v6-m/nofp\libc.a(libc_a-fflush.o)
                                                  C:/nxp/MCUXpressoIDE_25.6.136/ide/plugins/com.nxp.mcuxpresso.tools.win32_25.6.0.202501151204/tools/bin/../lib/gcc/arm-none-eabi/14.2.1/thumb/v6-m/nofp\libc.a(libc_a-fclose.o)
__sread                                           C:/nxp/MCUXpressoIDE_25.6.136/ide/plugins/com.nxp.mcuxpresso.tools.win32_25.6.0.202501151204/tools/bin/../lib/gcc/arm-none-eabi/14.2.1/thumb/v6-m/nofp\libc.a(libc_a-stdio.o)
                                                  C:/nxp/MCUXpressoIDE_25.6.136/ide/plugins/com.nxp.mcuxpresso.tools.win32_25.6.0.202501151204/tools/bin/../lib/gcc/arm-none-eabi/14.2.1/thumb/v6-m/nofp\libc.a(libc_a-findfp.o)
__sseek                                           C:/nxp/MCUXpressoIDE_25.6.136/ide/plugins/com.nxp.mcuxpresso.tools.win32_25.6.0.202501151204/tools/bin/../lib/gcc/arm-none-eabi/14.2.1/thumb/v6-m/nofp\libc.a(libc_a-stdio.o)
                                                  C:/nxp/MCUXpressoIDE_25.6.136/ide/plugins/com.nxp.mcuxpresso.tools.win32_25.6.0.202501151204/tools/bin/../lib/gcc/arm-none-eabi/14.2.1/thumb/v6-m/nofp\libc.a(libc_a-findfp.o)
__stdio_exit_handler                              C:/nxp/MCUXpressoIDE_25.6.136/ide/plugins/com.nxp.mcuxpresso.tools.win32_25.6.0.202501151204/tools/bin/../lib/gcc/arm-none-eabi/14.2.1/thumb/v6-m/nofp\libc.a(libc_a-findfp.o)
__swrite                                          C:/nxp/MCUXpressoIDE_25.6.136/ide/plugins/com.nxp.mcuxpresso.tools.win32_25.6.0.202501151204/tools/bin/../lib/gcc/arm-none-eabi/14.2.1/thumb/v6-m/nofp\libc.a(libc_a-stdio.o)
                                                  C:/nxp/MCUXpressoIDE_25.6.136/ide/plugins/com.nxp.mcuxpresso.tools.win32_25.6.0.202501151204/tools/bin/../lib/gcc/arm-none-eabi/14.2.1/thumb/v6-m/nofp\libc.a(libc_a-findfp.o)
__udivsi3                                         C:/nxp/MCUXpressoIDE_25.6.136/ide/plugins/com.nxp.mcuxpresso.tools.win32_25.6.0.202501151204/tools/bin/../lib/gcc/arm-none-eabi/14.2.1/thumb/v6-m/nofp\libgcc.a(_udivsi3.o)
__valid_user_code_checksum                        ./Firmware/cr_startup_lpc84x.o
_close                                            C:/nxp/MCUXpressoIDE_25.6.136/ide/plugins/com.nxp.mcuxpresso.tools.win32_25.6.0.202501151204/tools/bin/../lib/gcc/arm-none-eabi/14.2.1/../../../../arm-none-eabi/lib/thumb/v6-m/nofp\libcr_newlib_nohost.a(close.o)
                                                  C:/nxp/MCUXpressoIDE_25.6.136/ide/plugins/com.nxp.mcuxpresso.tools.win32_25.6.0.202501151204/tools/bin/../lib/gcc/arm-none-eabi/14.2.1/thumb/v6-m/nofp\libc.a(libc_a-closer.o)
_close_r                                          C:/nxp/MCUXpressoIDE_25.6.136/ide/plugins/com.nxp.mcuxpresso.tools.win32_25.6.0.202501151204/tools/bin/../lib/gcc/arm-none-eabi/14.2.1/thumb/v6-m/nofp\libc.a(libc_a-closer.o)
                                                  C:/nxp/MCUXpressoIDE_25.6.136/ide/plugins/com.nxp.mcuxpresso.tools.win32_25.6.0.202501151204/tools/bin/../lib/gcc/arm-none-eabi/14.2.1/thumb/v6-m/nofp\libc.a(libc_a-stdio.o)
_fclose_r                                         C:/nxp/MCUXpressoIDE_25.6.136/ide/plugins/com.nxp.mcuxpresso.tools.win32_25.6.0.202501151204/tools/bin/../lib/gcc/arm-none-eabi/14.2.1/thumb/v6-m/nofp\libc.a(libc_a-fclose.o)
                                                  C:/nxp/MCUXpressoIDE_25.6.136/ide/plugins/com.nxp.mcuxpresso.tools.win32_25.6.0.202501151204/tools/bin/../lib/gcc/arm-none-eabi/14.2.1/thumb/v6-m/nofp\libc.a(libc_a-findfp.o)
_fflush_r                                         C:/nxp/MCUXpressoIDE_25.6.136/ide/plugins/com.nxp.mcuxpresso.tools.win32_25.6.0.202501151204/tools/bin/../lib/gcc/arm-none-eabi/14.2.1/thumb/v6-m/nofp\libc.a(libc_a-fflush.o)
_fini                                             C:/nxp/MCUXpressoIDE_25.6.136/ide/plugins/com.nxp.mcuxpresso.tools.win32_25.6.0.202501151204/tools/bin/../lib/gcc/arm-none-eabi/14.2.1/thumb/v6-m/nofp\crti.o
_free_r                                           C:/nxp/MCUXpressoIDE_25.6.136/ide/plugins/com.nxp.mcuxpresso.tools.win32_25.6.0.202501151204/tools/bin/../lib/gcc/arm-none-eabi/14.2.1/thumb/v6-m/nofp\libc.a(libc_a-freer.o)
                                                  C:/nxp/MCUXpressoIDE_25.6.136/ide/plugins/com.nxp.mcuxpresso.tools.win32_25.6.0.202501151204/tools/bin/../lib/gcc/arm-none-eabi/14.2.1/thumb/v6-m/nofp\libc.a(libc_a-fflush.o)
                                                  C:/nxp/MCUXpressoIDE_25.6.136/ide/plugins/com.nxp.mcuxpresso.tools.win32_25.6.0.202501151204/tools/bin/../lib/gcc/arm-none-eabi/14.2.1/thumb/v6-m/nofp\libc.a(libc_a-fclose.o)
                                                  C:/nxp/MCUXpressoIDE_25.6.136/ide/plugins/com.nxp.mcuxpresso.tools.win32_25.6.0.202501151204/tools/bin/../lib/gcc/arm-none-eabi/14.2.1/thumb/v6-m/nofp\libc.a(libc_a-reent.o)
                                                  C:/nxp/MCUXpressoIDE_25.6.136/ide/plugins/com.nxp.mcuxpresso.tools.win32_25.6.0.202501151204/tools/bin/../lib/gcc/arm-none-eabi/14.2.1/thumb/v6-m/nofp\libc.a(libc_a-mallocr.o)
                                                  C:/nxp/MCUXpressoIDE_25.6.136/ide/plugins/com.nxp.mcuxpresso.tools.win32_25.6.0.202501151204/tools/bin/../lib/gcc/arm-none-eabi/14.2.1/thumb/v6-m/nofp\libc.a(libc_a-malloc.o)
_fwalk_sglue                                      C:/nxp/MCUXpressoIDE_25.6.136/ide/plugins/com.nxp.mcuxpresso.tools.win32_25.6.0.202501151204/tools/bin/../lib/gcc/arm-none-eabi/14.2.1/thumb/v6-m/nofp\libc.a(libc_a-fwalk.o)
                                                  C:/nxp/MCUXpressoIDE_25.6.136/ide/plugins/com.nxp.mcuxpresso.tools.win32_25.6.0.202501151204/tools/bin/../lib/gcc/arm-none-eabi/14.2.1/thumb/v6-m/nofp\libc.a(libc_a-fflush.o)
                                                  C:/nxp/MCUXpressoIDE_25.6.136/ide/plugins/com.nxp.mcuxpresso.tools.win32_25.6.0.202501151204/tools/bin/../lib/gcc/arm-none-eabi/14.2.1/thumb/v6-m/nofp\libc.a(libc_a-findfp.o)
_impure_data                                      C:/nxp/MCUXpressoIDE_25.6.136/ide/plugins/com.nxp.mcuxpresso.tools.win32_25.6.0.202501151204/tools/bin/../lib/gcc/arm-none-eabi/14.2.1/thumb/v6-m/nofp\libc.a(libc_a-impure.o)
                                                  C:/nxp/MCUXpressoIDE_25.6.136/ide/plugins/com.nxp.mcuxpresso.tools.win32_25.6.0.202501151204/tools/bin/../lib/gcc/arm-none-eabi/14.2.1/thumb/v6-m/nofp\libc.a(libc_a-fflush.o)
                                                  C:/nxp/MCUXpressoIDE_25.6.136/ide/plugins/com.nxp.mcuxpresso.tools.win32_25.6.0.202501151204/tools/bin/../lib/gcc/arm-none-eabi/14.2.1/thumb/v6-m/nofp\libc.a(libc_a-findfp.o)
_impure_ptr                                       C:/nxp/MCUXpressoIDE_25.6.136/ide/plugins/com.nxp.mcuxpresso.tools.win32_25.6.0.202501151204/tools/bin/../lib/gcc/arm-none-eabi/14.2.1/thumb/v6-m/nofp\libc.a(libc_a-impure.o)
                                                  C:/nxp/MCUXpressoIDE_25.6.136/ide/plugins/com.nxp.mcuxpresso.tools.win32_25.6.0.202501151204/tools/bin/../lib/gcc/arm-none-eabi/14.2.1/thumb/v6-m/nofp\libc.a(libc_a-fflush.o)
                                                  C:/nxp/MCUXpressoIDE_25.6.136/ide/plugins/com.nxp.mcuxpresso.tools.win32_25.6.0.202501151204/tools/bin/../lib/gcc/arm-none-eabi/14.2.1/thumb/v6-m/nofp\libc.a(libc_a-fclose.o)
                                                  C:/nxp/MCUXpressoIDE_25.6.136/ide/plugins/com.nxp.mcuxpresso.tools.win32_25.6.0.202501151204/tools/bin/../lib/gcc/arm-none-eabi/14.2.1/thumb/v6-m/nofp\libc.a(libc_a-errno.o)
                                                  C:/nxp/MCUXpressoIDE_25.6.136/ide/plugins/com.nxp.mcuxpresso.tools.win32_25.6.0.202501151204/tools/bin/../lib/gcc/arm-none-eabi/14.2.1/thumb/v6-m/nofp\libc.a(libc_a-reent.o)
                                                  C:/nxp/MCUXpressoIDE_25.6.136/ide/plugins/com.nxp.mcuxpresso.tools.win32_25.6.0.202501151204/tools/bin/../lib/gcc/arm-none-eabi/14.2.1/thumb/v6-m/nofp\libc.a(libc_a-malloc.o)
_init                                             C:/nxp/MCUXpressoIDE_25.6.136/ide/plugins/com.nxp.mcuxpresso.tools.win32_25.6.0.202501151204/tools/bin/../lib/gcc/arm-none-eabi/14.2.1/thumb/v6-m/nofp\crti.o
                                                  C:/nxp/MCUXpressoIDE_25.6.136/ide/plugins/com.nxp.mcuxpresso.tools.win32_25.6.0.202501151204/tools/bin/../lib/gcc/arm-none-eabi/14.2.1/thumb/v6-m/nofp\libc.a(libc_a-init.o)
_lseek                                            C:/nxp/MCUXpressoIDE_25.6.136/ide/plugins/com.nxp.mcuxpresso.tools.win32_25.6.0.202501151204/tools/bin/../lib/gcc/arm-none-eabi/14.2.1/../../../../arm-none-eabi/lib/thumb/v6-m/nofp\libcr_newlib_nohost.a(lseek.o)
                                                  C:/nxp/MCUXpressoIDE_25.6.136/ide/plugins/com.nxp.mcuxpresso.tools.win32_25.6.0.202501151204/tools/bin/../lib/gcc/arm-none-eabi/14.2.1/thumb/v6-m/nofp\libc.a(libc_a-lseekr.o)
_lseek_r                                          C:/nxp/MCUXpressoIDE_25.6.136/ide/plugins/com.nxp.mcuxpresso.tools.win32_25.6.0.202501151204/tools/bin/../lib/gcc/arm-none-eabi/14.2.1/thumb/v6-m/nofp\libc.a(libc_a-lseekr.o)
                                                  C:/nxp/MCUXpressoIDE_25.6.136/ide/plugins/com.nxp.mcuxpresso.tools.win32_25.6.0.202501151204/tools/bin/../lib/gcc/arm-none-eabi/14.2.1/thumb/v6-m/nofp\libc.a(libc_a-stdio.o)
_malloc_r                                         C:/nxp/MCUXpressoIDE_25.6.136/ide/plugins/com.nxp.mcuxpresso.tools.win32_25.6.0.202501151204/tools/bin/../lib/gcc/arm-none-eabi/14.2.1/thumb/v6-m/nofp\libc.a(libc_a-mallocr.o)
                                                  C:/nxp/MCUXpressoIDE_25.6.136/ide/plugins/com.nxp.mcuxpresso.tools.win32_25.6.0.202501151204/tools/bin/../lib/gcc/arm-none-eabi/14.2.1/thumb/v6-m/nofp\libc.a(libc_a-findfp.o)
                                                  C:/nxp/MCUXpressoIDE_25.6.136/ide/plugins/com.nxp.mcuxpresso.tools.win32_25.6.0.202501151204/tools/bin/../lib/gcc/arm-none-eabi/14.2.1/thumb/v6-m/nofp\libc.a(libc_a-malloc.o)
_malloc_trim_r                                    C:/nxp/MCUXpressoIDE_25.6.136/ide/plugins/com.nxp.mcuxpresso.tools.win32_25.6.0.202501151204/tools/bin/../lib/gcc/arm-none-eabi/14.2.1/thumb/v6-m/nofp\libc.a(libc_a-freer.o)
_pvHeapLimit                                      C:/nxp/MCUXpressoIDE_25.6.136/ide/plugins/com.nxp.mcuxpresso.tools.win32_25.6.0.202501151204/tools/bin/../lib/gcc/arm-none-eabi/14.2.1/../../../../arm-none-eabi/lib/thumb/v6-m/nofp\libcr_newlib_nohost.a(_cr_check_heap.o)
_pvHeapStart                                      C:/nxp/MCUXpressoIDE_25.6.136/ide/plugins/com.nxp.mcuxpresso.tools.win32_25.6.0.202501151204/tools/bin/../lib/gcc/arm-none-eabi/14.2.1/../../../../arm-none-eabi/lib/thumb/v6-m/nofp\libcr_newlib_nohost.a(_cr_sbrk.o)
_read                                             C:/nxp/MCUXpressoIDE_25.6.136/ide/plugins/com.nxp.mcuxpresso.tools.win32_25.6.0.202501151204/tools/bin/../lib/gcc/arm-none-eabi/14.2.1/../../../../arm-none-eabi/lib/thumb/v6-m/nofp\libcr_newlib_nohost.a(read.o)
                                                  C:/nxp/MCUXpressoIDE_25.6.136/ide/plugins/com.nxp.mcuxpresso.tools.win32_25.6.0.202501151204/tools/bin/../lib/gcc/arm-none-eabi/14.2.1/thumb/v6-m/nofp\libc.a(libc_a-readr.o)
_read_r                                           C:/nxp/MCUXpressoIDE_25.6.136/ide/plugins/com.nxp.mcuxpresso.tools.win32_25.6.0.202501151204/tools/bin/../lib/gcc/arm-none-eabi/14.2.1/thumb/v6-m/nofp\libc.a(libc_a-readr.o)
                                                  C:/nxp/MCUXpressoIDE_25.6.136/ide/plugins/com.nxp.mcuxpresso.tools.win32_25.6.0.202501151204/tools/bin/../lib/gcc/arm-none-eabi/14.2.1/thumb/v6-m/nofp\libc.a(libc_a-stdio.o)
_reclaim_reent                                    C:/nxp/MCUXpressoIDE_25.6.136/ide/plugins/com.nxp.mcuxpresso.tools.win32_25.6.0.202501151204/tools/bin/../lib/gcc/arm-none-eabi/14.2.1/thumb/v6-m/nofp\libc.a(libc_a-reent.o)
_sbrk                                             C:/nxp/MCUXpressoIDE_25.6.136/ide/plugins/com.nxp.mcuxpresso.tools.win32_25.6.0.202501151204/tools/bin/../lib/gcc/arm-none-eabi/14.2.1/../../../../arm-none-eabi/lib/thumb/v6-m/nofp\libcr_newlib_nohost.a(_cr_sbrk.o)
                                                  C:/nxp/MCUXpressoIDE_25.6.136/ide/plugins/com.nxp.mcuxpresso.tools.win32_25.6.0.202501151204/tools/bin/../lib/gcc/arm-none-eabi/14.2.1/thumb/v6-m/nofp\libc.a(libc_a-sbrkr.o)
_sbrk_r                                           C:/nxp/MCUXpressoIDE_25.6.136/ide/plugins/com.nxp.mcuxpresso.tools.win32_25.6.0.202501151204/tools/bin/../lib/gcc/arm-none-eabi/14.2.1/thumb/v6-m/nofp\libc.a(libc_a-sbrkr.o)
                                                  C:/nxp/MCUXpressoIDE_25.6.136/ide/plugins/com.nxp.mcuxpresso.tools.win32_25.6.0.202501151204/tools/bin/../lib/gcc/arm-none-eabi/14.2.1/thumb/v6-m/nofp\libc.a(libc_a-freer.o)
                                                  C:/nxp/MCUXpressoIDE_25.6.136/ide/plugins/com.nxp.mcuxpresso.tools.win32_25.6.0.202501151204/tools/bin/../lib/gcc/arm-none-eabi/14.2.1/thumb/v6-m/nofp\libc.a(libc_a-mallocr.o)
_vStackTop                                        ./Firmware/cr_startup_lpc84x.o
_write                                            C:/nxp/MCUXpressoIDE_25.6.136/ide/plugins/com.nxp.mcuxpresso.tools.win32_25.6.0.202501151204/tools/bin/../lib/gcc/arm-none-eabi/14.2.1/../../../../arm-none-eabi/lib/thumb/v6-m/nofp\libcr_newlib_nohost.a(write.o)
                                                  C:/nxp/MCUXpressoIDE_25.6.136/ide/plugins/com.nxp.mcuxpresso.tools.win32_25.6.0.202501151204/tools/bin/../lib/gcc/arm-none-eabi/14.2.1/thumb/v6-m/nofp\libc.a(libc_a-writer.o)
_write_r                                          C:/nxp/MCUXpressoIDE_25.6.136/ide/plugins/com.nxp.mcuxpresso.tools.win32_25.6.0.202501151204/tools/bin/../lib/gcc/arm-none-eabi/14.2.1/thumb/v6-m/nofp\libc.a(libc_a-writer.o)
                                                  C:/nxp/MCUXpressoIDE_25.6.136/ide/plugins/com.nxp.mcuxpresso.tools.win32_25.6.0.202501151204/tools/bin/../lib/gcc/arm-none-eabi/14.2.1/thumb/v6-m/nofp\libc.a(libc_a-stdio.o)
apagar_led()                                      ./Aplicacion/Ejercicio4.o
bss_init(unsigned int, unsigned int)              ./Firmware/cr_startup_lpc84x.o
btnUSR_desc                                       ./Aplicacion/Ejercicio4.o
btn_handler_desc()                                ./Aplicacion/Ejercicio4.o
contador                                          ./Aplicacion/Ejercicio4.o
contador_ticks()                                  ./Aplicacion/Ejercicio4.o
data_init(unsigned int, unsigned int, unsigned int) ./Firmware/cr_startup_lpc84x.o