Archive member included to satisfy reference by file (symbol)

/usr/local/mcuxpressoide-11.5.1_7266/ide/plugins/com.nxp.mcuxpresso.tools.linux_11.5.1.202201181444/tools/bin/../lib/gcc/arm-none-eabi/10.3.1/../../../../arm-none-eabi/lib/thumb/v6-m/nofp/libc.a(lib_a-init.o)
                              ./Firmware/cr_startup_lpc84x.o (__libc_init_array)
/usr/local/mcuxpressoide-11.5.1_7266/ide/plugins/com.nxp.mcuxpresso.tools.linux_11.5.1.202201181444/tools/bin/../lib/gcc/arm-none-eabi/10.3.1/../../../../arm-none-eabi/lib/thumb/v6-m/nofp/libc.a(lib_a-malloc.o)
                              ./Firmware/cr_cpp_config.o (malloc)
/usr/local/mcuxpressoide-11.5.1_7266/ide/plugins/com.nxp.mcuxpresso.tools.linux_11.5.1.202201181444/tools/bin/../lib/gcc/arm-none-eabi/10.3.1/../../../../arm-none-eabi/lib/thumb/v6-m/nofp/libc.a(lib_a-mallocr.o)
                              /usr/local/mcuxpressoide-11.5.1_7266/ide/plugins/com.nxp.mcuxpresso.tools.linux_11.5.1.202201181444/tools/bin/../lib/gcc/arm-none-eabi/10.3.1/../../../../arm-none-eabi/lib/thumb/v6-m/nofp/libc.a(lib_a-malloc.o) (_malloc_r)
/usr/local/mcuxpressoide-11.5.1_7266/ide/plugins/com.nxp.mcuxpresso.tools.linux_11.5.1.202201181444/tools/bin/../lib/gcc/arm-none-eabi/10.3.1/../../../../arm-none-eabi/lib/thumb/v6-m/nofp/libc.a(lib_a-mlock.o)
                              /usr/local/mcuxpressoide-11.5.1_7266/ide/plugins/com.nxp.mcuxpresso.tools.linux_11.5.1.202201181444/tools/bin/../lib/gcc/arm-none-eabi/10.3.1/../../../../arm-none-eabi/lib/thumb/v6-m/nofp/libc.a(lib_a-mallocr.o) (__malloc_lock)
/usr/local/mcuxpressoide-11.5.1_7266/ide/plugins/com.nxp.mcuxpresso.tools.linux_11.5.1.202201181444/tools/bin/../lib/gcc/arm-none-eabi/10.3.1/../../../../arm-none-eabi/lib/thumb/v6-m/nofp/libc.a(lib_a-sbrkr.o)
                              /usr/local/mcuxpressoide-11.5.1_7266/ide/plugins/com.nxp.mcuxpresso.tools.linux_11.5.1.202201181444/tools/bin/../lib/gcc/arm-none-eabi/10.3.1/../../../../arm-none-eabi/lib/thumb/v6-m/nofp/libc.a(lib_a-mallocr.o) (_sbrk_r)
/usr/local/mcuxpressoide-11.5.1_7266/ide/plugins/com.nxp.mcuxpresso.tools.linux_11.5.1.202201181444/tools/bin/../lib/gcc/arm-none-eabi/10.3.1/../../../../arm-none-eabi/lib/thumb/v6-m/nofp/libc.a(lib_a-freer.o)
                              /usr/local/mcuxpressoide-11.5.1_7266/ide/plugins/com.nxp.mcuxpresso.tools.linux_11.5.1.202201181444/tools/bin/../lib/gcc/arm-none-eabi/10.3.1/../../../../arm-none-eabi/lib/thumb/v6-m/nofp/libc.a(lib_a-malloc.o) (_free_r)
/usr/local/mcuxpressoide-11.5.1_7266/ide/plugins/com.nxp.mcuxpresso.tools.linux_11.5.1.202201181444/tools/bin/../lib/gcc/arm-none-eabi/10.3.1/../../../../arm-none-eabi/lib/thumb/v6-m/nofp/libc.a(lib_a-impure.o)
                              /usr/local/mcuxpressoide-11.5.1_7266/ide/plugins/com.nxp.mcuxpresso.tools.linux_11.5.1.202201181444/tools/bin/../lib/gcc/arm-none-eabi/10.3.1/../../../../arm-none-eabi/lib/thumb/v6-m/nofp/libc.a(lib_a-malloc.o) (_impure_ptr)
/usr/local/mcuxpressoide-11.5.1_7266/ide/plugins/com.nxp.mcuxpresso.tools.linux_11.5.1.202201181444/tools/bin/../lib/gcc/arm-none-eabi/10.3.1/../../../../arm-none-eabi/lib/thumb/v6-m/nofp/libc.a(lib_a-lock.o)
                              /usr/local/mcuxpressoide-11.5.1_7266/ide/plugins/com.nxp.mcuxpresso.tools.linux_11.5.1.202201181444/tools/bin/../lib/gcc/arm-none-eabi/10.3.1/../../../../arm-none-eabi/lib/thumb/v6-m/nofp/libc.a(lib_a-mlock.o) (__retarget_lock_acquire_recursive)
/usr/local/mcuxpressoide-11.5.1_7266/ide/plugins/com.nxp.mcuxpresso.tools.linux_11.5.1.202201181444/tools/bin/../lib/gcc/arm-none-eabi/10.3.1/../../../../arm-none-eabi/lib/thumb/v6-m/nofp/libc.a(lib_a-reent.o)
                              /usr/local/mcuxpressoide-11.5.1_7266/ide/plugins/com.nxp.mcuxpresso.tools.linux_11.5.1.202201181444/tools/bin/../lib/gcc/arm-none-eabi/10.3.1/../../../../arm-none-eabi/lib/thumb/v6-m/nofp/libc.a(lib_a-sbrkr.o) (errno)
/usr/local/mcuxpressoide-11.5.1_7266/ide/plugins/com.nxp.mcuxpresso.tools.linux_11.5.1.202201181444/tools/bin/../lib/gcc/arm-none-eabi/10.3.1/../../../../arm-none-eabi/lib/thumb/v6-m/nofp/libcr_newlib_nohost.a(_cr_sbrk.o)
                              /usr/local/mcuxpressoide-11.5.1_7266/ide/plugins/com.nxp.mcuxpresso.tools.linux_11.5.1.202201181444/tools/bin/../lib/gcc/arm-none-eabi/10.3.1/../../../../arm-none-eabi/lib/thumb/v6-m/nofp/libc.a(lib_a-sbrkr.o) (_sbrk)
/usr/local/mcuxpressoide-11.5.1_7266/ide/plugins/com.nxp.mcuxpresso.tools.linux_11.5.1.202201181444/tools/bin/../lib/gcc/arm-none-eabi/10.3.1/../../../../arm-none-eabi/lib/thumb/v6-m/nofp/libcr_newlib_nohost.a(_cr_check_heap.o)
                              /usr/local/mcuxpressoide-11.5.1_7266/ide/plugins/com.nxp.mcuxpresso.tools.linux_11.5.1.202201181444/tools/bin/../lib/gcc/arm-none-eabi/10.3.1/../../../../arm-none-eabi/lib/thumb/v6-m/nofp/libcr_newlib_nohost.a(_cr_sbrk.o) (__check_heap_overflow)
/usr/local/mcuxpressoide-11.5.1_7266/ide/plugins/com.nxp.mcuxpresso.tools.linux_11.5.1.202201181444/tools/bin/../lib/gcc/arm-none-eabi/10.3.1/../../../../arm-none-eabi/lib/thumb/v6-m/nofp/libc.a(lib_a-errno.o)
                              /usr/local/mcuxpressoide-11.5.1_7266/ide/plugins/com.nxp.mcuxpresso.tools.linux_11.5.1.202201181444/tools/bin/../lib/gcc/arm-none-eabi/10.3.1/../../../../arm-none-eabi/lib/thumb/v6-m/nofp/libcr_newlib_nohost.a(_cr_sbrk.o) (__errno)

Discarded input sections

 .group         0x0000000000000000        0xc ./Firmware/Init.o
 .group         0x0000000000000000        0xc ./Firmware/Init.o
 .text          0x0000000000000000        0x0 ./Firmware/Init.o
 .data          0x0000000000000000        0x0 ./Firmware/Init.o
 .bss           0x0000000000000000        0x0 ./Firmware/Init.o
 .group         0x0000000000000000        0xc ./Firmware/cr_cpp_config.o
 .group         0x0000000000000000        0xc ./Firmware/cr_cpp_config.o
 .group         0x0000000000000000        0xc ./Firmware/cr_cpp_config.o
 .group         0x0000000000000000        0xc ./Firmware/cr_cpp_config.o
 .group         0x0000000000000000        0xc ./Firmware/cr_cpp_config.o
 .group         0x0000000000000000        0xc ./Firmware/cr_cpp_config.o
 .group         0x0000000000000000        0xc ./Firmware/cr_cpp_config.o
 .group         0x0000000000000000        0xc ./Firmware/cr_cpp_config.o
 .group         0x0000000000000000        0xc ./Firmware/cr_cpp_config.o
 .group         0x0000000000000000        0xc ./Firmware/cr_cpp_config.o
 .group         0x0000000000000000        0xc ./Firmware/cr_cpp_config.o
 .group         0x0000000000000000        0xc ./Firmware/cr_cpp_config.o
 .group         0x0000000000000000        0xc ./Firmware/cr_cpp_config.o
 .group         0x0000000000000000        0xc ./Firmware/cr_cpp_config.o
 .group         0x0000000000000000        0xc ./Firmware/cr_cpp_config.o
 .group         0x0000000000000000        0xc ./Firmware/cr_cpp_config.o
 .group         0x0000000000000000        0xc ./Firmware/cr_cpp_config.o
 .group         0x0000000000000000        0xc ./Firmware/cr_cpp_config.o
 .group         0x0000000000000000        0xc ./Firmware/cr_cpp_config.o
 .group         0x0000000000000000        0xc ./Firmware/cr_cpp_config.o
 .group         0x0000000000000000        0xc ./Firmware/cr_cpp_config.o
 .group         0x0000000000000000        0xc ./Firmware/cr_cpp_config.o
 .group         0x0000000000000000        0xc ./Firmware/cr_cpp_config.o
 .group         0x0000000000000000        0xc ./Firmware/cr_cpp_config.o
 .group         0x0000000000000000        0xc ./Firmware/cr_cpp_config.o
 .group         0x0000000000000000        0xc ./Firmware/cr_cpp_config.o
 .text          0x0000000000000000        0x0 ./Firmware/cr_cpp_config.o
 .data          0x0000000000000000        0x0 ./Firmware/cr_cpp_config.o
 .bss           0x0000000000000000        0x0 ./Firmware/cr_cpp_config.o
 .text._Znwj    0x0000000000000000       0x1a ./Firmware/cr_cpp_config.o
 .text._Znaj    0x0000000000000000       0x1a ./Firmware/cr_cpp_config.o
 .text._ZdlPv   0x0000000000000000       0x18 ./Firmware/cr_cpp_config.o
 .text._ZdaPv   0x0000000000000000       0x18 ./Firmware/cr_cpp_config.o
 .text.__aeabi_atexit
                0x0000000000000000       0x16 ./Firmware/cr_cpp_config.o
 .text._ZN9__gnu_cxx27__verbose_terminate_handlerEv
                0x0000000000000000        0x6 ./Firmware/cr_cpp_config.o
 .debug_info    0x0000000000000000      0x9f1 ./Firmware/cr_cpp_config.o
 .debug_abbrev  0x0000000000000000      0x266 ./Firmware/cr_cpp_config.o
 .debug_aranges
                0x0000000000000000       0x48 ./Firmware/cr_cpp_config.o
 .debug_ranges  0x0000000000000000       0x38 ./Firmware/cr_cpp_config.o
 .debug_macro   0x0000000000000000      0x13e ./Firmware/cr_cpp_config.o
 .debug_macro   0x0000000000000000      0xb44 ./Firmware/cr_cpp_config.o
 .debug_macro   0x0000000000000000      0x18a ./Firmware/cr_cpp_config.o
 .debug_macro   0x0000000000000000       0x10 ./Firmware/cr_cpp_config.o
 .debug_macro   0x0000000000000000      0x3c3 ./Firmware/cr_cpp_config.o
 .debug_macro   0x0000000000000000       0x10 ./Firmware/cr_cpp_config.o
 .debug_macro   0x0000000000000000       0x18 ./Firmware/cr_cpp_config.o
 .debug_macro   0x0000000000000000       0x22 ./Firmware/cr_cpp_config.o
 .debug_macro   0x0000000000000000       0x5e ./Firmware/cr_cpp_config.o
 .debug_macro   0x0000000000000000       0x94 ./Firmware/cr_cpp_config.o
 .debug_macro   0x0000000000000000       0x35 ./Firmware/cr_cpp_config.o
 .debug_macro   0x0000000000000000       0x34 ./Firmware/cr_cpp_config.o
 .debug_macro   0x0000000000000000       0x16 ./Firmware/cr_cpp_config.o
 .debug_macro   0x0000000000000000      0x10e ./Firmware/cr_cpp_config.o
 .debug_macro   0x0000000000000000       0x94 ./Firmware/cr_cpp_config.o
 .debug_macro   0x0000000000000000       0x16 ./Firmware/cr_cpp_config.o
 .debug_macro   0x0000000000000000       0x43 ./Firmware/cr_cpp_config.o
 .debug_macro   0x0000000000000000       0x57 ./Firmware/cr_cpp_config.o
 .debug_macro   0x0000000000000000       0x34 ./Firmware/cr_cpp_config.o
 .debug_macro   0x0000000000000000       0x10 ./Firmware/cr_cpp_config.o
 .debug_macro   0x0000000000000000       0x58 ./Firmware/cr_cpp_config.o
 .debug_macro   0x0000000000000000      0x182 ./Firmware/cr_cpp_config.o
 .debug_macro   0x0000000000000000      0x364 ./Firmware/cr_cpp_config.o
 .debug_macro   0x0000000000000000       0x16 ./Firmware/cr_cpp_config.o
 .debug_macro   0x0000000000000000       0x29 ./Firmware/cr_cpp_config.o
 .debug_macro   0x0000000000000000       0x1c ./Firmware/cr_cpp_config.o
 .debug_macro   0x0000000000000000       0xde ./Firmware/cr_cpp_config.o
 .debug_line    0x0000000000000000      0x5de ./Firmware/cr_cpp_config.o
 .debug_str     0x0000000000000000     0x7a82 ./Firmware/cr_cpp_config.o
 .comment       0x0000000000000000       0x4a ./Firmware/cr_cpp_config.o
 .debug_frame   0x0000000000000000       0xcc ./Firmware/cr_cpp_config.o
 .ARM.attributes
                0x0000000000000000       0x2c ./Firmware/cr_cpp_config.o
 .group         0x0000000000000000        0xc ./Firmware/cr_startup_lpc84x.o
 .text          0x0000000000000000        0x0 ./Firmware/cr_startup_lpc84x.o
 .data          0x0000000000000000        0x0 ./Firmware/cr_startup_lpc84x.o
 .bss           0x0000000000000000        0x0 ./Firmware/cr_startup_lpc84x.o
 .debug_macro   0x0000000000000000      0xb44 ./Firmware/cr_startup_lpc84x.o
 .group         0x0000000000000000        0xc ./Aplicacion/PrimerProy.o
 .group         0x0000000000000000        0xc ./Aplicacion/PrimerProy.o
 .group         0x0000000000000000        0xc ./Aplicacion/PrimerProy.o
 .text          0x0000000000000000        0x0 ./Aplicacion/PrimerProy.o
 .data          0x0000000000000000        0x0 ./Aplicacion/PrimerProy.o
 .bss           0x0000000000000000        0x0 ./Aplicacion/PrimerProy.o
 .debug_macro   0x0000000000000000      0xb44 ./Aplicacion/PrimerProy.o
 .debug_macro   0x0000000000000000       0x58 ./Aplicacion/PrimerProy.o
 .text          0x0000000000000000        0x0 /usr/local/mcuxpressoide-11.5.1_7266/ide/plugins/com.nxp.mcuxpresso.tools.linux_11.5.1.202201181444/tools/bin/../lib/gcc/arm-none-eabi/10.3.1/../../../../arm-none-eabi/lib/thumb/v6-m/nofp/libc.a(lib_a-init.o)
 .data          0x0000000000000000        0x0 /usr/local/mcuxpressoide-11.5.1_7266/ide/plugins/com.nxp.mcuxpresso.tools.linux_11.5.1.202201181444/tools/bin/../lib/gcc/arm-none-eabi/10.3.1/../../../../arm-none-eabi/lib/thumb/v6-m/nofp/libc.a(lib_a-init.o)
 .bss           0x0000000000000000        0x0 /usr/local/mcuxpressoide-11.5.1_7266/ide/plugins/com.nxp.mcuxpresso.tools.linux_11.5.1.202201181444/tools/bin/../lib/gcc/arm-none-eabi/10.3.1/../../../../arm-none-eabi/lib/thumb/v6-m/nofp/libc.a(lib_a-init.o)
 .text          0x0000000000000000        0x0 /usr/local/mcuxpressoide-11.5.1_7266/ide/plugins/com.nxp.mcuxpresso.tools.linux_11.5.1.202201181444/tools/bin/../lib/gcc/arm-none-eabi/10.3.1/../../../../arm-none-eabi/lib/thumb/v6-m/nofp/libc.a(lib_a-malloc.o)
 .data          0x0000000000000000        0x0 /usr/local/mcuxpressoide-11.5.1_7266/ide/plugins/com.nxp.mcuxpresso.tools.linux_11.5.1.202201181444/tools/bin/../lib/gcc/arm-none-eabi/10.3.1/../../../../arm-none-eabi/lib/thumb/v6-m/nofp/libc.a(lib_a-malloc.o)
 .bss           0x0000000000000000        0x0 /usr/local/mcuxpressoide-11.5.1_7266/ide/plugins/com.nxp.mcuxpresso.tools.linux_11.5.1.202201181444/tools/bin/../lib/gcc/arm-none-eabi/10.3.1/../../../../arm-none-eabi/lib/thumb/v6-m/nofp/libc.a(lib_a-malloc.o)
 .text.malloc   0x0000000000000000       0x14 /usr/local/mcuxpressoide-11.5.1_7266/ide/plugins/com.nxp.mcuxpresso.tools.linux_11.5.1.202201181444/tools/bin/../lib/gcc/arm-none-eabi/10.3.1/../../../../arm-none-eabi/lib/thumb/v6-m/nofp/libc.a(lib_a-malloc.o)
 .text.free     0x0000000000000000       0x14 /usr/local/mcuxpressoide-11.5.1_7266/ide/plugins/com.nxp.mcuxpresso.tools.linux_11.5.1.202201181444/tools/bin/../lib/gcc/arm-none-eabi/10.3.1/../../../../arm-none-eabi/lib/thumb/v6-m/nofp/libc.a(lib_a-malloc.o)
 .debug_frame   0x0000000000000000       0x40 /usr/local/mcuxpressoide-11.5.1_7266/ide/plugins/com.nxp.mcuxpresso.tools.linux_11.5.1.202201181444/tools/bin/../lib/gcc/arm-none-eabi/10.3.1/../../../../arm-none-eabi/lib/thumb/v6-m/nofp/libc.a(lib_a-malloc.o)
 .ARM.attributes
                0x0000000000000000       0x2c /usr/local/mcuxpressoide-11.5.1_7266/ide/plugins/com.nxp.mcuxpresso.tools.linux_11.5.1.202201181444/tools/bin/../lib/gcc/arm-none-eabi/10.3.1/../../../../arm-none-eabi/lib/thumb/v6-m/nofp/libc.a(lib_a-malloc.o)
 .text          0x0000000000000000        0x0 /usr/local/mcuxpressoide-11.5.1_7266/ide/plugins/com.nxp.mcuxpresso.tools.linux_11.5.1.202201181444/tools/bin/../lib/gcc/arm-none-eabi/10.3.1/../../../../arm-none-eabi/lib/thumb/v6-m/nofp/libc.a(lib_a-mallocr.o)
 .data          0x0000000000000000        0x0 /usr/local/mcuxpressoide-11.5.1_7266/ide/plugins/com.nxp.mcuxpresso.tools.linux_11.5.1.202201181444/tools/bin/../lib/gcc/arm-none-eabi/10.3.1/../../../../arm-none-eabi/lib/thumb/v6-m/nofp/libc.a(lib_a-mallocr.o)
 .bss           0x0000000000000000        0x0 /usr/local/mcuxpressoide-11.5.1_7266/ide/plugins/com.nxp.mcuxpresso.tools.linux_11.5.1.202201181444/tools/bin/../lib/gcc/arm-none-eabi/10.3.1/../../../../arm-none-eabi/lib/thumb/v6-m/nofp/libc.a(lib_a-mallocr.o)
 .text._malloc_r
                0x0000000000000000      0x584 /usr/local/mcuxpressoide-11.5.1_7266/ide/plugins/com.nxp.mcuxpresso.tools.linux_11.5.1.202201181444/tools/bin/../lib/gcc/arm-none-eabi/10.3.1/../../../../arm-none-eabi/lib/thumb/v6-m/nofp/libc.a(lib_a-mallocr.o)
 .bss.__malloc_current_mallinfo
                0x0000000000000000       0x28 /usr/local/mcuxpressoide-11.5.1_7266/ide/plugins/com.nxp.mcuxpresso.tools.linux_11.5.1.202201181444/tools/bin/../lib/gcc/arm-none-eabi/10.3.1/../../../../arm-none-eabi/lib/thumb/v6-m/nofp/libc.a(lib_a-mallocr.o)
 .bss.__malloc_max_sbrked_mem
                0x0000000000000000        0x4 /usr/local/mcuxpressoide-11.5.1_7266/ide/plugins/com.nxp.mcuxpresso.tools.linux_11.5.1.202201181444/tools/bin/../lib/gcc/arm-none-eabi/10.3.1/../../../../arm-none-eabi/lib/thumb/v6-m/nofp/libc.a(lib_a-mallocr.o)
 .bss.__malloc_max_total_mem
                0x0000000000000000        0x4 /usr/local/mcuxpressoide-11.5.1_7266/ide/plugins/com.nxp.mcuxpresso.tools.linux_11.5.1.202201181444/tools/bin/../lib/gcc/arm-none-eabi/10.3.1/../../../../arm-none-eabi/lib/thumb/v6-m/nofp/libc.a(lib_a-mallocr.o)
 .bss.__malloc_top_pad
                0x0000000000000000        0x4 /usr/local/mcuxpressoide-11.5.1_7266/ide/plugins/com.nxp.mcuxpresso.tools.linux_11.5.1.202201181444/tools/bin/../lib/gcc/arm-none-eabi/10.3.1/../../../../arm-none-eabi/lib/thumb/v6-m/nofp/libc.a(lib_a-mallocr.o)
 .data.__malloc_av_
                0x0000000000000000      0x408 /usr/local/mcuxpressoide-11.5.1_7266/ide/plugins/com.nxp.mcuxpresso.tools.linux_11.5.1.202201181444/tools/bin/../lib/gcc/arm-none-eabi/10.3.1/../../../../arm-none-eabi/lib/thumb/v6-m/nofp/libc.a(lib_a-mallocr.o)
 .data.__malloc_sbrk_base
                0x0000000000000000        0x4 /usr/local/mcuxpressoide-11.5.1_7266/ide/plugins/com.nxp.mcuxpresso.tools.linux_11.5.1.202201181444/tools/bin/../lib/gcc/arm-none-eabi/10.3.1/../../../../arm-none-eabi/lib/thumb/v6-m/nofp/libc.a(lib_a-mallocr.o)
 .data.__malloc_trim_threshold
                0x0000000000000000        0x4 /usr/local/mcuxpressoide-11.5.1_7266/ide/plugins/com.nxp.mcuxpresso.tools.linux_11.5.1.202201181444/tools/bin/../lib/gcc/arm-none-eabi/10.3.1/../../../../arm-none-eabi/lib/thumb/v6-m/nofp/libc.a(lib_a-mallocr.o)
 .debug_frame   0x0000000000000000       0x3c /usr/local/mcuxpressoide-11.5.1_7266/ide/plugins/com.nxp.mcuxpresso.tools.linux_11.5.1.202201181444/tools/bin/../lib/gcc/arm-none-eabi/10.3.1/../../../../arm-none-eabi/lib/thumb/v6-m/nofp/libc.a(lib_a-mallocr.o)
 .ARM.attributes
                0x0000000000000000       0x2c /usr/local/mcuxpressoide-11.5.1_7266/ide/plugins/com.nxp.mcuxpresso.tools.linux_11.5.1.202201181444/tools/bin/../lib/gcc/arm-none-eabi/10.3.1/../../../../arm-none-eabi/lib/thumb/v6-m/nofp/libc.a(lib_a-mallocr.o)
 .text          0x0000000000000000        0x0 /usr/local/mcuxpressoide-11.5.1_7266/ide/plugins/com.nxp.mcuxpresso.tools.linux_11.5.1.202201181444/tools/bin/../lib/gcc/arm-none-eabi/10.3.1/../../../../arm-none-eabi/lib/thumb/v6-m/nofp/libc.a(lib_a-mlock.o)
 .data          0x0000000000000000        0x0 /usr/local/mcuxpressoide-11.5.1_7266/ide/plugins/com.nxp.mcuxpresso.tools.linux_11.5.1.202201181444/tools/bin/../lib/gcc/arm-none-eabi/10.3.1/../../../../arm-none-eabi/lib/thumb/v6-m/nofp/libc.a(lib_a-mlock.o)
 .bss           0x0000000000000000        0x0 /usr/local/mcuxpressoide-11.5.1_7266/ide/plugins/com.nxp.mcuxpresso.tools.linux_11.5.1.202201181444/tools/bin/../lib/gcc/arm-none-eabi/10.3.1/../../../../arm-none-eabi/lib/thumb/v6-m/nofp/libc.a(lib_a-mlock.o)
 .text.__malloc_lock
                0x0000000000000000       0x10 /usr/local/mcuxpressoide-11.5.1_7266/ide/plugins/com.nxp.mcuxpresso.tools.linux_11.5.1.202201181444/tools/bin/../lib/gcc/arm-none-eabi/10.3.1/../../../../arm-none-eabi/lib/thumb/v6-m/nofp/libc.a(lib_a-mlock.o)
 .text.__malloc_unlock
                0x0000000000000000       0x10 /usr/local/mcuxpressoide-11.5.1_7266/ide/plugins/com.nxp.mcuxpresso.tools.linux_11.5.1.202201181444/tools/bin/../lib/gcc/arm-none-eabi/10.3.1/../../../../arm-none-eabi/lib/thumb/v6-m/nofp/libc.a(lib_a-mlock.o)
 .debug_frame   0x0000000000000000       0x40 /usr/local/mcuxpressoide-11.5.1_7266/ide/plugins/com.nxp.mcuxpresso.tools.linux_11.5.1.202201181444/tools/bin/../lib/gcc/arm-none-eabi/10.3.1/../../../../arm-none-eabi/lib/thumb/v6-m/nofp/libc.a(lib_a-mlock.o)
 .ARM.attributes
                0x0000000000000000       0x2c /usr/local/mcuxpressoide-11.5.1_7266/ide/plugins/com.nxp.mcuxpresso.tools.linux_11.5.1.202201181444/tools/bin/../lib/gcc/arm-none-eabi/10.3.1/../../../../arm-none-eabi/lib/thumb/v6-m/nofp/libc.a(lib_a-mlock.o)
 .text          0x0000000000000000        0x0 /usr/local/mcuxpressoide-11.5.1_7266/ide/plugins/com.nxp.mcuxpresso.tools.linux_11.5.1.202201181444/tools/bin/../lib/gcc/arm-none-eabi/10.3.1/../../../../arm-none-eabi/lib/thumb/v6-m/nofp/libc.a(lib_a-sbrkr.o)
 .data          0x0000000000000000        0x0 /usr/local/mcuxpressoide-11.5.1_7266/ide/plugins/com.nxp.mcuxpresso.tools.linux_11.5.1.202201181444/tools/bin/../lib/gcc/arm-none-eabi/10.3.1/../../../../arm-none-eabi/lib/thumb/v6-m/nofp/libc.a(lib_a-sbrkr.o)
 .bss           0x0000000000000000        0x0 /usr/local/mcuxpressoide-11.5.1_7266/ide/plugins/com.nxp.mcuxpresso.tools.linux_11.5.1.202201181444/tools/bin/../lib/gcc/arm-none-eabi/10.3.1/../../../../arm-none-eabi/lib/thumb/v6-m/nofp/libc.a(lib_a-sbrkr.o)
 .text._sbrk_r  0x0000000000000000       0x24 /usr/local/mcuxpressoide-11.5.1_7266/ide/plugins/com.nxp.mcuxpresso.tools.linux_11.5.1.202201181444/tools/bin/../lib/gcc/arm-none-eabi/10.3.1/../../../../arm-none-eabi/lib/thumb/v6-m/nofp/libc.a(lib_a-sbrkr.o)
 .debug_frame   0x0000000000000000       0x2c /usr/local/mcuxpressoide-11.5.1_7266/ide/plugins/com.nxp.mcuxpresso.tools.linux_11.5.1.202201181444/tools/bin/../lib/gcc/arm-none-eabi/10.3.1/../../../../arm-none-eabi/lib/thumb/v6-m/nofp/libc.a(lib_a-sbrkr.o)
 .ARM.attributes
                0x0000000000000000       0x2c /usr/local/mcuxpressoide-11.5.1_7266/ide/plugins/com.nxp.mcuxpresso.tools.linux_11.5.1.202201181444/tools/bin/../lib/gcc/arm-none-eabi/10.3.1/../../../../arm-none-eabi/lib/thumb/v6-m/nofp/libc.a(lib_a-sbrkr.o)
 .text          0x0000000000000000        0x0 /usr/local/mcuxpressoide-11.5.1_7266/ide/plugins/com.nxp.mcuxpresso.tools.linux_11.5.1.202201181444/tools/bin/../lib/gcc/arm-none-eabi/10.3.1/../../../../arm-none-eabi/lib/thumb/v6-m/nofp/libc.a(lib_a-freer.o)
 .data          0x0000000000000000        0x0 /usr/local/mcuxpressoide-11.5.1_7266/ide/plugins/com.nxp.mcuxpresso.tools.linux_11.5.1.202201181444/tools/bin/../lib/gcc/arm-none-eabi/10.3.1/../../../../arm-none-eabi/lib/thumb/v6-m/nofp/libc.a(lib_a-freer.o)
 .bss           0x0000000000000000        0x0 /usr/local/mcuxpressoide-11.5.1_7266/ide/plugins/com.nxp.mcuxpresso.tools.linux_11.5.1.202201181444/tools/bin/../lib/gcc/arm-none-eabi/10.3.1/../../../../arm-none-eabi/lib/thumb/v6-m/nofp/libc.a(lib_a-freer.o)
 .text._malloc_trim_r
                0x0000000000000000       0x9c /usr/local/mcuxpressoide-11.5.1_7266/ide/plugins/com.nxp.mcuxpresso.tools.linux_11.5.1.202201181444/tools/bin/../lib/gcc/arm-none-eabi/10.3.1/../../../../arm-none-eabi/lib/thumb/v6-m/nofp/libc.a(lib_a-freer.o)
 .text._free_r  0x0000000000000000      0x1c4 /usr/local/mcuxpressoide-11.5.1_7266/ide/plugins/com.nxp.mcuxpresso.tools.linux_11.5.1.202201181444/tools/bin/../lib/gcc/arm-none-eabi/10.3.1/../../../../arm-none-eabi/lib/thumb/v6-m/nofp/libc.a(lib_a-freer.o)
 .debug_frame   0x0000000000000000       0x54 /usr/local/mcuxpressoide-11.5.1_7266/ide/plugins/com.nxp.mcuxpresso.tools.linux_11.5.1.202201181444/tools/bin/../lib/gcc/arm-none-eabi/10.3.1/../../../../arm-none-eabi/lib/thumb/v6-m/nofp/libc.a(lib_a-freer.o)
 .ARM.attributes
                0x0000000000000000       0x2c /usr/local/mcuxpressoide-11.5.1_7266/ide/plugins/com.nxp.mcuxpresso.tools.linux_11.5.1.202201181444/tools/bin/../lib/gcc/arm-none-eabi/10.3.1/../../../../arm-none-eabi/lib/thumb/v6-m/nofp/libc.a(lib_a-freer.o)
 .text          0x0000000000000000        0x0 /usr/local/mcuxpressoide-11.5.1_7266/ide/plugins/com.nxp.mcuxpresso.tools.linux_11.5.1.202201181444/tools/bin/../lib/gcc/arm-none-eabi/10.3.1/../../../../arm-none-eabi/lib/thumb/v6-m/nofp/libc.a(lib_a-impure.o)
 .data          0x0000000000000000        0x0 /usr/local/mcuxpressoide-11.5.1_7266/ide/plugins/com.nxp.mcuxpresso.tools.linux_11.5.1.202201181444/tools/bin/../lib/gcc/arm-none-eabi/10.3.1/../../../../arm-none-eabi/lib/thumb/v6-m/nofp/libc.a(lib_a-impure.o)
 .bss           0x0000000000000000        0x0 /usr/local/mcuxpressoide-11.5.1_7266/ide/plugins/com.nxp.mcuxpresso.tools.linux_11.5.1.202201181444/tools/bin/../lib/gcc/arm-none-eabi/10.3.1/../../../../arm-none-eabi/lib/thumb/v6-m/nofp/libc.a(lib_a-impure.o)
 .data._impure_ptr
                0x0000000000000000        0x4 /usr/local/mcuxpressoide-11.5.1_7266/ide/plugins/com.nxp.mcuxpresso.tools.linux_11.5.1.202201181444/tools/bin/../lib/gcc/arm-none-eabi/10.3.1/../../../../arm-none-eabi/lib/thumb/v6-m/nofp/libc.a(lib_a-impure.o)
 .data.impure_data
                0x0000000000000000      0x428 /usr/local/mcuxpressoide-11.5.1_7266/ide/plugins/com.nxp.mcuxpresso.tools.linux_11.5.1.202201181444/tools/bin/../lib/gcc/arm-none-eabi/10.3.1/../../../../arm-none-eabi/lib/thumb/v6-m/nofp/libc.a(lib_a-impure.o)
 .rodata._global_impure_ptr
                0x0000000000000000        0x4 /usr/local/mcuxpressoide-11.5.1_7266/ide/plugins/com.nxp.mcuxpresso.tools.linux_11.5.1.202201181444/tools/bin/../lib/gcc/arm-none-eabi/10.3.1/../../../../arm-none-eabi/lib/thumb/v6-m/nofp/libc.a(lib_a-impure.o)
 .ARM.attributes
                0x0000000000000000       0x2c /usr/local/mcuxpressoide-11.5.1_7266/ide/plugins/com.nxp.mcuxpresso.tools.linux_11.5.1.202201181444/tools/bin/../lib/gcc/arm-none-eabi/10.3.1/../../../../arm-none-eabi/lib/thumb/v6-m/nofp/libc.a(lib_a-impure.o)
 .text          0x0000000000000000        0x0 /usr/local/mcuxpressoide-11.5.1_7266/ide/plugins/com.nxp.mcuxpresso.tools.linux_11.5.1.202201181444/tools/bin/../lib/gcc/arm-none-eabi/10.3.1/../../../../arm-none-eabi/lib/thumb/v6-m/nofp/libc.a(lib_a-lock.o)
 .data          0x0000000000000000        0x0 /usr/local/mcuxpressoide-11.5.1_7266/ide/plugins/com.nxp.mcuxpresso.tools.linux_11.5.1.202201181444/tools/bin/../lib/gcc/arm-none-eabi/10.3.1/../../../../arm-none-eabi/lib/thumb/v6-m/nofp/libc.a(lib_a-lock.o)
 .bss           0x0000000000000000        0x0 /usr/local/mcuxpressoide-11.5.1_7266/ide/plugins/com.nxp.mcuxpresso.tools.linux_11.5.1.202201181444/tools/bin/../lib/gcc/arm-none-eabi/10.3.1/../../../../arm-none-eabi/lib/thumb/v6-m/nofp/libc.a(lib_a-lock.o)
 .text.__retarget_lock_init
                0x0000000000000000        0x4 /usr/local/mcuxpressoide-11.5.1_7266/ide/plugins/com.nxp.mcuxpresso.tools.linux_11.5.1.202201181444/tools/bin/../lib/gcc/arm-none-eabi/10.3.1/../../../../arm-none-eabi/lib/thumb/v6-m/nofp/libc.a(lib_a-lock.o)
 .text.__retarget_lock_init_recursive
                0x0000000000000000        0x4 /usr/local/mcuxpressoide-11.5.1_7266/ide/plugins/com.nxp.mcuxpresso.tools.linux_11.5.1.202201181444/tools/bin/../lib/gcc/arm-none-eabi/10.3.1/../../../../arm-none-eabi/lib/thumb/v6-m/nofp/libc.a(lib_a-lock.o)
 .text.__retarget_lock_close
                0x0000000000000000        0x4 /usr/local/mcuxpressoide-11.5.1_7266/ide/plugins/com.nxp.mcuxpresso.tools.linux_11.5.1.202201181444/tools/bin/../lib/gcc/arm-none-eabi/10.3.1/../../../../arm-none-eabi/lib/thumb/v6-m/nofp/libc.a(lib_a-lock.o)
 .text.__retarget_lock_close_recursive
                0x0000000000000000        0x4 /usr/local/mcuxpressoide-11.5.1_7266/ide/plugins/com.nxp.mcuxpresso.tools.linux_11.5.1.202201181444/tools/bin/../lib/gcc/arm-none-eabi/10.3.1/../../../../arm-none-eabi/lib/thumb/v6-m/nofp/libc.a(lib_a-lock.o)
 .text.__retarget_lock_acquire
                0x0000000000000000        0x4 /usr/local/mcuxpressoide-11.5.1_7266/ide/plugins/com.nxp.mcuxpresso.tools.linux_11.5.1.202201181444/tools/bin/../lib/gcc/arm-none-eabi/10.3.1/../../../../arm-none-eabi/lib/thumb/v6-m/nofp/libc.a(lib_a-lock.o)
 .text.__retarget_lock_acquire_recursive
                0x0000000000000000        0x4 /usr/local/mcuxpressoide-11.5.1_7266/ide/plugins/com.nxp.mcuxpresso.tools.linux_11.5.1.202201181444/tools/bin/../lib/gcc/arm-none-eabi/10.3.1/../../../../arm-none-eabi/lib/thumb/v6-m/nofp/libc.a(lib_a-lock.o)
 .text.__retarget_lock_try_acquire
                0x0000000000000000        0x4 /usr/local/mcuxpressoide-11.5.1_7266/ide/plugins/com.nxp.mcuxpresso.tools.linux_11.5.1.202201181444/tools/bin/../lib/gcc/arm-none-eabi/10.3.1/../../../../arm-none-eabi/lib/thumb/v6-m/nofp/libc.a(lib_a-lock.o)
 .text.__retarget_lock_try_acquire_recursive
                0x0000000000000000        0x4 /usr/local/mcuxpressoide-11.5.1_7266/ide/plugins/com.nxp.mcuxpresso.tools.linux_11.5.1.202201181444/tools/bin/../lib/gcc/arm-none-eabi/10.3.1/../../../../arm-none-eabi/lib/thumb/v6-m/nofp/libc.a(lib_a-lock.o)
 .text.__retarget_lock_release
                0x0000000000000000        0x4 /usr/local/mcuxpressoide-11.5.1_7266/ide/plugins/com.nxp.mcuxpresso.tools.linux_11.5.1.202201181444/tools/bin/../lib/gcc/arm-none-eabi/10.3.1/../../../../arm-none-eabi/lib/thumb/v6-m/nofp/libc.a(lib_a-lock.o)
 .text.__retarget_lock_release_recursive
                0x0000000000000000        0x4 /usr/local/mcuxpressoide-11.5.1_7266/ide/plugins/com.nxp.mcuxpresso.tools.linux_11.5.1.202201181444/tools/bin/../lib/gcc/arm-none-eabi/10.3.1/../../../../arm-none-eabi/lib/thumb/v6-m/nofp/libc.a(lib_a-lock.o)
 .bss.__lock___arc4random_mutex
                0x0000000000000000        0x1 /usr/local/mcuxpressoide-11.5.1_7266/ide/plugins/com.nxp.mcuxpresso.tools.linux_11.5.1.202201181444/tools/bin/../lib/gcc/arm-none-eabi/10.3.1/../../../../arm-none-eabi/lib/thumb/v6-m/nofp/libc.a(lib_a-lock.o)
 .bss.__lock___at_quick_exit_mutex
                0x0000000000000000        0x1 /usr/local/mcuxpressoide-11.5.1_7266/ide/plugins/com.nxp.mcuxpresso.tools.linux_11.5.1.202201181444/tools/bin/../lib/gcc/arm-none-eabi/10.3.1/../../../../arm-none-eabi/lib/thumb/v6-m/nofp/libc.a(lib_a-lock.o)
 .bss.__lock___atexit_recursive_mutex
                0x0000000000000000        0x1 /usr/local/mcuxpressoide-11.5.1_7266/ide/plugins/com.nxp.mcuxpresso.tools.linux_11.5.1.202201181444/tools/bin/../lib/gcc/arm-none-eabi/10.3.1/../../../../arm-none-eabi/lib/thumb/v6-m/nofp/libc.a(lib_a-lock.o)
 .bss.__lock___dd_hash_mutex
                0x0000000000000000        0x1 /usr/local/mcuxpressoide-11.5.1_7266/ide/plugins/com.nxp.mcuxpresso.tools.linux_11.5.1.202201181444/tools/bin/../lib/gcc/arm-none-eabi/10.3.1/../../../../arm-none-eabi/lib/thumb/v6-m/nofp/libc.a(lib_a-lock.o)
 .bss.__lock___env_recursive_mutex
                0x0000000000000000        0x1 /usr/local/mcuxpressoide-11.5.1_7266/ide/plugins/com.nxp.mcuxpresso.tools.linux_11.5.1.202201181444/tools/bin/../lib/gcc/arm-none-eabi/10.3.1/../../../../arm-none-eabi/lib/thumb/v6-m/nofp/libc.a(lib_a-lock.o)
 .bss.__lock___malloc_recursive_mutex
                0x0000000000000000        0x1 /usr/local/mcuxpressoide-11.5.1_7266/ide/plugins/com.nxp.mcuxpresso.tools.linux_11.5.1.202201181444/tools/bin/../lib/gcc/arm-none-eabi/10.3.1/../../../../arm-none-eabi/lib/thumb/v6-m/nofp/libc.a(lib_a-lock.o)
 .bss.__lock___sfp_recursive_mutex
                0x0000000000000000        0x1 /usr/local/mcuxpressoide-11.5.1_7266/ide/plugins/com.nxp.mcuxpresso.tools.linux_11.5.1.202201181444/tools/bin/../lib/gcc/arm-none-eabi/10.3.1/../../../../arm-none-eabi/lib/thumb/v6-m/nofp/libc.a(lib_a-lock.o)
 .bss.__lock___sinit_recursive_mutex
                0x0000000000000000        0x1 /usr/local/mcuxpressoide-11.5.1_7266/ide/plugins/com.nxp.mcuxpresso.tools.linux_11.5.1.202201181444/tools/bin/../lib/gcc/arm-none-eabi/10.3.1/../../../../arm-none-eabi/lib/thumb/v6-m/nofp/libc.a(lib_a-lock.o)
 .bss.__lock___tz_mutex
                0x0000000000000000        0x1 /usr/local/mcuxpressoide-11.5.1_7266/ide/plugins/com.nxp.mcuxpresso.tools.linux_11.5.1.202201181444/tools/bin/../lib/gcc/arm-none-eabi/10.3.1/../../../../arm-none-eabi/lib/thumb/v6-m/nofp/libc.a(lib_a-lock.o)
 .debug_frame   0x0000000000000000       0xb0 /usr/local/mcuxpressoide-11.5.1_7266/ide/plugins/com.nxp.mcuxpresso.tools.linux_11.5.1.202201181444/tools/bin/../lib/gcc/arm-none-eabi/10.3.1/../../../../arm-none-eabi/lib/thumb/v6-m/nofp/libc.a(lib_a-lock.o)
 .ARM.attributes
                0x0000000000000000       0x2c /usr/local/mcuxpressoide-11.5.1_7266/ide/plugins/com.nxp.mcuxpresso.tools.linux_11.5.1.202201181444/tools/bin/../lib/gcc/arm-none-eabi/10.3.1/../../../../arm-none-eabi/lib/thumb/v6-m/nofp/libc.a(lib_a-lock.o)
 .text          0x0000000000000000        0x0 /usr/local/mcuxpressoide-11.5.1_7266/ide/plugins/com.nxp.mcuxpresso.tools.linux_11.5.1.202201181444/tools/bin/../lib/gcc/arm-none-eabi/10.3.1/../../../../arm-none-eabi/lib/thumb/v6-m/nofp/libc.a(lib_a-reent.o)
 .data          0x0000000000000000        0x0 /usr/local/mcuxpressoide-11.5.1_7266/ide/plugins/com.nxp.mcuxpresso.tools.linux_11.5.1.202201181444/tools/bin/../lib/gcc/arm-none-eabi/10.3.1/../../../../arm-none-eabi/lib/thumb/v6-m/nofp/libc.a(lib_a-reent.o)
 .bss           0x0000000000000000        0x0 /usr/local/mcuxpressoide-11.5.1_7266/ide/plugins/com.nxp.mcuxpresso.tools.linux_11.5.1.202201181444/tools/bin/../lib/gcc/arm-none-eabi/10.3.1/../../../../arm-none-eabi/lib/thumb/v6-m/nofp/libc.a(lib_a-reent.o)
 .text.cleanup_glue
                0x0000000000000000       0x50 /usr/local/mcuxpressoide-11.5.1_7266/ide/plugins/com.nxp.mcuxpresso.tools.linux_11.5.1.202201181444/tools/bin/../lib/gcc/arm-none-eabi/10.3.1/../../../../arm-none-eabi/lib/thumb/v6-m/nofp/libc.a(lib_a-reent.o)
 .text._reclaim_reent
                0x0000000000000000       0xa0 /usr/local/mcuxpressoide-11.5.1_7266/ide/plugins/com.nxp.mcuxpresso.tools.linux_11.5.1.202201181444/tools/bin/../lib/gcc/arm-none-eabi/10.3.1/../../../../arm-none-eabi/lib/thumb/v6-m/nofp/libc.a(lib_a-reent.o)
 .bss.errno     0x0000000000000000        0x4 /usr/local/mcuxpressoide-11.5.1_7266/ide/plugins/com.nxp.mcuxpresso.tools.linux_11.5.1.202201181444/tools/bin/../lib/gcc/arm-none-eabi/10.3.1/../../../../arm-none-eabi/lib/thumb/v6-m/nofp/libc.a(lib_a-reent.o)
 .debug_frame   0x0000000000000000       0x50 /usr/local/mcuxpressoide-11.5.1_7266/ide/plugins/com.nxp.mcuxpresso.tools.linux_11.5.1.202201181444/tools/bin/../lib/gcc/arm-none-eabi/10.3.1/../../../../arm-none-eabi/lib/thumb/v6-m/nofp/libc.a(lib_a-reent.o)
 .ARM.attributes
                0x0000000000000000       0x2c /usr/local/mcuxpressoide-11.5.1_7266/ide/plugins/com.nxp.mcuxpresso.tools.linux_11.5.1.202201181444/tools/bin/../lib/gcc/arm-none-eabi/10.3.1/../../../../arm-none-eabi/lib/thumb/v6-m/nofp/libc.a(lib_a-reent.o)
 .text          0x0000000000000000        0x0 /usr/local/mcuxpressoide-11.5.1_7266/ide/plugins/com.nxp.mcuxpresso.tools.linux_11.5.1.202201181444/tools/bin/../lib/gcc/arm-none-eabi/10.3.1/../../../../arm-none-eabi/lib/thumb/v6-m/nofp/libcr_newlib_nohost.a(_cr_sbrk.o)
 .data          0x0000000000000000        0x0 /usr/local/mcuxpressoide-11.5.1_7266/ide/plugins/com.nxp.mcuxpresso.tools.linux_11.5.1.202201181444/tools/bin/../lib/gcc/arm-none-eabi/10.3.1/../../../../arm-none-eabi/lib/thumb/v6-m/nofp/libcr_newlib_nohost.a(_cr_sbrk.o)
 .bss           0x0000000000000000        0x0 /usr/local/mcuxpressoide-11.5.1_7266/ide/plugins/com.nxp.mcuxpresso.tools.linux_11.5.1.202201181444/tools/bin/../lib/gcc/arm-none-eabi/10.3.1/../../../../arm-none-eabi/lib/thumb/v6-m/nofp/libcr_newlib_nohost.a(_cr_sbrk.o)
 .text._sbrk    0x0000000000000000       0x40 /usr/local/mcuxpressoide-11.5.1_7266/ide/plugins/com.nxp.mcuxpresso.tools.linux_11.5.1.202201181444/tools/bin/../lib/gcc/arm-none-eabi/10.3.1/../../../../arm-none-eabi/lib/thumb/v6-m/nofp/libcr_newlib_nohost.a(_cr_sbrk.o)
 .bss.__end_of_heap
                0x0000000000000000        0x4 /usr/local/mcuxpressoide-11.5.1_7266/ide/plugins/com.nxp.mcuxpresso.tools.linux_11.5.1.202201181444/tools/bin/../lib/gcc/arm-none-eabi/10.3.1/../../../../arm-none-eabi/lib/thumb/v6-m/nofp/libcr_newlib_nohost.a(_cr_sbrk.o)
 .debug_info    0x0000000000000000      0x132 /usr/local/mcuxpressoide-11.5.1_7266/ide/plugins/com.nxp.mcuxpresso.tools.linux_11.5.1.202201181444/tools/bin/../lib/gcc/arm-none-eabi/10.3.1/../../../../arm-none-eabi/lib/thumb/v6-m/nofp/libcr_newlib_nohost.a(_cr_sbrk.o)
 .debug_abbrev  0x0000000000000000       0xe3 /usr/local/mcuxpressoide-11.5.1_7266/ide/plugins/com.nxp.mcuxpresso.tools.linux_11.5.1.202201181444/tools/bin/../lib/gcc/arm-none-eabi/10.3.1/../../../../arm-none-eabi/lib/thumb/v6-m/nofp/libcr_newlib_nohost.a(_cr_sbrk.o)
 .debug_loc     0x0000000000000000       0x69 /usr/local/mcuxpressoide-11.5.1_7266/ide/plugins/com.nxp.mcuxpresso.tools.linux_11.5.1.202201181444/tools/bin/../lib/gcc/arm-none-eabi/10.3.1/../../../../arm-none-eabi/lib/thumb/v6-m/nofp/libcr_newlib_nohost.a(_cr_sbrk.o)
 .debug_aranges
                0x0000000000000000       0x20 /usr/local/mcuxpressoide-11.5.1_7266/ide/plugins/com.nxp.mcuxpresso.tools.linux_11.5.1.202201181444/tools/bin/../lib/gcc/arm-none-eabi/10.3.1/../../../../arm-none-eabi/lib/thumb/v6-m/nofp/libcr_newlib_nohost.a(_cr_sbrk.o)
 .debug_ranges  0x0000000000000000       0x10 /usr/local/mcuxpressoide-11.5.1_7266/ide/plugins/com.nxp.mcuxpresso.tools.linux_11.5.1.202201181444/tools/bin/../lib/gcc/arm-none-eabi/10.3.1/../../../../arm-none-eabi/lib/thumb/v6-m/nofp/libcr_newlib_nohost.a(_cr_sbrk.o)
 .debug_line    0x0000000000000000      0x1df /usr/local/mcuxpressoide-11.5.1_7266/ide/plugins/com.nxp.mcuxpresso.tools.linux_11.5.1.202201181444/tools/bin/../lib/gcc/arm-none-eabi/10.3.1/../../../../arm-none-eabi/lib/thumb/v6-m/nofp/libcr_newlib_nohost.a(_cr_sbrk.o)
 .debug_str     0x0000000000000000      0x229 /usr/local/mcuxpressoide-11.5.1_7266/ide/plugins/com.nxp.mcuxpresso.tools.linux_11.5.1.202201181444/tools/bin/../lib/gcc/arm-none-eabi/10.3.1/../../../../arm-none-eabi/lib/thumb/v6-m/nofp/libcr_newlib_nohost.a(_cr_sbrk.o)
 .comment       0x0000000000000000       0x4a /usr/local/mcuxpressoide-11.5.1_7266/ide/plugins/com.nxp.mcuxpresso.tools.linux_11.5.1.202201181444/tools/bin/../lib/gcc/arm-none-eabi/10.3.1/../../../../arm-none-eabi/lib/thumb/v6-m/nofp/libcr_newlib_nohost.a(_cr_sbrk.o)
 .debug_frame   0x0000000000000000       0x2c /usr/local/mcuxpressoide-11.5.1_7266/ide/plugins/com.nxp.mcuxpresso.tools.linux_11.5.1.202201181444/tools/bin/../lib/gcc/arm-none-eabi/10.3.1/../../../../arm-none-eabi/lib/thumb/v6-m/nofp/libcr_newlib_nohost.a(_cr_sbrk.o)
 .ARM.attributes
                0x0000000000000000       0x2c /usr/local/mcuxpressoide-11.5.1_7266/ide/plugins/com.nxp.mcuxpresso.tools.linux_11.5.1.202201181444/tools/bin/../lib/gcc/arm-none-eabi/10.3.1/../../../../arm-none-eabi/lib/thumb/v6-m/nofp/libcr_newlib_nohost.a(_cr_sbrk.o)
 .text          0x0000000000000000        0x0 /usr/local/mcuxpressoide-11.5.1_7266/ide/plugins/com.nxp.mcuxpresso.tools.linux_11.5.1.202201181444/tools/bin/../lib/gcc/arm-none-eabi/10.3.1/../../../../arm-none-eabi/lib/thumb/v6-m/nofp/libcr_newlib_nohost.a(_cr_check_heap.o)
 .data          0x0000000000000000        0x0 /usr/local/mcuxpressoide-11.5.1_7266/ide/plugins/com.nxp.mcuxpresso.tools.linux_11.5.1.202201181444/tools/bin/../lib/gcc/arm-none-eabi/10.3.1/../../../../arm-none-eabi/lib/thumb/v6-m/nofp/libcr_newlib_nohost.a(_cr_check_heap.o)
 .bss           0x0000000000000000        0x0 /usr/local/mcuxpressoide-11.5.1_7266/ide/plugins/com.nxp.mcuxpresso.tools.linux_11.5.1.202201181444/tools/bin/../lib/gcc/arm-none-eabi/10.3.1/../../../../arm-none-eabi/lib/thumb/v6-m/nofp/libcr_newlib_nohost.a(_cr_check_heap.o)
 .text.__check_heap_overflow
                0x0000000000000000       0x18 /usr/local/mcuxpressoide-11.5.1_7266/ide/plugins/com.nxp.mcuxpresso.tools.linux_11.5.1.202201181444/tools/bin/../lib/gcc/arm-none-eabi/10.3.1/../../../../arm-none-eabi/lib/thumb/v6-m/nofp/libcr_newlib_nohost.a(_cr_check_heap.o)
 .debug_info    0x0000000000000000       0x71 /usr/local/mcuxpressoide-11.5.1_7266/ide/plugins/com.nxp.mcuxpresso.tools.linux_11.5.1.202201181444/tools/bin/../lib/gcc/arm-none-eabi/10.3.1/../../../../arm-none-eabi/lib/thumb/v6-m/nofp/libcr_newlib_nohost.a(_cr_check_heap.o)
 .debug_abbrev  0x0000000000000000       0x6b /usr/local/mcuxpressoide-11.5.1_7266/ide/plugins/com.nxp.mcuxpresso.tools.linux_11.5.1.202201181444/tools/bin/../lib/gcc/arm-none-eabi/10.3.1/../../../../arm-none-eabi/lib/thumb/v6-m/nofp/libcr_newlib_nohost.a(_cr_check_heap.o)
 .debug_loc     0x0000000000000000       0x22 /usr/local/mcuxpressoide-11.5.1_7266/ide/plugins/com.nxp.mcuxpresso.tools.linux_11.5.1.202201181444/tools/bin/../lib/gcc/arm-none-eabi/10.3.1/../../../../arm-none-eabi/lib/thumb/v6-m/nofp/libcr_newlib_nohost.a(_cr_check_heap.o)
 .debug_aranges
                0x0000000000000000       0x20 /usr/local/mcuxpressoide-11.5.1_7266/ide/plugins/com.nxp.mcuxpresso.tools.linux_11.5.1.202201181444/tools/bin/../lib/gcc/arm-none-eabi/10.3.1/../../../../arm-none-eabi/lib/thumb/v6-m/nofp/libcr_newlib_nohost.a(_cr_check_heap.o)
 .debug_ranges  0x0000000000000000       0x10 /usr/local/mcuxpressoide-11.5.1_7266/ide/plugins/com.nxp.mcuxpresso.tools.linux_11.5.1.202201181444/tools/bin/../lib/gcc/arm-none-eabi/10.3.1/../../../../arm-none-eabi/lib/thumb/v6-m/nofp/libcr_newlib_nohost.a(_cr_check_heap.o)
 .debug_line    0x0000000000000000       0x61 /usr/local/mcuxpressoide-11.5.1_7266/ide/plugins/com.nxp.mcuxpresso.tools.linux_11.5.1.202201181444/tools/bin/../lib/gcc/arm-none-eabi/10.3.1/../../../../arm-none-eabi/lib/thumb/v6-m/nofp/libcr_newlib_nohost.a(_cr_check_heap.o)
 .debug_str     0x0000000000000000      0x174 /usr/local/mcuxpressoide-11.5.1_7266/ide/plugins/com.nxp.mcuxpresso.tools.linux_11.5.1.202201181444/tools/bin/../lib/gcc/arm-none-eabi/10.3.1/../../../../arm-none-eabi/lib/thumb/v6-m/nofp/libcr_newlib_nohost.a(_cr_check_heap.o)
 .comment       0x0000000000000000       0x4a /usr/local/mcuxpressoide-11.5.1_7266/ide/plugins/com.nxp.mcuxpresso.tools.linux_11.5.1.202201181444/tools/bin/../lib/gcc/arm-none-eabi/10.3.1/../../../../arm-none-eabi/lib/thumb/v6-m/nofp/libcr_newlib_nohost.a(_cr_check_heap.o)
 .debug_frame   0x0000000000000000       0x20 /usr/local/mcuxpressoide-11.5.1_7266/ide/plugins/com.nxp.mcuxpresso.tools.linux_11.5.1.202201181444/tools/bin/../lib/gcc/arm-none-eabi/10.3.1/../../../../arm-none-eabi/lib/thumb/v6-m/nofp/libcr_newlib_nohost.a(_cr_check_heap.o)
 .ARM.attributes
                0x0000000000000000       0x2c /usr/local/mcuxpressoide-11.5.1_7266/ide/plugins/com.nxp.mcuxpresso.tools.linux_11.5.1.202201181444/tools/bin/../lib/gcc/arm-none-eabi/10.3.1/../../../../arm-none-eabi/lib/thumb/v6-m/nofp/libcr_newlib_nohost.a(_cr_check_heap.o)
 .text          0x0000000000000000        0x0 /usr/local/mcuxpressoide-11.5.1_7266/ide/plugins/com.nxp.mcuxpresso.tools.linux_11.5.1.202201181444/tools/bin/../lib/gcc/arm-none-eabi/10.3.1/thumb/v6-m/nofp/crti.o
 .data          0x0000000000000000        0x0 /usr/local/mcuxpressoide-11.5.1_7266/ide/plugins/com.nxp.mcuxpresso.tools.linux_11.5.1.202201181444/tools/bin/../lib/gcc/arm-none-eabi/10.3.1/thumb/v6-m/nofp/crti.o
 .bss           0x0000000000000000        0x0 /usr/local/mcuxpressoide-11.5.1_7266/ide/plugins/com.nxp.mcuxpresso.tools.linux_11.5.1.202201181444/tools/bin/../lib/gcc/arm-none-eabi/10.3.1/thumb/v6-m/nofp/crti.o
 .text          0x0000000000000000        0x0 /usr/local/mcuxpressoide-11.5.1_7266/ide/plugins/com.nxp.mcuxpresso.tools.linux_11.5.1.202201181444/tools/bin/../lib/gcc/arm-none-eabi/10.3.1/thumb/v6-m/nofp/crtn.o
 .data          0x0000000000000000        0x0 /usr/local/mcuxpressoide-11.5.1_7266/ide/plugins/com.nxp.mcuxpresso.tools.linux_11.5.1.202201181444/tools/bin/../lib/gcc/arm-none-eabi/10.3.1/thumb/v6-m/nofp/crtn.o
 .bss           0x0000000000000000        0x0 /usr/local/mcuxpressoide-11.5.1_7266/ide/plugins/com.nxp.mcuxpresso.tools.linux_11.5.1.202201181444/tools/bin/../lib/gcc/arm-none-eabi/10.3.1/thumb/v6-m/nofp/crtn.o
 .data          0x0000000000000000        0x4 /usr/local/mcuxpressoide-11.5.1_7266/ide/plugins/com.nxp.mcuxpresso.tools.linux_11.5.1.202201181444/tools/bin/../lib/gcc/arm-none-eabi/10.3.1/thumb/v6-m/nofp/crtbegin.o
 .rodata        0x0000000000000000       0x24 /usr/local/mcuxpressoide-11.5.1_7266/ide/plugins/com.nxp.mcuxpresso.tools.linux_11.5.1.202201181444/tools/bin/../lib/gcc/arm-none-eabi/10.3.1/thumb/v6-m/nofp/crtbegin.o
 .fini_array    0x0000000000000000        0x4 /usr/local/mcuxpressoide-11.5.1_7266/ide/plugins/com.nxp.mcuxpresso.tools.linux_11.5.1.202201181444/tools/bin/../lib/gcc/arm-none-eabi/10.3.1/thumb/v6-m/nofp/crtbegin.o
 .text          0x0000000000000000        0x0 /usr/local/mcuxpressoide-11.5.1_7266/ide/plugins/com.nxp.mcuxpresso.tools.linux_11.5.1.202201181444/tools/bin/../lib/gcc/arm-none-eabi/10.3.1/thumb/v6-m/nofp/crtend.o
 .data          0x0000000000000000        0x0 /usr/local/mcuxpressoide-11.5.1_7266/ide/plugins/com.nxp.mcuxpresso.tools.linux_11.5.1.202201181444/tools/bin/../lib/gcc/arm-none-eabi/10.3.1/thumb/v6-m/nofp/crtend.o
 .bss           0x0000000000000000        0x0 /usr/local/mcuxpressoide-11.5.1_7266/ide/plugins/com.nxp.mcuxpresso.tools.linux_11.5.1.202201181444/tools/bin/../lib/gcc/arm-none-eabi/10.3.1/thumb/v6-m/nofp/crtend.o
 .rodata        0x0000000000000000       0x24 /usr/local/mcuxpressoide-11.5.1_7266/ide/plugins/com.nxp.mcuxpresso.tools.linux_11.5.1.202201181444/tools/bin/../lib/gcc/arm-none-eabi/10.3.1/thumb/v6-m/nofp/crtend.o
 .eh_frame      0x0000000000000000        0x4 /usr/local/mcuxpressoide-11.5.1_7266/ide/plugins/com.nxp.mcuxpresso.tools.linux_11.5.1.202201181444/tools/bin/../lib/gcc/arm-none-eabi/10.3.1/thumb/v6-m/nofp/crtend.o
 .ARM.attributes
                0x0000000000000000       0x2c /usr/local/mcuxpressoide-11.5.1_7266/ide/plugins/com.nxp.mcuxpresso.tools.linux_11.5.1.202201181444/tools/bin/../lib/gcc/arm-none-eabi/10.3.1/thumb/v6-m/nofp/crtend.o
 .text          0x0000000000000000        0x0 /usr/local/mcuxpressoide-11.5.1_7266/ide/plugins/com.nxp.mcuxpresso.tools.linux_11.5.1.202201181444/tools/bin/../lib/gcc/arm-none-eabi/10.3.1/../../../../arm-none-eabi/lib/thumb/v6-m/nofp/libc.a(lib_a-errno.o)
 .data          0x0000000000000000        0x0 /usr/local/mcuxpressoide-11.5.1_7266/ide/plugins/com.nxp.mcuxpresso.tools.linux_11.5.1.202201181444/tools/bin/../lib/gcc/arm-none-eabi/10.3.1/../../../../arm-none-eabi/lib/thumb/v6-m/nofp/libc.a(lib_a-errno.o)
 .bss           0x0000000000000000        0x0 /usr/local/mcuxpressoide-11.5.1_7266/ide/plugins/com.nxp.mcuxpresso.tools.linux_11.5.1.202201181444/tools/bin/../lib/gcc/arm-none-eabi/10.3.1/../../../../arm-none-eabi/lib/thumb/v6-m/nofp/libc.a(lib_a-errno.o)
 .text.__errno  0x0000000000000000        0xc /usr/local/mcuxpressoide-11.5.1_7266/ide/plugins/com.nxp.mcuxpresso.tools.linux_11.5.1.202201181444/tools/bin/../lib/gcc/arm-none-eabi/10.3.1/../../../../arm-none-eabi/lib/thumb/v6-m/nofp/libc.a(lib_a-errno.o)
 .debug_frame   0x0000000000000000       0x20 /usr/local/mcuxpressoide-11.5.1_7266/ide/plugins/com.nxp.mcuxpresso.tools.linux_11.5.1.202201181444/tools/bin/../lib/gcc/arm-none-eabi/10.3.1/../../../../arm-none-eabi/lib/thumb/v6-m/nofp/libc.a(lib_a-errno.o)
 .ARM.attributes
                0x0000000000000000       0x2c /usr/local/mcuxpressoide-11.5.1_7266/ide/plugins/com.nxp.mcuxpresso.tools.linux_11.5.1.202201181444/tools/bin/../lib/gcc/arm-none-eabi/10.3.1/../../../../arm-none-eabi/lib/thumb/v6-m/nofp/libc.a(lib_a-errno.o)

Memory Configuration

Name             Origin             Length             Attributes
MFlash64         0x0000000000000000 0x0000000000010000 xr
RamLoc16         0x0000000010000000 0x0000000000004000 xrw
*default*        0x0000000000000000 0xffffffffffffffff

Linker script and memory map

LOAD ./Firmware/Init.o
LOAD ./Firmware/cr_cpp_config.o
LOAD ./Firmware/cr_startup_lpc84x.o
LOAD ./Aplicacion/PrimerProy.o
START GROUP
LOAD /usr/local/mcuxpressoide-11.5.1_7266/ide/plugins/com.nxp.mcuxpresso.tools.linux_11.5.1.202201181444/tools/bin/../lib/gcc/arm-none-eabi/10.3.1/thumb/v6-m/nofp/libgcc.a
LOAD /usr/local/mcuxpressoide-11.5.1_7266/ide/plugins/com.nxp.mcuxpresso.tools.linux_11.5.1.202201181444/tools/bin/../lib/gcc/arm-none-eabi/10.3.1/../../../../arm-none-eabi/lib/thumb/v6-m/nofp/libc.a
LOAD /usr/local/mcuxpressoide-11.5.1_7266/ide/plugins/com.nxp.mcuxpresso.tools.linux_11.5.1.202201181444/tools/bin/../lib/gcc/arm-none-eabi/10.3.1/../../../../arm-none-eabi/lib/thumb/v6-m/nofp/libstdc++.a
LOAD /usr/local/mcuxpressoide-11.5.1_7266/ide/plugins/com.nxp.mcuxpresso.tools.linux_11.5.1.202201181444/tools/bin/../lib/gcc/arm-none-eabi/10.3.1/../../../../arm-none-eabi/lib/thumb/v6-m/nofp/libm.a
LOAD /usr/local/mcuxpressoide-11.5.1_7266/ide/plugins/com.nxp.mcuxpresso.tools.linux_11.5.1.202201181444/tools/bin/../lib/gcc/arm-none-eabi/10.3.1/../../../../arm-none-eabi/lib/thumb/v6-m/nofp/libcr_newlib_nohost.a
LOAD /usr/local/mcuxpressoide-11.5.1_7266/ide/plugins/com.nxp.mcuxpresso.tools.linux_11.5.1.202201181444/tools/bin/../lib/gcc/arm-none-eabi/10.3.1/thumb/v6-m/nofp/crti.o
LOAD /usr/local/mcuxpressoide-11.5.1_7266/ide/plugins/com.nxp.mcuxpresso.tools.linux_11.5.1.202201181444/tools/bin/../lib/gcc/arm-none-eabi/10.3.1/thumb/v6-m/nofp/crtn.o
LOAD /usr/local/mcuxpressoide-11.5.1_7266/ide/plugins/com.nxp.mcuxpresso.tools.linux_11.5.1.202201181444/tools/bin/../lib/gcc/arm-none-eabi/10.3.1/thumb/v6-m/nofp/crtbegin.o
LOAD /usr/local/mcuxpressoide-11.5.1_7266/ide/plugins/com.nxp.mcuxpresso.tools.linux_11.5.1.202201181444/tools/bin/../lib/gcc/arm-none-eabi/10.3.1/thumb/v6-m/nofp/crtend.o
END GROUP
                0x0000000000000000                __base_MFlash64 = 0x0
                0x0000000000000000                __base_Flash = 0x0
                0x0000000000010000                __top_MFlash64 = 0x10000
                0x0000000000010000                __top_Flash = 0x10000
                0x0000000010000000                __base_RamLoc16 = 0x10000000
                0x0000000010000000                __base_RAM = 0x10000000
                0x0000000010004000                __top_RamLoc16 = 0x10004000
                0x0000000010004000                __top_RAM = 0x10004000

.text           0x0000000000000000      0x3b8
 FILL mask 0xff
                0x0000000000000000                __vectors_start__ = ABSOLUTE (.)
 *(.isr_vector)
 .isr_vector    0x0000000000000000       0xc0 ./Firmware/cr_startup_lpc84x.o
                0x0000000000000000                g_pfnVectors
                0x00000000000000c0                . = ALIGN (0x4)
                0x00000000000000c0                __section_table_start = .
                0x00000000000000c0                __data_section_table = .
                0x00000000000000c0        0x4 LONG 0x3b8 LOADADDR (.data)
                0x00000000000000c4        0x4 LONG 0x10000000 ADDR (.data)
                0x00000000000000c8        0x4 LONG 0x4 SIZEOF (.data)
                0x00000000000000cc                __data_section_table_end = .
                0x00000000000000cc                __bss_section_table = .
                0x00000000000000cc        0x4 LONG 0x10000004 ADDR (.bss)
                0x00000000000000d0        0x4 LONG 0x1c SIZEOF (.bss)
                0x00000000000000d4                __bss_section_table_end = .
                0x00000000000000d4                __section_table_end = .
 *(.after_vectors*)
 .after_vectors
                0x00000000000000d4      0x118 ./Firmware/cr_startup_lpc84x.o
                0x00000000000000d4                data_init(unsigned int, unsigned int, unsigned int)
                0x0000000000000114                bss_init(unsigned int, unsigned int)
                0x0000000000000148                ResetISR
                0x00000000000001c8                NMI_Handler
                0x00000000000001ce                HardFault_Handler
                0x00000000000001d4                SVC_Handler
                0x00000000000001da                PendSV_Handler
                0x00000000000001e0                SysTick_Handler
                0x00000000000001e6                CMP_IRQHandler
                0x00000000000001e6                PININT7_IRQHandler
                0x00000000000001e6                I2C0_IRQHandler
                0x00000000000001e6                WKT_IRQHandler
                0x00000000000001e6                PININT2_IRQHandler
                0x00000000000001e6                PININT1_IRQHandler
                0x00000000000001e6                MRT_IRQHandler
                0x00000000000001e6                I2C1_IRQHandler
                0x00000000000001e6                UART1_IRQHandler
                0x00000000000001e6                ADC_SEQB_IRQHandler
                0x00000000000001e6                UART0_IRQHandler
                0x00000000000001e6                SPI1_IRQHandler
                0x00000000000001e6                IntDefaultHandler
                0x00000000000001e6                ADC_OVR_IRQHandler
                0x00000000000001e6                I2C2_IRQHandler
                0x00000000000001e6                PININT3_IRQHandler
                0x00000000000001e6                UART2_IRQHandler
                0x00000000000001e6                PININT5_IRQHandler
                0x00000000000001e6                PININT4_IRQHandler
                0x00000000000001e6                ADC_THCMP_IRQHandler
                0x00000000000001e6                PININT0_IRQHandler
                0x00000000000001e6                BOD_IRQHandler
                0x00000000000001e6                I2C3_IRQHandler
                0x00000000000001e6                SCT_IRQHandler
                0x00000000000001e6                WDT_IRQHandler
                0x00000000000001e6                ADC_SEQA_IRQHandler
                0x00000000000001e6                FAIM_IRQHandler
                0x00000000000001e6                DAC0_IRQHandler
                0x00000000000001e6                PININT6_IRQHandler
                0x00000000000001e6                SPI0_IRQHandler
                0x00000000000001e6                DMA_IRQHandler
                0x00000000000001e6                FLASH_IRQHandler
                0x00000000000001e6                CTIMER0_IRQHandler
 *(.text*)
 .text._Z6InitHwv
                0x00000000000001ec       0xd4 ./Firmware/Init.o
                0x00000000000001ec                InitHw()
 .text.main     0x00000000000002c0       0x50 ./Aplicacion/PrimerProy.o
                0x00000000000002c0                main
 .text.__libc_init_array
                0x0000000000000310       0x44 /usr/local/mcuxpressoide-11.5.1_7266/ide/plugins/com.nxp.mcuxpresso.tools.linux_11.5.1.202201181444/tools/bin/../lib/gcc/arm-none-eabi/10.3.1/../../../../arm-none-eabi/lib/thumb/v6-m/nofp/libc.a(lib_a-init.o)
                0x0000000000000310                __libc_init_array
 .text          0x0000000000000354       0x48 /usr/local/mcuxpressoide-11.5.1_7266/ide/plugins/com.nxp.mcuxpresso.tools.linux_11.5.1.202201181444/tools/bin/../lib/gcc/arm-none-eabi/10.3.1/thumb/v6-m/nofp/crtbegin.o
 *(.rodata .rodata.* .constdata .constdata.*)
                0x000000000000039c                . = ALIGN (0x4)
                0x000000000000039c                . = ALIGN (0x4)
 *(.init)
 .init          0x000000000000039c        0x4 /usr/local/mcuxpressoide-11.5.1_7266/ide/plugins/com.nxp.mcuxpresso.tools.linux_11.5.1.202201181444/tools/bin/../lib/gcc/arm-none-eabi/10.3.1/thumb/v6-m/nofp/crti.o
                0x000000000000039c                _init
 .init          0x00000000000003a0        0x8 /usr/local/mcuxpressoide-11.5.1_7266/ide/plugins/com.nxp.mcuxpresso.tools.linux_11.5.1.202201181444/tools/bin/../lib/gcc/arm-none-eabi/10.3.1/thumb/v6-m/nofp/crtn.o
                0x00000000000003a8                . = ALIGN (0x4)
                0x00000000000003a8                __preinit_array_start = .
 *(.preinit_array)
                0x00000000000003a8                __preinit_array_end = .
                0x00000000000003a8                . = ALIGN (0x4)
                0x00000000000003a8                __init_array_start = .
 *(SORT_BY_NAME(.init_array.*))
 *(.init_array)
 .init_array    0x00000000000003a8        0x4 /usr/local/mcuxpressoide-11.5.1_7266/ide/plugins/com.nxp.mcuxpresso.tools.linux_11.5.1.202201181444/tools/bin/../lib/gcc/arm-none-eabi/10.3.1/thumb/v6-m/nofp/crtbegin.o
                0x00000000000003ac                __init_array_end = .
 *(.fini)
 .fini          0x00000000000003ac        0x4 /usr/local/mcuxpressoide-11.5.1_7266/ide/plugins/com.nxp.mcuxpresso.tools.linux_11.5.1.202201181444/tools/bin/../lib/gcc/arm-none-eabi/10.3.1/thumb/v6-m/nofp/crti.o
                0x00000000000003ac                _fini
 .fini          0x00000000000003b0        0x8 /usr/local/mcuxpressoide-11.5.1_7266/ide/plugins/com.nxp.mcuxpresso.tools.linux_11.5.1.202201181444/tools/bin/../lib/gcc/arm-none-eabi/10.3.1/thumb/v6-m/nofp/crtn.o
                0x00000000000003b8                . = ALIGN (0x4)
 *crtbegin.o(.ctors)
 *(EXCLUDE_FILE(*crtend.o) .ctors)
 *(SORT_BY_NAME(.ctors.*))
 *crtend.o(.ctors)
                0x00000000000003b8                . = ALIGN (0x4)
 *crtbegin.o(.dtors)
 *(EXCLUDE_FILE(*crtend.o) .dtors)
 *(SORT_BY_NAME(.dtors.*))
 *crtend.o(.dtors)
                0x00000000000003b8                . = ALIGN (0x4)

.glue_7         0x00000000000003b8        0x0
 .glue_7        0x00000000000003b8        0x0 linker stubs

.glue_7t        0x00000000000003b8        0x0
 .glue_7t       0x00000000000003b8        0x0 linker stubs

.vfp11_veneer   0x00000000000003b8        0x0
 .vfp11_veneer  0x00000000000003b8        0x0 linker stubs

.v4_bx          0x00000000000003b8        0x0
 .v4_bx         0x00000000000003b8        0x0 linker stubs

.iplt           0x00000000000003b8        0x0
 .iplt          0x00000000000003b8        0x0 ./Firmware/Init.o

.rel.dyn        0x00000000000003b8        0x0
 .rel.iplt      0x00000000000003b8        0x0 ./Firmware/Init.o

.eh_frame       0x00000000000003b8        0x0
 .eh_frame      0x00000000000003b8        0x0 /usr/local/mcuxpressoide-11.5.1_7266/ide/plugins/com.nxp.mcuxpresso.tools.linux_11.5.1.202201181444/tools/bin/../lib/gcc/arm-none-eabi/10.3.1/thumb/v6-m/nofp/crtbegin.o

.ARM.extab
 *(.ARM.extab* .gnu.linkonce.armextab.*)

.ARM.exidx      0x00000000000003b8        0x0
                0x00000000000003b8                __exidx_start = .
 *(.ARM.exidx* .gnu.linkonce.armexidx.*)
                0x00000000000003b8                __exidx_end = .
                0x00000000000003b8                _etext = .

.mtb_buffer_default
 *(.mtb*)

.uninit_RESERVED
                0x0000000010000000        0x0
                0x0000000010000000                _start_uninit_RESERVED = .
 *(.bss.$RESERVED*)
                0x0000000010000000                . = ALIGN (0x4)
                0x0000000010000000                _end_uninit_RESERVED = .

.data           0x0000000010000000        0x4 load address 0x00000000000003b8
 FILL mask 0xff
                0x0000000010000000                _data = .
                [!provide]                        PROVIDE (__start_data_RAM = .)
                [!provide]                        PROVIDE (__start_data_RamLoc16 = .)
 *(vtable)
 *(.ramfunc*)
 *(CodeQuickAccess)
 *(DataQuickAccess)
 *(RamFunction)
 *(.data*)
 .data.fro_set_frec
                0x0000000010000000        0x4 ./Firmware/Init.o
                0x0000000010000000                fro_set_frec
                0x0000000010000004                . = ALIGN (0x4)
                0x0000000010000004                _edata = .
                [!provide]                        PROVIDE (__end_data_RAM = .)
                [!provide]                        PROVIDE (__end_data_RamLoc16 = .)

.igot.plt       0x0000000010000004        0x0 load address 0x00000000000003bc
 .igot.plt      0x0000000010000004        0x0 ./Firmware/Init.o

.bss            0x0000000010000004       0x1c
                0x0000000010000004                _bss = .
                [!provide]                        PROVIDE (__start_bss_RAM = .)
                [!provide]                        PROVIDE (__start_bss_RamLoc16 = .)
 *(.bss*)
 .bss           0x0000000010000004       0x1c /usr/local/mcuxpressoide-11.5.1_7266/ide/plugins/com.nxp.mcuxpresso.tools.linux_11.5.1.202201181444/tools/bin/../lib/gcc/arm-none-eabi/10.3.1/thumb/v6-m/nofp/crtbegin.o
 *(COMMON)
                0x0000000010000020                . = ALIGN (0x4)
                0x0000000010000020                _ebss = .
                [!provide]                        PROVIDE (__end_bss_RAM = .)
                [!provide]                        PROVIDE (__end_bss_RamLoc16 = .)
                [!provide]                        PROVIDE (end = .)

.noinit         0x0000000010000020        0x0
                0x0000000010000020                _noinit = .
                [!provide]                        PROVIDE (__start_noinit_RAM = .)
                [!provide]                        PROVIDE (__start_noinit_RamLoc16 = .)
 *(.noinit*)
                0x0000000010000020                . = ALIGN (0x4)
                0x0000000010000020                _end_noinit = .
                [!provide]                        PROVIDE (__end_noinit_RAM = .)
                [!provide]                        PROVIDE (__end_noinit_RamLoc16 = .)
                0x0000000010000020                PROVIDE (_pvHeapStart = DEFINED (__user_heap_base)?__user_heap_base:.)
                0x0000000010004000                PROVIDE (_vStackTop = DEFINED (__user_stack_top)?__user_stack_top:(__top_RamLoc16 - 0x0))
                0xffffffffefffbb1f                PROVIDE (__valid_user_code_checksum = (0x0 - (((_vStackTop + (ResetISR + 0x1)) + (DEFINED (NMI_Handler)?NMI_Handler:M0_NMI_Handler + 0x1)) + (DEFINED (HardFault_Handler)?HardFault_Handler:M0_HardFault_Handler + 0x1))))
                0x0000000000000000                _image_start = LOADADDR (.text)
                0x00000000000003bc                _image_end = (LOADADDR (.data) + SIZEOF (.data))
                0x00000000000003bc                _image_size = (_image_end - _image_start)
OUTPUT(PrimerProy.axf elf32-littlearm)
LOAD linker stubs

.debug_info     0x0000000000000000      0x310
 .debug_info    0x0000000000000000       0x6a ./Firmware/Init.o
 .debug_info    0x000000000000006a      0x231 ./Firmware/cr_startup_lpc84x.o
 .debug_info    0x000000000000029b       0x75 ./Aplicacion/PrimerProy.o

.debug_abbrev   0x0000000000000000      0x1e5
 .debug_abbrev  0x0000000000000000       0x66 ./Firmware/Init.o
 .debug_abbrev  0x0000000000000066      0x10b ./Firmware/cr_startup_lpc84x.o
 .debug_abbrev  0x0000000000000171       0x74 ./Aplicacion/PrimerProy.o

.debug_aranges  0x0000000000000000       0xa0
 .debug_aranges
                0x0000000000000000       0x20 ./Firmware/Init.o
 .debug_aranges
                0x0000000000000020       0x60 ./Firmware/cr_startup_lpc84x.o
 .debug_aranges
                0x0000000000000080       0x20 ./Aplicacion/PrimerProy.o

.debug_ranges   0x0000000000000000       0x70
 .debug_ranges  0x0000000000000000       0x10 ./Firmware/Init.o
 .debug_ranges  0x0000000000000010       0x50 ./Firmware/cr_startup_lpc84x.o
 .debug_ranges  0x0000000000000060       0x10 ./Aplicacion/PrimerProy.o

.debug_macro    0x0000000000000000      0xc7e
 .debug_macro   0x0000000000000000       0x1a ./Firmware/Init.o
 .debug_macro   0x000000000000001a      0xb44 ./Firmware/Init.o
 .debug_macro   0x0000000000000b5e       0x58 ./Firmware/Init.o
 .debug_macro   0x0000000000000bb6       0x1d ./Firmware/cr_startup_lpc84x.o
 .debug_macro   0x0000000000000bd3       0x29 ./Aplicacion/PrimerProy.o
 .debug_macro   0x0000000000000bfc       0x82 ./Aplicacion/PrimerProy.o

.debug_line     0x0000000000000000      0x30a
 .debug_line    0x0000000000000000       0x7a ./Firmware/Init.o
 .debug_line    0x000000000000007a      0x147 ./Firmware/cr_startup_lpc84x.o
 .debug_line    0x00000000000001c1      0x149 ./Aplicacion/PrimerProy.o

.debug_str      0x0000000000000000     0x38d3
 .debug_str     0x0000000000000000     0x32a4 ./Firmware/Init.o
 .debug_str     0x00000000000032a4      0x19c ./Firmware/cr_startup_lpc84x.o
                                       0x3204 (size before relaxing)
 .debug_str     0x0000000000003440      0x493 ./Aplicacion/PrimerProy.o
                                       0x3710 (size before relaxing)

.comment        0x0000000000000000       0x49
 .comment       0x0000000000000000       0x49 ./Firmware/Init.o
                                         0x4a (size before relaxing)
 .comment       0x0000000000000049       0x4a ./Firmware/cr_startup_lpc84x.o
 .comment       0x0000000000000049       0x4a ./Aplicacion/PrimerProy.o

.ARM.attributes
                0x0000000000000000       0x2c
 .ARM.attributes
                0x0000000000000000       0x2c ./Firmware/Init.o
 .ARM.attributes
                0x000000000000002c       0x2c ./Firmware/cr_startup_lpc84x.o
 .ARM.attributes
                0x0000000000000058       0x2c ./Aplicacion/PrimerProy.o
 .ARM.attributes
                0x0000000000000084       0x2c /usr/local/mcuxpressoide-11.5.1_7266/ide/plugins/com.nxp.mcuxpresso.tools.linux_11.5.1.202201181444/tools/bin/../lib/gcc/arm-none-eabi/10.3.1/../../../../arm-none-eabi/lib/thumb/v6-m/nofp/libc.a(lib_a-init.o)
 .ARM.attributes
                0x00000000000000b0       0x1e /usr/local/mcuxpressoide-11.5.1_7266/ide/plugins/com.nxp.mcuxpresso.tools.linux_11.5.1.202201181444/tools/bin/../lib/gcc/arm-none-eabi/10.3.1/thumb/v6-m/nofp/crti.o
 .ARM.attributes
                0x00000000000000ce       0x1e /usr/local/mcuxpressoide-11.5.1_7266/ide/plugins/com.nxp.mcuxpresso.tools.linux_11.5.1.202201181444/tools/bin/../lib/gcc/arm-none-eabi/10.3.1/thumb/v6-m/nofp/crtn.o
 .ARM.attributes
                0x00000000000000ec       0x2c /usr/local/mcuxpressoide-11.5.1_7266/ide/plugins/com.nxp.mcuxpresso.tools.linux_11.5.1.202201181444/tools/bin/../lib/gcc/arm-none-eabi/10.3.1/thumb/v6-m/nofp/crtbegin.o

.debug_frame    0x0000000000000000      0x1a0
 .debug_frame   0x0000000000000000       0x2c ./Firmware/Init.o
 .debug_frame   0x000000000000002c      0x118 ./Firmware/cr_startup_lpc84x.o
 .debug_frame   0x0000000000000144       0x30 ./Aplicacion/PrimerProy.o
 .debug_frame   0x0000000000000174       0x2c /usr/local/mcuxpressoide-11.5.1_7266/ide/plugins/com.nxp.mcuxpresso.tools.linux_11.5.1.202201181444/tools/bin/../lib/gcc/arm-none-eabi/10.3.1/../../../../arm-none-eabi/lib/thumb/v6-m/nofp/libc.a(lib_a-init.o)

Cross Reference Table

Symbol                                            File
ADC_OVR_IRQHandler                                ./Firmware/cr_startup_lpc84x.o
ADC_SEQA_IRQHandler                               ./Firmware/cr_startup_lpc84x.o
ADC_SEQB_IRQHandler                               ./Firmware/cr_startup_lpc84x.o
ADC_THCMP_IRQHandler                              ./Firmware/cr_startup_lpc84x.o
BOD_IRQHandler                                    ./Firmware/cr_startup_lpc84x.o
CMP_IRQHandler                                    ./Firmware/cr_startup_lpc84x.o
CTIMER0_IRQHandler                                ./Firmware/cr_startup_lpc84x.o
DAC0_IRQHandler                                   ./Firmware/cr_startup_lpc84x.o
DMA_IRQHandler                                    ./Firmware/cr_startup_lpc84x.o
FAIM_IRQHandler                                   ./Firmware/cr_startup_lpc84x.o
FLASH_IRQHandler                                  ./Firmware/cr_startup_lpc84x.o
HardFault_Handler                                 ./Firmware/cr_startup_lpc84x.o
I2C0_IRQHandler                                   ./Firmware/cr_startup_lpc84x.o
I2C1_IRQHandler                                   ./Firmware/cr_startup_lpc84x.o
I2C2_IRQHandler                                   ./Firmware/cr_startup_lpc84x.o
I2C3_IRQHandler                                   ./Firmware/cr_startup_lpc84x.o
InitHw()                                          ./Firmware/Init.o
                                                  ./Aplicacion/PrimerProy.o
IntDefaultHandler                                 ./Firmware/cr_startup_lpc84x.o
MRT_IRQHandler                                    ./Firmware/cr_startup_lpc84x.o
NMI_Handler                                       ./Firmware/cr_startup_lpc84x.o
PININT0_IRQHandler                                ./Firmware/cr_startup_lpc84x.o
PININT1_IRQHandler                                ./Firmware/cr_startup_lpc84x.o
PININT2_IRQHandler                                ./Firmware/cr_startup_lpc84x.o
PININT3_IRQHandler                                ./Firmware/cr_startup_lpc84x.o
PININT4_IRQHandler                                ./Firmware/cr_startup_lpc84x.o
PININT5_IRQHandler                                ./Firmware/cr_startup_lpc84x.o
PININT6_IRQHandler                                ./Firmware/cr_startup_lpc84x.o
PININT7_IRQHandler                                ./Firmware/cr_startup_lpc84x.o
PendSV_Handler                                    ./Firmware/cr_startup_lpc84x.o
ResetISR                                          ./Firmware/cr_startup_lpc84x.o
SCT_IRQHandler                                    ./Firmware/cr_startup_lpc84x.o
SPI0_IRQHandler                                   ./Firmware/cr_startup_lpc84x.o
SPI1_IRQHandler                                   ./Firmware/cr_startup_lpc84x.o
SVC_Handler                                       ./Firmware/cr_startup_lpc84x.o
SysTick_Handler                                   ./Firmware/cr_startup_lpc84x.o
UART0_IRQHandler                                  ./Firmware/cr_startup_lpc84x.o
UART1_IRQHandler                                  ./Firmware/cr_startup_lpc84x.o
UART2_IRQHandler                                  ./Firmware/cr_startup_lpc84x.o
WDT_IRQHandler                                    ./Firmware/cr_startup_lpc84x.o
WKT_IRQHandler                                    ./Firmware/cr_startup_lpc84x.o
__aeabi_atexit                                    ./Firmware/cr_cpp_config.o
__bss_section_table_end                           ./Firmware/cr_startup_lpc84x.o
__check_heap_overflow                             /usr/local/mcuxpressoide-11.5.1_7266/ide/plugins/com.nxp.mcuxpresso.tools.linux_11.5.1.202201181444/tools/bin/../lib/gcc/arm-none-eabi/10.3.1/../../../../arm-none-eabi/lib/thumb/v6-m/nofp/libcr_newlib_nohost.a(_cr_check_heap.o)
                                                  /usr/local/mcuxpressoide-11.5.1_7266/ide/plugins/com.nxp.mcuxpresso.tools.linux_11.5.1.202201181444/tools/bin/../lib/gcc/arm-none-eabi/10.3.1/../../../../arm-none-eabi/lib/thumb/v6-m/nofp/libcr_newlib_nohost.a(_cr_sbrk.o)
__data_section_table                              ./Firmware/cr_startup_lpc84x.o
__data_section_table_end                          ./Firmware/cr_startup_lpc84x.o
__deregister_frame_info                           /usr/local/mcuxpressoide-11.5.1_7266/ide/plugins/com.nxp.mcuxpresso.tools.linux_11.5.1.202201181444/tools/bin/../lib/gcc/arm-none-eabi/10.3.1/thumb/v6-m/nofp/crtbegin.o
__dso_handle                                      /usr/local/mcuxpressoide-11.5.1_7266/ide/plugins/com.nxp.mcuxpresso.tools.linux_11.5.1.202201181444/tools/bin/../lib/gcc/arm-none-eabi/10.3.1/thumb/v6-m/nofp/crtbegin.o
__end_of_heap                                     /usr/local/mcuxpressoide-11.5.1_7266/ide/plugins/com.nxp.mcuxpresso.tools.linux_11.5.1.202201181444/tools/bin/../lib/gcc/arm-none-eabi/10.3.1/../../../../arm-none-eabi/lib/thumb/v6-m/nofp/libcr_newlib_nohost.a(_cr_sbrk.o)
__errno                                           /usr/local/mcuxpressoide-11.5.1_7266/ide/plugins/com.nxp.mcuxpresso.tools.linux_11.5.1.202201181444/tools/bin/../lib/gcc/arm-none-eabi/10.3.1/../../../../arm-none-eabi/lib/thumb/v6-m/nofp/libc.a(lib_a-errno.o)
                                                  /usr/local/mcuxpressoide-11.5.1_7266/ide/plugins/com.nxp.mcuxpresso.tools.linux_11.5.1.202201181444/tools/bin/../lib/gcc/arm-none-eabi/10.3.1/../../../../arm-none-eabi/lib/thumb/v6-m/nofp/libcr_newlib_nohost.a(_cr_sbrk.o)
__gnu_cxx::__verbose_terminate_handler()          ./Firmware/cr_cpp_config.o
__init_array_end                                  /usr/local/mcuxpressoide-11.5.1_7266/ide/plugins/com.nxp.mcuxpresso.tools.linux_11.5.1.202201181444/tools/bin/../lib/gcc/arm-none-eabi/10.3.1/../../../../arm-none-eabi/lib/thumb/v6-m/nofp/libc.a(lib_a-init.o)
__init_array_start                                /usr/local/mcuxpressoide-11.5.1_7266/ide/plugins/com.nxp.mcuxpresso.tools.linux_11.5.1.202201181444/tools/bin/../lib/gcc/arm-none-eabi/10.3.1/../../../../arm-none-eabi/lib/thumb/v6-m/nofp/libc.a(lib_a-init.o)
__libc_init_array                                 /usr/local/mcuxpressoide-11.5.1_7266/ide/plugins/com.nxp.mcuxpresso.tools.linux_11.5.1.202201181444/tools/bin/../lib/gcc/arm-none-eabi/10.3.1/../../../../arm-none-eabi/lib/thumb/v6-m/nofp/libc.a(lib_a-init.o)
                                                  ./Firmware/cr_startup_lpc84x.o
__lock___arc4random_mutex                         /usr/local/mcuxpressoide-11.5.1_7266/ide/plugins/com.nxp.mcuxpresso.tools.linux_11.5.1.202201181444/tools/bin/../lib/gcc/arm-none-eabi/10.3.1/../../../../arm-none-eabi/lib/thumb/v6-m/nofp/libc.a(lib_a-lock.o)
__lock___at_quick_exit_mutex                      /usr/local/mcuxpressoide-11.5.1_7266/ide/plugins/com.nxp.mcuxpresso.tools.linux_11.5.1.202201181444/tools/bin/../lib/gcc/arm-none-eabi/10.3.1/../../../../arm-none-eabi/lib/thumb/v6-m/nofp/libc.a(lib_a-lock.o)
__lock___atexit_recursive_mutex                   /usr/local/mcuxpressoide-11.5.1_7266/ide/plugins/com.nxp.mcuxpresso.tools.linux_11.5.1.202201181444/tools/bin/../lib/gcc/arm-none-eabi/10.3.1/../../../../arm-none-eabi/lib/thumb/v6-m/nofp/libc.a(lib_a-lock.o)
__lock___dd_hash_mutex                            /usr/local/mcuxpressoide-11.5.1_7266/ide/plugins/com.nxp.mcuxpresso.tools.linux_11.5.1.202201181444/tools/bin/../lib/gcc/arm-none-eabi/10.3.1/../../../../arm-none-eabi/lib/thumb/v6-m/nofp/libc.a(lib_a-lock.o)
__lock___env_recursive_mutex                      /usr/local/mcuxpressoide-11.5.1_7266/ide/plugins/com.nxp.mcuxpresso.tools.linux_11.5.1.202201181444/tools/bin/../lib/gcc/arm-none-eabi/10.3.1/../../../../arm-none-eabi/lib/thumb/v6-m/nofp/libc.a(lib_a-lock.o)
__lock___malloc_recursive_mutex                   /usr/local/mcuxpressoide-11.5.1_7266/ide/plugins/com.nxp.mcuxpresso.tools.linux_11.5.1.202201181444/tools/bin/../lib/gcc/arm-none-eabi/10.3.1/../../../../arm-none-eabi/lib/thumb/v6-m/nofp/libc.a(lib_a-lock.o)
                                                  /usr/local/mcuxpressoide-11.5.1_7266/ide/plugins/com.nxp.mcuxpresso.tools.linux_11.5.1.202201181444/tools/bin/../lib/gcc/arm-none-eabi/10.3.1/../../../../arm-none-eabi/lib/thumb/v6-m/nofp/libc.a(lib_a-mlock.o)
__lock___sfp_recursive_mutex                      /usr/local/mcuxpressoide-11.5.1_7266/ide/plugins/com.nxp.mcuxpresso.tools.linux_11.5.1.202201181444/tools/bin/../lib/gcc/arm-none-eabi/10.3.1/../../../../arm-none-eabi/lib/thumb/v6-m/nofp/libc.a(lib_a-lock.o)
__lock___sinit_recursive_mutex                    /usr/local/mcuxpressoide-11.5.1_7266/ide/plugins/com.nxp.mcuxpresso.tools.linux_11.5.1.202201181444/tools/bin/../lib/gcc/arm-none-eabi/10.3.1/../../../../arm-none-eabi/lib/thumb/v6-m/nofp/libc.a(lib_a-lock.o)
__lock___tz_mutex                                 /usr/local/mcuxpressoide-11.5.1_7266/ide/plugins/com.nxp.mcuxpresso.tools.linux_11.5.1.202201181444/tools/bin/../lib/gcc/arm-none-eabi/10.3.1/../../../../arm-none-eabi/lib/thumb/v6-m/nofp/libc.a(lib_a-lock.o)
__malloc_av_                                      /usr/local/mcuxpressoide-11.5.1_7266/ide/plugins/com.nxp.mcuxpresso.tools.linux_11.5.1.202201181444/tools/bin/../lib/gcc/arm-none-eabi/10.3.1/../../../../arm-none-eabi/lib/thumb/v6-m/nofp/libc.a(lib_a-mallocr.o)
                                                  /usr/local/mcuxpressoide-11.5.1_7266/ide/plugins/com.nxp.mcuxpresso.tools.linux_11.5.1.202201181444/tools/bin/../lib/gcc/arm-none-eabi/10.3.1/../../../../arm-none-eabi/lib/thumb/v6-m/nofp/libc.a(lib_a-freer.o)
__malloc_current_mallinfo                         /usr/local/mcuxpressoide-11.5.1_7266/ide/plugins/com.nxp.mcuxpresso.tools.linux_11.5.1.202201181444/tools/bin/../lib/gcc/arm-none-eabi/10.3.1/../../../../arm-none-eabi/lib/thumb/v6-m/nofp/libc.a(lib_a-mallocr.o)
                                                  /usr/local/mcuxpressoide-11.5.1_7266/ide/plugins/com.nxp.mcuxpresso.tools.linux_11.5.1.202201181444/tools/bin/../lib/gcc/arm-none-eabi/10.3.1/../../../../arm-none-eabi/lib/thumb/v6-m/nofp/libc.a(lib_a-freer.o)
__malloc_lock                                     /usr/local/mcuxpressoide-11.5.1_7266/ide/plugins/com.nxp.mcuxpresso.tools.linux_11.5.1.202201181444/tools/bin/../lib/gcc/arm-none-eabi/10.3.1/../../../../arm-none-eabi/lib/thumb/v6-m/nofp/libc.a(lib_a-mlock.o)
                                                  /usr/local/mcuxpressoide-11.5.1_7266/ide/plugins/com.nxp.mcuxpresso.tools.linux_11.5.1.202201181444/tools/bin/../lib/gcc/arm-none-eabi/10.3.1/../../../../arm-none-eabi/lib/thumb/v6-m/nofp/libc.a(lib_a-freer.o)
                                                  /usr/local/mcuxpressoide-11.5.1_7266/ide/plugins/com.nxp.mcuxpresso.tools.linux_11.5.1.202201181444/tools/bin/../lib/gcc/arm-none-eabi/10.3.1/../../../../arm-none-eabi/lib/thumb/v6-m/nofp/libc.a(lib_a-mallocr.o)
__malloc_max_sbrked_mem                           /usr/local/mcuxpressoide-11.5.1_7266/ide/plugins/com.nxp.mcuxpresso.tools.linux_11.5.1.202201181444/tools/bin/../lib/gcc/arm-none-eabi/10.3.1/../../../../arm-none-eabi/lib/thumb/v6-m/nofp/libc.a(lib_a-mallocr.o)
__malloc_max_total_mem                            /usr/local/mcuxpressoide-11.5.1_7266/ide/plugins/com.nxp.mcuxpresso.tools.linux_11.5.1.202201181444/tools/bin/../lib/gcc/arm-none-eabi/10.3.1/../../../../arm-none-eabi/lib/thumb/v6-m/nofp/libc.a(lib_a-mallocr.o)
__malloc_sbrk_base                                /usr/local/mcuxpressoide-11.5.1_7266/ide/plugins/com.nxp.mcuxpresso.tools.linux_11.5.1.202201181444/tools/bin/../lib/gcc/arm-none-eabi/10.3.1/../../../../arm-none-eabi/lib/thumb/v6-m/nofp/libc.a(lib_a-mallocr.o)
                                                  /usr/local/mcuxpressoide-11.5.1_7266/ide/plugins/com.nxp.mcuxpresso.tools.linux_11.5.1.202201181444/tools/bin/../lib/gcc/arm-none-eabi/10.3.1/../../../../arm-none-eabi/lib/thumb/v6-m/nofp/libc.a(lib_a-freer.o)
__malloc_top_pad                                  /usr/local/mcuxpressoide-11.5.1_7266/ide/plugins/com.nxp.mcuxpresso.tools.linux_11.5.1.202201181444/tools/bin/../lib/gcc/arm-none-eabi/10.3.1/../../../../arm-none-eabi/lib/thumb/v6-m/nofp/libc.a(lib_a-mallocr.o)
                                                  /usr/local/mcuxpressoide-11.5.1_7266/ide/plugins/com.nxp.mcuxpresso.tools.linux_11.5.1.202201181444/tools/bin/../lib/gcc/arm-none-eabi/10.3.1/../../../../arm-none-eabi/lib/thumb/v6-m/nofp/libc.a(lib_a-freer.o)
__malloc_trim_threshold                           /usr/local/mcuxpressoide-11.5.1_7266/ide/plugins/com.nxp.mcuxpresso.tools.linux_11.5.1.202201181444/tools/bin/../lib/gcc/arm-none-eabi/10.3.1/../../../../arm-none-eabi/lib/thumb/v6-m/nofp/libc.a(lib_a-mallocr.o)
                                                  /usr/local/mcuxpressoide-11.5.1_7266/ide/plugins/com.nxp.mcuxpresso.tools.linux_11.5.1.202201181444/tools/bin/../lib/gcc/arm-none-eabi/10.3.1/../../../../arm-none-eabi/lib/thumb/v6-m/nofp/libc.a(lib_a-freer.o)
__malloc_unlock                                   /usr/local/mcuxpressoide-11.5.1_7266/ide/plugins/com.nxp.mcuxpresso.tools.linux_11.5.1.202201181444/tools/bin/../lib/gcc/arm-none-eabi/10.3.1/../../../../arm-none-eabi/lib/thumb/v6-m/nofp/libc.a(lib_a-mlock.o)
                                                  /usr/local/mcuxpressoide-11.5.1_7266/ide/plugins/com.nxp.mcuxpresso.tools.linux_11.5.1.202201181444/tools/bin/../lib/gcc/arm-none-eabi/10.3.1/../../../../arm-none-eabi/lib/thumb/v6-m/nofp/libc.a(lib_a-freer.o)
                                                  /usr/local/mcuxpressoide-11.5.1_7266/ide/plugins/com.nxp.mcuxpresso.tools.linux_11.5.1.202201181444/tools/bin/../lib/gcc/arm-none-eabi/10.3.1/../../../../arm-none-eabi/lib/thumb/v6-m/nofp/libc.a(lib_a-mallocr.o)
__preinit_array_end                               /usr/local/mcuxpressoide-11.5.1_7266/ide/plugins/com.nxp.mcuxpresso.tools.linux_11.5.1.202201181444/tools/bin/../lib/gcc/arm-none-eabi/10.3.1/../../../../arm-none-eabi/lib/thumb/v6-m/nofp/libc.a(lib_a-init.o)
__preinit_array_start                             /usr/local/mcuxpressoide-11.5.1_7266/ide/plugins/com.nxp.mcuxpresso.tools.linux_11.5.1.202201181444/tools/bin/../lib/gcc/arm-none-eabi/10.3.1/../../../../arm-none-eabi/lib/thumb/v6-m/nofp/libc.a(lib_a-init.o)
__register_frame_info                             /usr/local/mcuxpressoide-11.5.1_7266/ide/plugins/com.nxp.mcuxpresso.tools.linux_11.5.1.202201181444/tools/bin/../lib/gcc/arm-none-eabi/10.3.1/thumb/v6-m/nofp/crtbegin.o
__retarget_lock_acquire                           /usr/local/mcuxpressoide-11.5.1_7266/ide/plugins/com.nxp.mcuxpresso.tools.linux_11.5.1.202201181444/tools/bin/../lib/gcc/arm-none-eabi/10.3.1/../../../../arm-none-eabi/lib/thumb/v6-m/nofp/libc.a(lib_a-lock.o)
__retarget_lock_acquire_recursive                 /usr/local/mcuxpressoide-11.5.1_7266/ide/plugins/com.nxp.mcuxpresso.tools.linux_11.5.1.202201181444/tools/bin/../lib/gcc/arm-none-eabi/10.3.1/../../../../arm-none-eabi/lib/thumb/v6-m/nofp/libc.a(lib_a-lock.o)
                                                  /usr/local/mcuxpressoide-11.5.1_7266/ide/plugins/com.nxp.mcuxpresso.tools.linux_11.5.1.202201181444/tools/bin/../lib/gcc/arm-none-eabi/10.3.1/../../../../arm-none-eabi/lib/thumb/v6-m/nofp/libc.a(lib_a-mlock.o)
__retarget_lock_close                             /usr/local/mcuxpressoide-11.5.1_7266/ide/plugins/com.nxp.mcuxpresso.tools.linux_11.5.1.202201181444/tools/bin/../lib/gcc/arm-none-eabi/10.3.1/../../../../arm-none-eabi/lib/thumb/v6-m/nofp/libc.a(lib_a-lock.o)
__retarget_lock_close_recursive                   /usr/local/mcuxpressoide-11.5.1_7266/ide/plugins/com.nxp.mcuxpresso.tools.linux_11.5.1.202201181444/tools/bin/../lib/gcc/arm-none-eabi/10.3.1/../../../../arm-none-eabi/lib/thumb/v6-m/nofp/libc.a(lib_a-lock.o)
__retarget_lock_init                              /usr/local/mcuxpressoide-11.5.1_7266/ide/plugins/com.nxp.mcuxpresso.tools.linux_11.5.1.202201181444/tools/bin/../lib/gcc/arm-none-eabi/10.3.1/../../../../arm-none-eabi/lib/thumb/v6-m/nofp/libc.a(lib_a-lock.o)
__retarget_lock_init_recursive                    /usr/local/mcuxpressoide-11.5.1_7266/ide/plugins/com.nxp.mcuxpresso.tools.linux_11.5.1.202201181444/tools/bin/../lib/gcc/arm-none-eabi/10.3.1/../../../../arm-none-eabi/lib/thumb/v6-m/nofp/libc.a(lib_a-lock.o)
__retarget_lock_release                           /usr/local/mcuxpressoide-11.5.1_7266/ide/plugins/com.nxp.mcuxpresso.tools.linux_11.5.1.202201181444/tools/bin/../lib/gcc/arm-none-eabi/10.3.1/../../../../arm-none-eabi/lib/thumb/v6-m/nofp/libc.a(lib_a-lock.o)
__retarget_lock_release_recursive                 /usr/local/mcuxpressoide-11.5.1_7266/ide/plugins/com.nxp.mcuxpresso.tools.linux_11.5.1.202201181444/tools/bin/../lib/gcc/arm-none-eabi/10.3.1/../../../../arm-none-eabi/lib/thumb/v6-m/nofp/libc.a(lib_a-lock.o)
                                                  /usr/local/mcuxpressoide-11.5.1_7266/ide/plugins/com.nxp.mcuxpresso.tools.linux_11.5.1.202201181444/tools/bin/../lib/gcc/arm-none-eabi/10.3.1/../../../../arm-none-eabi/lib/thumb/v6-m/nofp/libc.a(lib_a-mlock.o)
__retarget_lock_try_acquire                       /usr/local/mcuxpressoide-11.5.1_7266/ide/plugins/com.nxp.mcuxpresso.tools.linux_11.5.1.202201181444/tools/bin/../lib/gcc/arm-none-eabi/10.3.1/../../../../arm-none-eabi/lib/thumb/v6-m/nofp/libc.a(lib_a-lock.o)
__retarget_lock_try_acquire_recursive             /usr/local/mcuxpressoide-11.5.1_7266/ide/plugins/com.nxp.mcuxpresso.tools.linux_11.5.1.202201181444/tools/bin/../lib/gcc/arm-none-eabi/10.3.1/../../../../arm-none-eabi/lib/thumb/v6-m/nofp/libc.a(lib_a-lock.o)
__valid_user_code_checksum                        ./Firmware/cr_startup_lpc84x.o
_fini                                             /usr/local/mcuxpressoide-11.5.1_7266/ide/plugins/com.nxp.mcuxpresso.tools.linux_11.5.1.202201181444/tools/bin/../lib/gcc/arm-none-eabi/10.3.1/thumb/v6-m/nofp/crti.o
_free_r                                           /usr/local/mcuxpressoide-11.5.1_7266/ide/plugins/com.nxp.mcuxpresso.tools.linux_11.5.1.202201181444/tools/bin/../lib/gcc/arm-none-eabi/10.3.1/../../../../arm-none-eabi/lib/thumb/v6-m/nofp/libc.a(lib_a-freer.o)
                                                  /usr/local/mcuxpressoide-11.5.1_7266/ide/plugins/com.nxp.mcuxpresso.tools.linux_11.5.1.202201181444/tools/bin/../lib/gcc/arm-none-eabi/10.3.1/../../../../arm-none-eabi/lib/thumb/v6-m/nofp/libc.a(lib_a-reent.o)
                                                  /usr/local/mcuxpressoide-11.5.1_7266/ide/plugins/com.nxp.mcuxpresso.tools.linux_11.5.1.202201181444/tools/bin/../lib/gcc/arm-none-eabi/10.3.1/../../../../arm-none-eabi/lib/thumb/v6-m/nofp/libc.a(lib_a-mallocr.o)
                                                  /usr/local/mcuxpressoide-11.5.1_7266/ide/plugins/com.nxp.mcuxpresso.tools.linux_11.5.1.202201181444/tools/bin/../lib/gcc/arm-none-eabi/10.3.1/../../../../arm-none-eabi/lib/thumb/v6-m/nofp/libc.a(lib_a-malloc.o)
_global_impure_ptr                                /usr/local/mcuxpressoide-11.5.1_7266/ide/plugins/com.nxp.mcuxpresso.tools.linux_11.5.1.202201181444/tools/bin/../lib/gcc/arm-none-eabi/10.3.1/../../../../arm-none-eabi/lib/thumb/v6-m/nofp/libc.a(lib_a-impure.o)
_impure_ptr                                       /usr/local/mcuxpressoide-11.5.1_7266/ide/plugins/com.nxp.mcuxpresso.tools.linux_11.5.1.202201181444/tools/bin/../lib/gcc/arm-none-eabi/10.3.1/../../../../arm-none-eabi/lib/thumb/v6-m/nofp/libc.a(lib_a-impure.o)
                                                  /usr/local/mcuxpressoide-11.5.1_7266/ide/plugins/com.nxp.mcuxpresso.tools.linux_11.5.1.202201181444/tools/bin/../lib/gcc/arm-none-eabi/10.3.1/../../../../arm-none-eabi/lib/thumb/v6-m/nofp/libc.a(lib_a-errno.o)
                                                  /usr/local/mcuxpressoide-11.5.1_7266/ide/plugins/com.nxp.mcuxpresso.tools.linux_11.5.1.202201181444/tools/bin/../lib/gcc/arm-none-eabi/10.3.1/../../../../arm-none-eabi/lib/thumb/v6-m/nofp/libc.a(lib_a-reent.o)
                                                  /usr/local/mcuxpressoide-11.5.1_7266/ide/plugins/com.nxp.mcuxpresso.tools.linux_11.5.1.202201181444/tools/bin/../lib/gcc/arm-none-eabi/10.3.1/../../../../arm-none-eabi/lib/thumb/v6-m/nofp/libc.a(lib_a-malloc.o)
_init                                             /usr/local/mcuxpressoide-11.5.1_7266/ide/plugins/com.nxp.mcuxpresso.tools.linux_11.5.1.202201181444/tools/bin/../lib/gcc/arm-none-eabi/10.3.1/thumb/v6-m/nofp/crti.o
                                                  /usr/local/mcuxpressoide-11.5.1_7266/ide/plugins/com.nxp.mcuxpresso.tools.linux_11.5.1.202201181444/tools/bin/../lib/gcc/arm-none-eabi/10.3.1/../../../../arm-none-eabi/lib/thumb/v6-m/nofp/libc.a(lib_a-init.o)
_malloc_r                                         /usr/local/mcuxpressoide-11.5.1_7266/ide/plugins/com.nxp.mcuxpresso.tools.linux_11.5.1.202201181444/tools/bin/../lib/gcc/arm-none-eabi/10.3.1/../../../../arm-none-eabi/lib/thumb/v6-m/nofp/libc.a(lib_a-mallocr.o)
                                                  /usr/local/mcuxpressoide-11.5.1_7266/ide/plugins/com.nxp.mcuxpresso.tools.linux_11.5.1.202201181444/tools/bin/../lib/gcc/arm-none-eabi/10.3.1/../../../../arm-none-eabi/lib/thumb/v6-m/nofp/libc.a(lib_a-malloc.o)
_malloc_trim_r                                    /usr/local/mcuxpressoide-11.5.1_7266/ide/plugins/com.nxp.mcuxpresso.tools.linux_11.5.1.202201181444/tools/bin/../lib/gcc/arm-none-eabi/10.3.1/../../../../arm-none-eabi/lib/thumb/v6-m/nofp/libc.a(lib_a-freer.o)
_pvHeapLimit                                      /usr/local/mcuxpressoide-11.5.1_7266/ide/plugins/com.nxp.mcuxpresso.tools.linux_11.5.1.202201181444/tools/bin/../lib/gcc/arm-none-eabi/10.3.1/../../../../arm-none-eabi/lib/thumb/v6-m/nofp/libcr_newlib_nohost.a(_cr_check_heap.o)
_pvHeapStart                                      /usr/local/mcuxpressoide-11.5.1_7266/ide/plugins/com.nxp.mcuxpresso.tools.linux_11.5.1.202201181444/tools/bin/../lib/gcc/arm-none-eabi/10.3.1/../../../../arm-none-eabi/lib/thumb/v6-m/nofp/libcr_newlib_nohost.a(_cr_sbrk.o)
_reclaim_reent                                    /usr/local/mcuxpressoide-11.5.1_7266/ide/plugins/com.nxp.mcuxpresso.tools.linux_11.5.1.202201181444/tools/bin/../lib/gcc/arm-none-eabi/10.3.1/../../../../arm-none-eabi/lib/thumb/v6-m/nofp/libc.a(lib_a-reent.o)
_sbrk                                             /usr/local/mcuxpressoide-11.5.1_7266/ide/plugins/com.nxp.mcuxpresso.tools.linux_11.5.1.202201181444/tools/bin/../lib/gcc/arm-none-eabi/10.3.1/../../../../arm-none-eabi/lib/thumb/v6-m/nofp/libcr_newlib_nohost.a(_cr_sbrk.o)
                                                  /usr/local/mcuxpressoide-11.5.1_7266/ide/plugins/com.nxp.mcuxpresso.tools.linux_11.5.1.202201181444/tools/bin/../lib/gcc/arm-none-eabi/10.3.1/../../../../arm-none-eabi/lib/thumb/v6-m/nofp/libc.a(lib_a-sbrkr.o)
_sbrk_r                                           /usr/local/mcuxpressoide-11.5.1_7266/ide/plugins/com.nxp.mcuxpresso.tools.linux_11.5.1.202201181444/tools/bin/../lib/gcc/arm-none-eabi/10.3.1/../../../../arm-none-eabi/lib/thumb/v6-m/nofp/libc.a(lib_a-sbrkr.o)
                                                  /usr/local/mcuxpressoide-11.5.1_7266/ide/plugins/com.nxp.mcuxpresso.tools.linux_11.5.1.202201181444/tools/bin/../lib/gcc/arm-none-eabi/10.3.1/../../../../arm-none-eabi/lib/thumb/v6-m/nofp/libc.a(lib_a-freer.o)
                                                  /usr/local/mcuxpressoide-11.5.1_7266/ide/plugins/com.nxp.mcuxpresso.tools.linux_11.5.1.202201181444/tools/bin/../lib/gcc/arm-none-eabi/10.3.1/../../../../arm-none-eabi/lib/thumb/v6-m/nofp/libc.a(lib_a-mallocr.o)
_vStackTop                                        ./Firmware/cr_startup_lpc84x.o
bss_init(unsigned int, unsigned int)              ./Firmware/cr_startup_lpc84x.o
cleanup_glue                                      /usr/local/mcuxpressoide-11.5.1_7266/ide/plugins/com.nxp.mcuxpresso.tools.linux_11.5.1.202201181444/tools/bin/../lib/gcc/arm-none-eabi/10.3.1/../../../../arm-none-eabi/lib/thumb/v6-m/nofp/libc.a(lib_a-reent.o)
data_init(unsigned int, unsigned int, unsigned int) ./Firmware/cr_startup_lpc84x.o
errno                                             /usr/local/mcuxpressoide-11.5.1_7266/ide/plugins/com.nxp.mcuxpresso.tools.linux_11.5.1.202201181444/tools/bin/../lib/gcc/arm-none-eabi/10.3.1/../../../../arm-none-eabi/lib/thumb/v6-m/nofp/libc.a(lib_a-reent.o)
                                                  /usr/local/mcuxpressoide-11.5.1_7266/ide/plugins/com.nxp.mcuxpresso.tools.linux_11.5.1.202201181444/tools/bin/../lib/gcc/arm-none-eabi/10.3.1/../../../../arm-none-eabi/lib/thumb/v6-m/nofp/libc.a(lib_a-sbrkr.o)
free                                              /usr/local/mcuxpressoide-11.5.1_7266/ide/plugins/com.nxp.mcuxpresso.tools.linux_11.5.1.202201181444/tools/bin/../lib/gcc/arm-none-eabi/10.3.1/../../../../arm-none-eabi/lib/thumb/v6-m/nofp/libc.a(lib_a-malloc.o)
                                                  ./Firmware/cr_cpp_config.o
fro_set_frec                                      ./Firmware/Init.o
g_pfnVectors                                      ./Firmware/cr_startup_lpc84x.o
main                                              ./Aplicacion/PrimerProy.o
                                                  ./Firmware/cr_startup_lpc84x.o
malloc                                            /usr/local/mcuxpressoide-11.5.1_7266/ide/plugins/com.nxp.mcuxpresso.tools.linux_11.5.1.202201181444/tools/bin/../lib/gcc/arm-none-eabi/10.3.1/../../../../arm-none-eabi/lib/thumb/v6-m/nofp/libc.a(lib_a-malloc.o)
                                                  ./Firmware/cr_cpp_config.o
operator delete(void*)                            ./Firmware/cr_cpp_config.o
operator delete[](void*)                          ./Firmware/cr_cpp_config.o
operator new(unsigned int)                        ./Firmware/cr_cpp_config.o
operator new[](unsigned int)                      ./Firmware/cr_cpp_config.o
